******************************************************************************
                  TI ARM Linker PC v5.2.9                      
******************************************************************************
>> Linked Fri Nov 10 14:10:30 2017

OUTPUT FILE NAME:   <http_client_read.out>
ENTRY POINT SYMBOL: "_c_int00"  address: 2000d969


MEMORY CONFIGURATION

         name            origin    length      used     unused   attr    fill
----------------------  --------  ---------  --------  --------  ----  --------
  SRAM_CODE             20004000   00013000  0000aa52  000085ae  RW X
  SRAM_DATA             20017000   00019000  000019bf  00017641  RW X


SEGMENT ALLOCATION MAP

run origin  load origin   length   init length attrs members
----------  ----------- ---------- ----------- ----- -------
20004000    20004000    0000aa58   0000aa58    r-x
  20004000    20004000    00000400   00000400    r-- .intvecs
  20004400    20004400    00009f8a   00009f8a    r-x .text
  2000e38c    2000e38c    00000650   00000650    r-- .const
  2000e9e0    2000e9e0    00000078   00000078    r-- .cinit
20017000    20017000    000011c0   00000000    rw-
  20017000    20017000    00000800   00000000    rw- .sysmem
  20017800    20017800    000007a7   00000000    rw- .bss
  20017fa8    20017fa8    00000218   00000000    rw- .data
2002f800    2002f800    00000800   00000000    rw-
  2002f800    2002f800    00000800   00000000    rw- .stack


SECTION ALLOCATION MAP

 output                                  attributes/
section   page    origin      length       input sections
--------  ----  ----------  ----------   ----------------
.intvecs   0    20004000    00000400     
                  20004000    00000400     startup_ccs.obj (.intvecs)

.init_array 
*          0    20004000    00000000     UNINITIALIZED

.text      0    20004400    00009f8a     
                  20004400    00001240     main.obj (.text)
                  20005640    000010e0     rtsv7M4_T_le_eabi.lib : _printfi.obj (.text)
                  20006720    00000fc4     webclient.a : httpcli.obj (.text)
                  200076e4    000005f0     json.a : jsmn.obj (.text)
                  20007cd4    00000590     simplelink.a : driver.obj (.text:_SlDrvMsgRead)
                  20008264    000003dc     rtsv7M4_T_le_eabi.lib : memory.obj (.text)
                  20008640    000002ea     webclient.a : ssock.obj (.text)
                  2000892a    00000002     driverlib.a : interrupt.obj (.text:IntDefaultHandler)
                  2000892c    00000280     uart_if.obj (.text)
                  20008bac    0000027c     simplelink.a : wlan.obj (.text:sl_WlanConnect)
                  20008e28    0000024c                  : driver.obj (.text:_SlDrvRxHdrRead)
                  20009074    000001f4     rtsv7M4_T_le_eabi.lib : ull_div_t2.obj (.text)
                  20009268    000001e4     simplelink.a : driver.obj (.text:_SlDrvDataReadOp)
                  2000944c    000001d0                  : driver.obj (.text:_SlDrvReleasePoolObj)
                  2000961c    000001b6     rtsv7M4_T_le_eabi.lib : fd_add_t2.obj (.text)
                  200097d2    00000002     --HOLE-- [fill = 0]
                  200097d4    000001b4     simplelink.a : driver.obj (.text:_SlDrvDriverCBInit)
                  20009988    0000019c                  : driver.obj (.text:_SlDrvMsgWrite)
                  20009b24    00000190                  : driver.obj (.text:_SlDrvWaitForPoolObj)
                  20009cb4    0000018c                  : socket.obj (.text:sl_Connect)
                  20009e40    00000178     driverlib.a : prcm.obj (.text:PRCMCC3200MCUInit)
                  20009fb8    00000170     simplelink.a : driver.obj (.text:_SlFindAndSetActiveObj)
                  2000a128    00000150                  : driver.obj (.text:_SlDrvDataWriteOp)
                  2000a278    00000148                  : cc_pal.obj (.text:spi_Open)
                  2000a3c0    00000144                  : driver.obj (.text:_SlDrvMsgReadCmdCtx)
                  2000a504    00000144                  : netapp.obj (.text:sl_NetAppDnsGetHostByName)
                  2000a648    00000136     rtsv7M4_T_le_eabi.lib : fd_div_t2.obj (.text)
                  2000a77e    00000002     --HOLE-- [fill = 0]
                  2000a780    00000134     simplelink.a : socket.obj (.text:sl_Send)
                  2000a8b4    00000130                  : driver.obj (.text:_SlDrvDriverCBDeinit)
                  2000a9e4    00000114     rtsv7M4_T_le_eabi.lib : strtoul.obj (.text)
                  2000aaf8    00000110                           : xdscale.obj (.text)
                  2000ac08    00000104     simplelink.a : netapp.obj (.text:_SlDrvNetAppEventHandler)
                  2000ad0c    000000fc     rtsv7M4_T_le_eabi.lib : fd_mul_t2.obj (.text)
                  2000ae08    000000f0     simplelink.a : device.obj (.text:sl_Stop)
                  2000aef8    000000f0                  : cc_pal.obj (.text:spi_Read)
                  2000afe8    000000f0     driverlib.a : udma.obj (.text:uDMAChannelTransferSet)
                  2000b0d8    000000ec     simplelink.a : device.obj (.text:sl_Start)
                  2000b1c4    000000e8                  : driver.obj (.text:_SlAsyncEventGenericHandler)
                  2000b2ac    000000e8                  : driver.obj (.text:_SlDrvMsgReadSpawnCtx)
                  2000b394    000000e4                  : netapp.obj (.text:sl_NetAppMDNSRegisterUnregisterService)
                  2000b478    000000dc                  : driver.obj (.text:_SlDrvClassifyRxMsg)
                  2000b554    000000cc                  : netapp.obj (.text:_sl_HandleAsync_DnsGetHostByService)
                  2000b620    000000cc                  : device.obj (.text:sl_DevGet)
                  2000b6ec    000000c4                  : driver.obj (.text:_SlRemoveFromList)
                  2000b7b0    000000c0                  : driver.obj (.text:_SlDrvCmdOp)
                  2000b870    000000be     rtsv7M4_T_le_eabi.lib : xdnorm.obj (.text)
                  2000b92e    00000002     --HOLE-- [fill = 0]
                  2000b930    000000b0     simplelink.a : nonos.obj (.text:_SlNonOsSemGet)
                  2000b9e0    000000a8     driverlib.a : interrupt.obj (.text:IntDisable)
                  2000ba88    000000a8                 : interrupt.obj (.text:IntEnable)
                  2000bb30    000000a4     simplelink.a : driver.obj (.text:_SlDriverHandleError)
                  2000bbd4    000000a0     driverlib.a : spi.obj (.text:SPIConfigSetExpClk)
                  2000bc74    000000a0     simplelink.a : socket.obj (.text:sl_Recv)
                  2000bd14    0000009c     rtsv7M4_T_le_eabi.lib : memcpy_t2.obj (.text)
                  2000bdb0    0000009a     simplelink.a : device.obj (.text:_SlDrvDeviceEventHandler)
                  2000be4a    00000002     --HOLE-- [fill = 0]
                  2000be4c    00000098                  : netcfg.obj (.text:sl_NetCfgSet)
                  2000bee4    00000098                  : socket.obj (.text:sl_SetSockOpt)
                  2000bf7c    00000098                  : wlan.obj (.text:sl_WlanSet)
                  2000c014    00000098                  : cc_pal.obj (.text:spi_Write)
                  2000c0ac    00000094     driverlib.a : prcm.obj (.text:PRCMPeripheralClockGet)
                  2000c140    00000090     simplelink.a : netapp.obj (.text:_sl_HandleAsync_DnsGetHostByName)
                  2000c1d0    00000090                  : netapp.obj (.text:_sl_HandleAsync_PingResponse)
                  2000c260    00000090                  : wlan.obj (.text:sl_WlanPolicySet)
                  2000c2f0    0000008c                  : cc_pal.obj (.text:SetupDMAReceive)
                  2000c37c    0000008c                  : cc_pal.obj (.text:SetupDMASend)
                  2000c408    0000008c                  : driver.obj (.text:_SlDrvIsTimeoutExpired)
                  2000c494    0000008c                  : device.obj (.text:_sl_HandleAsync_InitComplete)
                  2000c520    0000008c                  : socket.obj (.text:sl_Socket)
                  2000c5ac    00000088     driverlib.a : pin.obj (.text:PinConfigSet)
                  2000c634    00000088     rtsv7M4_T_le_eabi.lib : vsnprintf.obj (.text)
                  2000c6bc    00000086                           : fd_cmp_t2.obj (.text:__aeabi_cdcmple)
                  2000c742    00000086                           : fd_cmp_t2.obj (.text:__aeabi_cdrcmple)
                  2000c7c8    00000084     simplelink.a : wlan.obj (.text:sl_WlanRxFilterSet)
                  2000c84c    00000080                  : socket.obj (.text:_sl_HandleAsync_Connect)
                  2000c8cc    00000080                  : cc_pal.obj (.text:spi_Read_CPU)
                  2000c94c    00000080                  : cc_pal.obj (.text:spi_Write_CPU)
                  2000c9cc    0000007a     rtsv7M4_T_le_eabi.lib : memset_t2.obj (.text)
                  2000ca46    00000002     --HOLE-- [fill = 0]
                  2000ca48    00000078     simplelink.a : cc_pal.obj (.text:spi_Close)
                  2000cac0    00000076     driverlib.a : uart.obj (.text:UARTConfigSetExpClk)
                  2000cb36    00000002     --HOLE-- [fill = 0]
                  2000cb38    00000074     simplelink.a : nonos.obj (.text:_SlNonOsMainLoopTask)
                  2000cbac    0000006c                  : driver.obj (.text:_SlDrvCmdSend)
                  2000cc18    0000006c                  : netapp.obj (.text:_sl_NetAppSendTokenValue)
                  2000cc84    0000006c     rtsv7M4_T_le_eabi.lib : autoinit.obj (.text)
                  2000ccf0    0000006a                           : copy_decompress_rle.obj (.text)
                  2000cd5a    00000066                           : xdunscal.obj (.text)
                  2000cdc0    00000064     simplelink.a : nonos.obj (.text:_SlNonOsSpawn)
                  2000ce24    00000064                  : socket.obj (.text:_sl_HandleAsync_Accept)
                  2000ce88    00000064                  : netapp.obj (.text:sl_NetAppMDNSUnRegisterService)
                  2000ceec    00000064     driverlib.a : udma.obj (.text:uDMAChannelAttributeDisable)
                  2000cf50    00000064                 : udma.obj (.text:uDMAChannelAttributeEnable)
                  2000cfb4    00000060     simplelink.a : socket.obj (.text:sl_Close)
                  2000d014    00000060                  : wlan.obj (.text:sl_WlanProfileDel)
                  2000d074    00000060                  : wlan.obj (.text:sl_WlanSetMode)
                  2000d0d4    00000058     driverlib.a : interrupt.obj (.text:IntPendClear)
                  2000d12c    00000058                 : prcm.obj (.text:PRCMPeripheralReset)
                  2000d184    00000054                 : interrupt.obj (.text:IntPrioritySet)
                  2000d1d8    00000054     simplelink.a : driver.obj (.text:_SlDrvRxIrqHandler)
                  2000d22c    00000054                  : socket.obj (.text:_sl_HandleAsync_Select)
                  2000d280    00000054     rtsv7M4_T_le_eabi.lib : ltoa.obj (.text)
                  2000d2d4    00000050     simplelink.a : device.obj (.text:_sl_HandleAsync_Stop)
                  2000d324    0000004c     driverlib.a : spi.obj (.text:SPIIntEnable)
                  2000d370    0000004c                 : spi.obj (.text:SPIIntNumberGet)
                  2000d3bc    0000004c     simplelink.a : driver.obj (.text:_SlDrvProtectAsyncRespSetting)
                  2000d408    0000004c                  : socket.obj (.text:_sl_BuildAddress)
                  2000d454    0000004c     rtsv7M4_T_le_eabi.lib : atoi.obj (.text)
                  2000d4a0    0000004c                           : cpy_tbl.obj (.text)
                  2000d4ec    0000004c     driverlib.a : udma.obj (.text:uDMAChannelAssign)
                  2000d538    00000048                 : spi.obj (.text:SPIIntClear)
                  2000d580    00000048     simplelink.a : driver.obj (.text:_SlDrvBasicCmd)
                  2000d5c8    00000048     rtsv7M4_T_le_eabi.lib : fd_toi_t2.obj (.text)
                  2000d610    00000046                           : ldexp.obj (.text)
                  2000d656    00000002     --HOLE-- [fill = 0]
                  2000d658    00000044     driverlib.a : spi.obj (.text:SPIDmaMaskGet)
                  2000d69c    00000044                 : timer.obj (.text:TimerConfigure)
                  2000d6e0    00000044     simplelink.a : driver.obj (.text:_SlDrvSyncObjWaitTimeout)
                  2000d724    00000044                  : cc_pal.obj (.text:cc_SetupTransfer)
                  2000d768    00000044     rtsv7M4_T_le_eabi.lib : exit.obj (.text)
                  2000d7ac    00000042     simplelink.a : socket.obj (.text:sl_Htonl)
                  2000d7ee    00000002     --HOLE-- [fill = 0]
                  2000d7f0    00000040     driverlib.a : pin.obj (.text:PinModeSet)
                  2000d830    00000040     simplelink.a : socket.obj (.text:_sl_TruncatePayloadByProtocol)
                  2000d870    00000040     rtsv7M4_T_le_eabi.lib : signal.obj (.text)
                  2000d8b0    0000003e     simplelink.a : cc_pal.obj (.text:NwpRegisterInterruptHandler)
                  2000d8ee    0000003c                  : netapp.obj (.text:CopyPingResultsToReport)
                  2000d92a    00000002     --HOLE-- [fill = 0]
                  2000d92c    0000003c     driverlib.a : prcm.obj (.text:PRCMPeripheralClkEnable)
                  2000d968    0000003c     rtsv7M4_T_le_eabi.lib : boot.obj (.text)
                  2000d9a4    0000003c     simplelink.a : cc_pal.obj (.text:simplelink_timerA2_start)
                  2000d9e0    0000003c                  : socket.obj (.text:sl_Htons)
                  2000da1c    0000003c     driverlib.a : udma.obj (.text:uDMAChannelControlSet)
                  2000da58    00000038     simplelink.a : cc_pal.obj (.text:NwpPowerOff)
                  2000da90    00000038                  : wlan.obj (.text:sl_WlanDisconnect)
                  2000dac8    00000034     driverlib.a : prcm.obj (.text:PRCMPeripheralStatusGet)
                  2000dafc    00000034                 : spi.obj (.text:SPIFIFOLevelSet)
                  2000db30    00000034     pinmux.obj (.text)
                  2000db64    00000034     rtsv7M4_T_le_eabi.lib : feraiseexcept.obj (.text)
                  2000db98    00000030     driverlib.a : uart.obj (.text:UARTDisable)
                  2000dbc8    00000030     rtsv7M4_T_le_eabi.lib : xferaise.obj (.text)
                  2000dbf8    0000002e                           : i_tofd_t2.obj (.text)
                  2000dc26    0000002e                           : raise.obj (.text)
                  2000dc54    0000002c     simplelink.a : cc_pal.obj (.text:NwpPowerOn)
                  2000dc80    0000002c     driverlib.a : prcm.obj (.text:PRCMSysResetCauseGet)
                  2000dcac    0000002c     simplelink.a : driver.obj (.text:_SlDrvObjGlobalLockWaitForever)
                  2000dcd8    0000002c                  : driver.obj (.text:_SlDrvProtectionObjLockWaitForever)
                  2000dd04    0000002a     driverlib.a : timer.obj (.text:TimerLoadSet)
                  2000dd2e    0000002a                 : timer.obj (.text:TimerPrescaleSet)
                  2000dd58    00000028                 : prcm.obj (.text:PRCMPeripheralClkDisable)
                  2000dd80    00000028     simplelink.a : driver.obj (.text:_SlDrvGlobalObjUnLock)
                  2000dda8    00000028                  : driver.obj (.text:_SlDrvProtectionObjUnLock)
                  2000ddd0    00000028                  : driver.obj (.text:_SlDrvSyncObjWaitForever)
                  2000ddf8    00000026                  : driver.obj (.text:_SlDrvObjLockWaitForever)
                  2000de1e    00000026     rtsv7M4_T_le_eabi.lib : strncmp.obj (.text)
                  2000de44    00000024     simplelink.a : cc_pal.obj (.text:DmaSpiSwIntHandler)
                  2000de68    00000024     driverlib.a : interrupt.obj (.text:IntUnregister)
                  2000de8c    00000024                 : uart.obj (.text:UARTEnable)
                  2000deb0    00000024     rtsv7M4_T_le_eabi.lib : memmov.obj (.text)
                  2000ded4    00000022     driverlib.a : spi.obj (.text:SPIReset)
                  2000def6    00000022                 : spi.obj (.text:SPIWordCountSet)
                  2000df18    00000022     rtsv7M4_T_le_eabi.lib : frexp.obj (.text)
                  2000df3a    00000002     --HOLE-- [fill = 0]
                  2000df3c    00000020     driverlib.a : interrupt.obj (.text:IntRegister)
                  2000df5c    00000020     simplelink.a : cc_pal.obj (.text:NwpPrePowerOffTimout0)
                  2000df7c    00000020                  : cc_pal.obj (.text:TimerGetCurrentTimestamp)
                  2000df9c    00000020                  : driver.obj (.text:_SlDrvObjUnLock)
                  2000dfbc    00000020                  : driver.obj (.text:_SlDrvSyncObjSignal)
                  2000dfdc    0000001e     driverlib.a : timer.obj (.text:TimerEnable)
                  2000dffa    0000001e                 : uart.obj (.text:UARTCharPut)
                  2000e018    0000001e     simplelink.a : cc_pal.obj (.text:cc_UDMAChannelSelect)
                  2000e036    0000001c     driverlib.a : pin.obj (.text:PinTypeI2C)
                  2000e052    0000001c                 : timer.obj (.text:TimerValueGet)
                  2000e06e    0000001c                 : uart.obj (.text:UARTCharGetNonBlocking)
                  2000e08a    0000001c     simplelink.a : driver.obj (.text:_SlDrvStartMeasureTimeout)
                  2000e0a6    0000001c     rtsv7M4_T_le_eabi.lib : memccpy.obj (.text)
                  2000e0c2    00000002     --HOLE-- [fill = 0]
                  2000e0c4    0000001c     driverlib.a : udma.obj (.text:uDMAChannelEnable)
                  2000e0e0    0000001a                 : pin.obj (.text:PinTypeUART)
                  2000e0fa    0000001a                 : spi.obj (.text:SPIDmaDisable)
                  2000e114    0000001a                 : spi.obj (.text:SPIDmaEnable)
                  2000e12e    0000001a                 : spi.obj (.text:SPIFIFODisable)
                  2000e148    0000001a                 : spi.obj (.text:SPIFIFOEnable)
                  2000e162    0000001a                 : spi.obj (.text:SPIIntUnregister)
                  2000e17c    00000018                 : spi.obj (.text:SPICSDisable)
                  2000e194    00000018                 : spi.obj (.text:SPICSEnable)
                  2000e1ac    00000018                 : spi.obj (.text:SPIDisable)
                  2000e1c4    00000018                 : spi.obj (.text:SPIEnable)
                  2000e1dc    00000018                 : uart.obj (.text:UARTCharsAvail)
                  2000e1f4    00000018     simplelink.a : nonos.obj (.text:_SlNonOsSemSet)
                  2000e20c    00000018                  : device.obj (.text:_sl_GetStartResponseConvert)
                  2000e224    00000018     rtsv7M4_T_le_eabi.lib : args_main.obj (.text)
                  2000e23c    00000018                           : strcmp.obj (.text)
                  2000e254    00000016     driverlib.a : prcm.obj (.text:PRCMHIBRegRead)
                  2000e26a    00000016                 : prcm.obj (.text:PRCMHIBRegWrite)
                  2000e280    00000016     simplelink.a : driver.obj (.text:_SlDrvMemZero)
                  2000e296    00000016     rtsv7M4_T_le_eabi.lib : strchr.obj (.text)
                  2000e2ac    00000014     driverlib.a : cpu.obj (.text:CPUcpsie)
                  2000e2c0    00000014                 : interrupt.obj (.text:IntVTableBaseSet)
                  2000e2d4    00000014     rtsv7M4_T_le_eabi.lib : _lock.obj (.text)
                  2000e2e8    00000014                           : strcpy.obj (.text)
                  2000e2fc    00000014                           : strlen.obj (.text)
                  2000e310    00000010     simplelink.a : driver.obj (.text:_SlDrvDispatchHttpServerEvents)
                  2000e320    0000000e                  : driver.obj (.text:_SlDrvResetCmdExt)
                  2000e32e    0000000e     rtsv7M4_T_le_eabi.lib : copy_decompress_none.obj (.text:decompress:none)
                  2000e33c    0000000e     startup_ccs.obj (.text)
                  2000e34a    00000002     --HOLE-- [fill = 0]
                  2000e34c    0000000c     simplelink.a : cc_pal.obj (.text:NwpMaskInterrupt)
                  2000e358    0000000c                  : cc_pal.obj (.text:NwpUnMaskInterrupt)
                  2000e364    0000000c     rtsv7M4_T_le_eabi.lib : copy_zero_init.obj (.text:decompress:ZI)
                  2000e370    0000000a     driverlib.a : interrupt.obj (.text:IntMasterEnable)
                  2000e37a    00000006                 : utils.obj (.text:UtilsDelay)
                  2000e380    00000006     rtsv7M4_T_le_eabi.lib : copy_decompress_rle.obj (.text:decompress:rle24)
                  2000e386    00000004                           : pre_init.obj (.text)

.const     0    2000e38c    00000650     
                  2000e38c    00000101     rtsv7M4_T_le_eabi.lib : ctype.obj (.const:.string:_ctypes_)
                  2000e48d    00000003     --HOLE-- [fill = 0]
                  2000e490    00000100     driverlib.a : pin.obj (.const:g_ulPinToPadMap)
                  2000e590    000000d4                 : interrupt.obj (.const:g_pulRegs)
                  2000e664    000000a8                 : prcm.obj (.const:PRCM_PeriphRegsList)
                  2000e70c    00000080                 : interrupt.obj (.const)
                  2000e78c    00000040     main.obj (.const)
                  2000e7cc    0000003e     main.obj (.const:.string)
                  2000e80a    0000003c     simplelink.a : driver.obj (.const:OpcodeTranslateTable)
                  2000e846    00000002     --HOLE-- [fill = 0]
                  2000e848    00000038                  : driver.obj (.const:_SlActionLookupTable)
                  2000e880    0000002c     main.obj (.const:$P$T1$2)
                  2000e8ac    00000024     driverlib.a : spi.obj (.const:g_ppulSPIIntMap)
                  2000e8d0    00000022     main.obj (.const:.string:$P$T0$1)
                  2000e8f2    00000002     --HOLE-- [fill = 0]
                  2000e8f4    00000020     simplelink.a : driver.obj (.const:RxMsgClassLUT)
                  2000e914    00000018     driverlib.a : spi.obj (.const)
                  2000e92c    00000014     simplelink.a : driver.obj (.const:$P$T0$1)
                  2000e940    00000014                  : nonos.obj (.const:$P$T0$1)
                  2000e954    00000010                  : socket.obj (.const:.string:_SlPayloadByProtocolLUT)
                  2000e964    00000010     webclient.a : httpcli.obj (.const)
                  2000e974    00000008                 : httpcli.obj (.const:.string)
                  2000e97c    00000008     simplelink.a : device.obj (.const:StartResponseLUT)
                  2000e984    00000008                  : driver.obj (.const:g_H2NCnysPattern)
                  2000e98c    00000008                  : driver.obj (.const:g_H2NSyncPattern)
                  2000e994    00000004                  : wlan.obj (.const:$P$T0$1)
                  2000e998    00000004                  : socket.obj (.const:$P$T2$3)
                  2000e99c    00000004                  : device.obj (.const:_SlDeviceGetCmdCtrl)
                  2000e9a0    00000004                  : netapp.obj (.const:_SlGetHostByNameCtrl)
                  2000e9a4    00000004                  : netapp.obj (.const:_SlNetAppSendTokenValueCmdCtrl)
                  2000e9a8    00000004                  : netcfg.obj (.const:_SlNetCfgSetCmdCtrl)
                  2000e9ac    00000004                  : wlan.obj (.const:_SlPolicySetCmdCtrl)
                  2000e9b0    00000004                  : wlan.obj (.const:_SlProfileDelCmdCtrl)
                  2000e9b4    00000004                  : socket.obj (.const:_SlRecvCmdCtrl)
                  2000e9b8    00000004                  : netapp.obj (.const:_SlRegisterServiceCtrl)
                  2000e9bc    00000004                  : wlan.obj (.const:_SlRxFilterSetCmdCtrl)
                  2000e9c0    00000004                  : socket.obj (.const:_SlSendCmdCtrl)
                  2000e9c4    00000004                  : socket.obj (.const:_SlSetSockOptCmdCtrl)
                  2000e9c8    00000004                  : socket.obj (.const:_SlSockCloseCmdCtrl)
                  2000e9cc    00000004                  : socket.obj (.const:_SlSockSocketCmdCtrl)
                  2000e9d0    00000004                  : device.obj (.const:_SlStopCmdCtrl)
                  2000e9d4    00000004                  : wlan.obj (.const:_SlWlanCfgSetCmdCtrl)
                  2000e9d8    00000004                  : wlan.obj (.const:_SlWlanSetModeCmdCtrl)

.cinit     0    2000e9e0    00000078     
                  2000e9e0    00000053     (.cinit..data.load) [load image, compression = rle]
                  2000ea33    00000001     --HOLE-- [fill = 0]
                  2000ea34    0000000c     (__TI_handler_table)
                  2000ea40    00000008     (.cinit..bss.load) [load image, compression = zero_init]
                  2000ea48    00000010     (__TI_cinit_table)

.sysmem    0    20017000    00000800     UNINITIALIZED
                  20017000    00000008     rtsv7M4_T_le_eabi.lib : memory.obj (.sysmem)
                  20017008    000007f8     --HOLE--

.bss       0    20017800    000007a7     UNINITIALIZED
                  20017800    000005b8     main.obj (.bss:g_buff)
                  20017db8    00000168     simplelink.a : driver.obj (.bss:g_StatMem)
                  20017f20    00000050     (.common:g_ucDinDout)
                  20017f70    00000024     main.obj (.bss:g_ucConnectionSSID)
                  20017f94    00000008     (.common:g_ucConnectionBSSID)
                  20017f9c    00000004     (.common:__Errorlog)
                  20017fa0    00000004     (.common:g_ulDestinationIP)
                  20017fa4    00000001     (.common:RxIrqCnt)
                  20017fa5    00000001     (.common:g_bDeviceRestartIsRequired)
                  20017fa6    00000001     (.common:g_cDummy)

.TI.noinit 
*          0    20017800    00000000     UNINITIALIZED

.data      0    20017fa8    00000218     UNINITIALIZED
                  20017fa8    000000b0     rtsv7M4_T_le_eabi.lib : signal.obj (.data:sigtable)
                  20018058    00000080                           : xvalues.obj (.data)
                  200180d8    00000048     webclient.a : httpcli.obj (.data:tlsParams)
                  20018120    0000003c     simplelink.a : nonos.obj (.data:g__SlNonOsCB)
                  2001815c    00000010     webclient.a : httpcli.obj (.data)
                  2001816c    0000000d     simplelink.a : driver.obj (.data)
                  20018179    00000003     --HOLE--
                  2001817c    0000000c     main.obj (.data)
                  20018188    0000000c     rtsv7M4_T_le_eabi.lib : memory.obj (.data)
                  20018194    00000009     simplelink.a : cc_pal.obj (.data)
                  2001819d    00000003     --HOLE--
                  200181a0    00000008     rtsv7M4_T_le_eabi.lib : _lock.obj (.data)
                  200181a8    00000008                           : exit.obj (.data)
                  200181b0    00000008                           : feraiseexcept.obj (.data)
                  200181b8    00000004                           : errno.obj (.data)
                  200181bc    00000004                           : stkdepth_vars.obj (.data)

.TI.persistent 
*          0    20017fa8    00000000     UNINITIALIZED

.stack     0    2002f800    00000800     UNINITIALIZED
                  2002f800    00000800     --HOLE--


LINKER GENERATED COPY TABLES

__TI_cinit_table @ 2000ea48 records: 2, size/record: 8, table size: 16
	.data: load addr=2000e9e0, load size=00000053 bytes, run addr=20017fa8, run size=00000218 bytes, compression=rle
	.bss: load addr=2000ea40, load size=00000008 bytes, run addr=20017800, run size=000007a7 bytes, compression=zero_init


LINKER GENERATED HANDLER TABLE

__TI_handler_table @ 2000ea34 records: 3, size/record: 4, table size: 12
	index: 0, handler: __TI_decompress_rle24
	index: 1, handler: __TI_decompress_none
	index: 2, handler: __TI_zero_init


GLOBAL SYMBOLS: SORTED ALPHABETICALLY BY Name 

address   name                                  
-------   ----                                  
2000d769  C$$EXIT                               
2000e2ad  CPUcpsie                              
2000896d  ClearTerm                             
2000de45  DmaSpiSwIntHandler                    
20008977  Error                                 
200089af  GetCmd                                
2000704b  HTTPCli_connect                       
2000716d  HTTPCli_construct                     
200071b5  HTTPCli_create                        
200071cd  HTTPCli_delete                        
20007203  HTTPCli_destruct                      
2000724b  HTTPCli_disconnect                    
20007481  HTTPCli_getResponseField              
2000744b  HTTPCli_getResponseStatus             
20006f3d  HTTPCli_initSockAddr                  
20007691  HTTPCli_readRawResponseBody           
20007605  HTTPCli_readResponseBody              
200073bb  HTTPCli_sendField                     
200072ed  HTTPCli_sendRequest                   
20007413  HTTPCli_sendRequestBody               
200076d1  HTTPCli_setProxy                      
20007281  HTTPCli_setRequestFields              
200072a7  HTTPCli_setResponseFields             
200072cd  HTTPCli_setSecureParams               
2000892d  InitTerm                              
2000b9e1  IntDisable                            
2000ba89  IntEnable                             
2000e371  IntMasterEnable                       
2000d0d5  IntPendClear                          
2000d185  IntPrioritySet                        
2000df3d  IntRegister                           
2000de69  IntUnregister                         
2000e2c1  IntVTableBaseSet                      
2000894b  Message                               
2000e34d  NwpMaskInterrupt                      
2000da59  NwpPowerOff                           
2000dc55  NwpPowerOn                            
2000df5d  NwpPrePowerOffTimout0                 
2000d8b1  NwpRegisterInterruptHandler           
2000e359  NwpUnMaskInterrupt                    
2000e80a  OpcodeTranslateTable                  
20009e41  PRCMCC3200MCUInit                     
2000e255  PRCMHIBRegRead                        
2000e26b  PRCMHIBRegWrite                       
2000dd59  PRCMPeripheralClkDisable              
2000d92d  PRCMPeripheralClkEnable               
2000c0ad  PRCMPeripheralClockGet                
2000d12d  PRCMPeripheralReset                   
2000dac9  PRCMPeripheralStatusGet               
2000dc81  PRCMSysResetCauseGet                  
20004d8f  ParseJSONData                         
2000c5ad  PinConfigSet                          
2000d7f1  PinModeSet                            
2000db31  PinMuxConfig                          
2000e037  PinTypeI2C                            
2000e0e1  PinTypeUART                           
20008aed  Report                                
2000e33d  ResetISR                              
20017fa4  RxIrqCnt                              
UNDEFED   SHT$$INIT_ARRAY$$Base                 
UNDEFED   SHT$$INIT_ARRAY$$Limit                
2000e17d  SPICSDisable                          
2000e195  SPICSEnable                           
2000bbd5  SPIConfigSetExpClk                    
2000e1ad  SPIDisable                            
2000e0fb  SPIDmaDisable                         
2000e115  SPIDmaEnable                          
2000e1c5  SPIEnable                             
2000e12f  SPIFIFODisable                        
2000e149  SPIFIFOEnable                         
2000dafd  SPIFIFOLevelSet                       
2000d539  SPIIntClear                           
2000d325  SPIIntEnable                          
2000e163  SPIIntUnregister                      
2000ded5  SPIReset                              
2000def7  SPIWordCountSet                       
200045c9  SimpleLinkGeneralEventHandler         
200045a1  SimpleLinkHttpServerCallback          
20004509  SimpleLinkNetAppEventHandler          
200045df  SimpleLinkSockEventHandler            
20004401  SimpleLinkWlanEventHandler            
20008659  Ssock_construct                       
20008699  Ssock_create                          
200086b3  Ssock_delete                          
200086db  Ssock_destruct                        
2000872d  Ssock_getSocket                       
2000873b  Ssock_recv                            
20008795  Ssock_recvall                         
200087d9  Ssock_send                            
200088f3  Ssock_startSecure                     
2000d69d  TimerConfigure                        
2000dfdd  TimerEnable                           
2000df7d  TimerGetCurrentTimestamp              
2000dd05  TimerLoadSet                          
2000dd2f  TimerPrescaleSet                      
2000e053  TimerValueGet                         
20008a55  TrimSpace                             
2000e06f  UARTCharGetNonBlocking                
2000dffb  UARTCharPut                           
2000e1dd  UARTCharsAvail                        
2000cac1  UARTConfigSetExpClk                   
2000db99  UARTDisable                           
2000de8d  UARTEnable                            
2000e37b  UtilsDelay                            
20018058  _Denorm                               
2000b871  _Dnorm                                
2000aaf9  _Dscale                               
2000cd5b  _Dunscale                             
20018068  _Eps                                  
200181b8  _Errno                                
200181b0  _Fenv                                 
2000dbc9  _Feraise                              
20018078  _Hugeval                              
20018088  _Inf                                  
20018098  _Nan                                  
200180b8  _Rteps                                
2000e848  _SlActionLookupTable                  
2000bb31  _SlDriverHandleError                  
2000d581  _SlDrvBasicCmd                        
2000b7b1  _SlDrvCmdOp                           
2000cbad  _SlDrvCmdSend                         
20009269  _SlDrvDataReadOp                      
2000a129  _SlDrvDataWriteOp                     
2000bdb1  _SlDrvDeviceEventHandler              
2000e311  _SlDrvDispatchHttpServerEvents        
2000a8b5  _SlDrvDriverCBDeinit                  
200097d5  _SlDrvDriverCBInit                    
2000dd81  _SlDrvGlobalObjUnLock                 
2000c409  _SlDrvIsTimeoutExpired                
2000e281  _SlDrvMemZero                         
2000b2ad  _SlDrvMsgReadSpawnCtx                 
2000ac09  _SlDrvNetAppEventHandler              
2000ddf9  _SlDrvObjLockWaitForever              
2000df9d  _SlDrvObjUnLock                       
2000d3bd  _SlDrvProtectAsyncRespSetting         
2000dcd9  _SlDrvProtectionObjLockWaitForever    
2000dda9  _SlDrvProtectionObjUnLock             
2000944d  _SlDrvReleasePoolObj                  
2000e321  _SlDrvResetCmdExt                     
2000d1d9  _SlDrvRxIrqHandler                    
2000e08b  _SlDrvStartMeasureTimeout             
2000dfbd  _SlDrvSyncObjSignal                   
2000ddd1  _SlDrvSyncObjWaitForever              
2000d6e1  _SlDrvSyncObjWaitTimeout              
20009b25  _SlDrvWaitForPoolObj                  
2000e9a4  _SlNetAppSendTokenValueCmdCtrl        
2000cb39  _SlNonOsMainLoopTask                  
2000b931  _SlNonOsSemGet                        
2000e1f5  _SlNonOsSemSet                        
2000cdc1  _SlNonOsSpawn                         
200180a8  _Snan                                 
200181b4  _Tls_setup__Fenv                      
200180c8  _Xbig                                 
200180d0  _Zero                                 
20030000  __STACK_END                           
00000800  __STACK_SIZE                          
00000800  __SYSMEM_SIZE                         
2000ea48  __TI_CINIT_Base                       
2000ea58  __TI_CINIT_Limit                      
2000ea34  __TI_Handler_Table_Base               
2000ea40  __TI_Handler_Table_Limit              
2000cc85  __TI_auto_init                        
200181a8  __TI_cleanup_ptr                      
2000e32f  __TI_decompress_none                  
2000e381  __TI_decompress_rle24                 
200181ac  __TI_dtors_ptr                        
20006417  __TI_printfi                          
2000e9e0  __TI_static_base__                    
2000e365  __TI_zero_init                        
2000c6bd  __aeabi_cdcmpeq                       
2000c6bd  __aeabi_cdcmple                       
2000c743  __aeabi_cdrcmple                      
2000d5c9  __aeabi_d2iz                          
20009627  __aeabi_dadd                          
2000a649  __aeabi_ddiv                          
2000ad0d  __aeabi_dmul                          
2000961d  __aeabi_dsub                          
2000dbf9  __aeabi_i2d                           
2000c9cd  __aeabi_memclr                        
2000c9cd  __aeabi_memclr4                       
2000c9cd  __aeabi_memclr8                       
2000bd15  __aeabi_memcpy                        
2000bd15  __aeabi_memcpy4                       
2000bd15  __aeabi_memcpy8                       
2000c9cf  __aeabi_memset                        
2000c9cf  __aeabi_memset4                       
2000c9cf  __aeabi_memset8                       
20009075  __aeabi_uldivmod                      
ffffffff  __binit__                             
ffffffff  __c_args__                            
2002f800  __stack                               
2000e225  _args_main                            
2000d969  _c_int00                              
2000e38c  _ctypes_                              
200181a0  _lock                                 
2000e2e3  _nop                                  
2000e2db  _register_lock                        
2000e2d5  _register_unlock                      
2000ce25  _sl_HandleAsync_Accept                
2000c84d  _sl_HandleAsync_Connect               
2000c141  _sl_HandleAsync_DnsGetHostByName      
2000b555  _sl_HandleAsync_DnsGetHostByService   
2000c495  _sl_HandleAsync_InitComplete          
2000c1d1  _sl_HandleAsync_PingResponse          
2000d22d  _sl_HandleAsync_Select                
2000d2d5  _sl_HandleAsync_Stop                  
2000cc19  _sl_NetAppSendTokenValue              
20017000  _sys_memory                           
2000e387  _system_pre_init                      
200181a4  _unlock                               
2000d76d  abort                                 
2000d455  atoi                                  
ffffffff  binit                                 
20006767  bufferedRecv                          
20018184  bytesReceived                         
2000860d  calloc                                
2000d4a1  copy_in                               
2000d775  exit                                  
2000db65  feraiseexcept                         
2000835b  free                                  
2000df19  frexp                                 
2001816c  g_SlDeviceStatus                      
20018194  g_SpiFd                               
20018120  g__SlNonOsCB                          
20017fa5  g_bDeviceRestartIsRequired            
20017800  g_buff                                
20017fa6  g_cDummy                              
20018170  g_pCB                                 
20018198  g_pHostIntHdl                         
20004000  g_pfnVectors                          
20017f94  g_ucConnectionBSSID                   
20017f70  g_ucConnectionSSID                    
2001819c  g_ucDMAEnabled                        
20017f20  g_ucDinDout                           
20017fa0  g_ulDestinationIP                     
20018180  g_ulGatewayIP                         
2001817c  g_ulStatus                            
20007cb7  jsmn_init                             
200079a5  jsmn_parse                            
2000d611  ldexp                                 
2000d281  ltoa                                  
20005415  main                                  
200181bc  main_func_sp                          
200082f3  malloc                                
20008529  memalign                              
2000e0a7  memccpy                               
2000bd15  memcpy                                
2000deb1  memmove                               
2000c9d5  memset                                
20008265  minit                                 
20018174  pPingCallBackFunc                     
2000dc27  raise                                 
2000841d  realloc                               
2000d871  signal                                
2000d9a5  simplelink_timerA2_start              
2000cfb5  sl_Close                              
20009cb5  sl_Connect                            
2000b621  sl_DevGet                             
2000d7ad  sl_Htonl                              
2000d9e1  sl_Htons                              
2000a505  sl_NetAppDnsGetHostByName             
2000b395  sl_NetAppMDNSRegisterUnregisterService
2000ce89  sl_NetAppMDNSUnRegisterService        
2000be4d  sl_NetCfgSet                          
2000bc75  sl_Recv                               
2000a781  sl_Send                               
2000bee5  sl_SetSockOpt                         
2000c521  sl_Socket                             
2000b0d9  sl_Start                              
2000ae09  sl_Stop                               
20008bad  sl_WlanConnect                        
2000da91  sl_WlanDisconnect                     
2000c261  sl_WlanPolicySet                      
2000d015  sl_WlanProfileDel                     
2000c7c9  sl_WlanRxFilterSet                    
2000bf7d  sl_WlanSet                            
2000d075  sl_WlanSetMode                        
2000ca49  spi_Close                             
2000a279  spi_Open                              
2000aef9  spi_Read                              
2000c015  spi_Write                             
2000e297  strchr                                
2000e23d  strcmp                                
2000e2e9  strcpy                                
2000e2fd  strlen                                
2000de1f  strncmp                               
2000a9e5  strtoul                               
2000d4ed  uDMAChannelAssign                     
2000ceed  uDMAChannelAttributeDisable           
2000cf51  uDMAChannelAttributeEnable            
2000da1d  uDMAChannelControlSet                 
2000e0c5  uDMAChannelEnable                     
2000afe9  uDMAChannelTransferSet                
2000c635  vsnprintf                             


GLOBAL SYMBOLS: SORTED BY Symbol Address 

address   name                                  
-------   ----                                  
00000800  __STACK_SIZE                          
00000800  __SYSMEM_SIZE                         
20004000  g_pfnVectors                          
20004401  SimpleLinkWlanEventHandler            
20004509  SimpleLinkNetAppEventHandler          
200045a1  SimpleLinkHttpServerCallback          
200045c9  SimpleLinkGeneralEventHandler         
200045df  SimpleLinkSockEventHandler            
20004d8f  ParseJSONData                         
20005415  main                                  
20006417  __TI_printfi                          
20006767  bufferedRecv                          
20006f3d  HTTPCli_initSockAddr                  
2000704b  HTTPCli_connect                       
2000716d  HTTPCli_construct                     
200071b5  HTTPCli_create                        
200071cd  HTTPCli_delete                        
20007203  HTTPCli_destruct                      
2000724b  HTTPCli_disconnect                    
20007281  HTTPCli_setRequestFields              
200072a7  HTTPCli_setResponseFields             
200072cd  HTTPCli_setSecureParams               
200072ed  HTTPCli_sendRequest                   
200073bb  HTTPCli_sendField                     
20007413  HTTPCli_sendRequestBody               
2000744b  HTTPCli_getResponseStatus             
20007481  HTTPCli_getResponseField              
20007605  HTTPCli_readResponseBody              
20007691  HTTPCli_readRawResponseBody           
200076d1  HTTPCli_setProxy                      
200079a5  jsmn_parse                            
20007cb7  jsmn_init                             
20008265  minit                                 
200082f3  malloc                                
2000835b  free                                  
2000841d  realloc                               
20008529  memalign                              
2000860d  calloc                                
20008659  Ssock_construct                       
20008699  Ssock_create                          
200086b3  Ssock_delete                          
200086db  Ssock_destruct                        
2000872d  Ssock_getSocket                       
2000873b  Ssock_recv                            
20008795  Ssock_recvall                         
200087d9  Ssock_send                            
200088f3  Ssock_startSecure                     
2000892d  InitTerm                              
2000894b  Message                               
2000896d  ClearTerm                             
20008977  Error                                 
200089af  GetCmd                                
20008a55  TrimSpace                             
20008aed  Report                                
20008bad  sl_WlanConnect                        
20009075  __aeabi_uldivmod                      
20009269  _SlDrvDataReadOp                      
2000944d  _SlDrvReleasePoolObj                  
2000961d  __aeabi_dsub                          
20009627  __aeabi_dadd                          
200097d5  _SlDrvDriverCBInit                    
20009b25  _SlDrvWaitForPoolObj                  
20009cb5  sl_Connect                            
20009e41  PRCMCC3200MCUInit                     
2000a129  _SlDrvDataWriteOp                     
2000a279  spi_Open                              
2000a505  sl_NetAppDnsGetHostByName             
2000a649  __aeabi_ddiv                          
2000a781  sl_Send                               
2000a8b5  _SlDrvDriverCBDeinit                  
2000a9e5  strtoul                               
2000aaf9  _Dscale                               
2000ac09  _SlDrvNetAppEventHandler              
2000ad0d  __aeabi_dmul                          
2000ae09  sl_Stop                               
2000aef9  spi_Read                              
2000afe9  uDMAChannelTransferSet                
2000b0d9  sl_Start                              
2000b2ad  _SlDrvMsgReadSpawnCtx                 
2000b395  sl_NetAppMDNSRegisterUnregisterService
2000b555  _sl_HandleAsync_DnsGetHostByService   
2000b621  sl_DevGet                             
2000b7b1  _SlDrvCmdOp                           
2000b871  _Dnorm                                
2000b931  _SlNonOsSemGet                        
2000b9e1  IntDisable                            
2000ba89  IntEnable                             
2000bb31  _SlDriverHandleError                  
2000bbd5  SPIConfigSetExpClk                    
2000bc75  sl_Recv                               
2000bd15  __aeabi_memcpy                        
2000bd15  __aeabi_memcpy4                       
2000bd15  __aeabi_memcpy8                       
2000bd15  memcpy                                
2000bdb1  _SlDrvDeviceEventHandler              
2000be4d  sl_NetCfgSet                          
2000bee5  sl_SetSockOpt                         
2000bf7d  sl_WlanSet                            
2000c015  spi_Write                             
2000c0ad  PRCMPeripheralClockGet                
2000c141  _sl_HandleAsync_DnsGetHostByName      
2000c1d1  _sl_HandleAsync_PingResponse          
2000c261  sl_WlanPolicySet                      
2000c409  _SlDrvIsTimeoutExpired                
2000c495  _sl_HandleAsync_InitComplete          
2000c521  sl_Socket                             
2000c5ad  PinConfigSet                          
2000c635  vsnprintf                             
2000c6bd  __aeabi_cdcmpeq                       
2000c6bd  __aeabi_cdcmple                       
2000c743  __aeabi_cdrcmple                      
2000c7c9  sl_WlanRxFilterSet                    
2000c84d  _sl_HandleAsync_Connect               
2000c9cd  __aeabi_memclr                        
2000c9cd  __aeabi_memclr4                       
2000c9cd  __aeabi_memclr8                       
2000c9cf  __aeabi_memset                        
2000c9cf  __aeabi_memset4                       
2000c9cf  __aeabi_memset8                       
2000c9d5  memset                                
2000ca49  spi_Close                             
2000cac1  UARTConfigSetExpClk                   
2000cb39  _SlNonOsMainLoopTask                  
2000cbad  _SlDrvCmdSend                         
2000cc19  _sl_NetAppSendTokenValue              
2000cc85  __TI_auto_init                        
2000cd5b  _Dunscale                             
2000cdc1  _SlNonOsSpawn                         
2000ce25  _sl_HandleAsync_Accept                
2000ce89  sl_NetAppMDNSUnRegisterService        
2000ceed  uDMAChannelAttributeDisable           
2000cf51  uDMAChannelAttributeEnable            
2000cfb5  sl_Close                              
2000d015  sl_WlanProfileDel                     
2000d075  sl_WlanSetMode                        
2000d0d5  IntPendClear                          
2000d12d  PRCMPeripheralReset                   
2000d185  IntPrioritySet                        
2000d1d9  _SlDrvRxIrqHandler                    
2000d22d  _sl_HandleAsync_Select                
2000d281  ltoa                                  
2000d2d5  _sl_HandleAsync_Stop                  
2000d325  SPIIntEnable                          
2000d3bd  _SlDrvProtectAsyncRespSetting         
2000d455  atoi                                  
2000d4a1  copy_in                               
2000d4ed  uDMAChannelAssign                     
2000d539  SPIIntClear                           
2000d581  _SlDrvBasicCmd                        
2000d5c9  __aeabi_d2iz                          
2000d611  ldexp                                 
2000d69d  TimerConfigure                        
2000d6e1  _SlDrvSyncObjWaitTimeout              
2000d769  C$$EXIT                               
2000d76d  abort                                 
2000d775  exit                                  
2000d7ad  sl_Htonl                              
2000d7f1  PinModeSet                            
2000d871  signal                                
2000d8b1  NwpRegisterInterruptHandler           
2000d92d  PRCMPeripheralClkEnable               
2000d969  _c_int00                              
2000d9a5  simplelink_timerA2_start              
2000d9e1  sl_Htons                              
2000da1d  uDMAChannelControlSet                 
2000da59  NwpPowerOff                           
2000da91  sl_WlanDisconnect                     
2000dac9  PRCMPeripheralStatusGet               
2000dafd  SPIFIFOLevelSet                       
2000db31  PinMuxConfig                          
2000db65  feraiseexcept                         
2000db99  UARTDisable                           
2000dbc9  _Feraise                              
2000dbf9  __aeabi_i2d                           
2000dc27  raise                                 
2000dc55  NwpPowerOn                            
2000dc81  PRCMSysResetCauseGet                  
2000dcd9  _SlDrvProtectionObjLockWaitForever    
2000dd05  TimerLoadSet                          
2000dd2f  TimerPrescaleSet                      
2000dd59  PRCMPeripheralClkDisable              
2000dd81  _SlDrvGlobalObjUnLock                 
2000dda9  _SlDrvProtectionObjUnLock             
2000ddd1  _SlDrvSyncObjWaitForever              
2000ddf9  _SlDrvObjLockWaitForever              
2000de1f  strncmp                               
2000de45  DmaSpiSwIntHandler                    
2000de69  IntUnregister                         
2000de8d  UARTEnable                            
2000deb1  memmove                               
2000ded5  SPIReset                              
2000def7  SPIWordCountSet                       
2000df19  frexp                                 
2000df3d  IntRegister                           
2000df5d  NwpPrePowerOffTimout0                 
2000df7d  TimerGetCurrentTimestamp              
2000df9d  _SlDrvObjUnLock                       
2000dfbd  _SlDrvSyncObjSignal                   
2000dfdd  TimerEnable                           
2000dffb  UARTCharPut                           
2000e037  PinTypeI2C                            
2000e053  TimerValueGet                         
2000e06f  UARTCharGetNonBlocking                
2000e08b  _SlDrvStartMeasureTimeout             
2000e0a7  memccpy                               
2000e0c5  uDMAChannelEnable                     
2000e0e1  PinTypeUART                           
2000e0fb  SPIDmaDisable                         
2000e115  SPIDmaEnable                          
2000e12f  SPIFIFODisable                        
2000e149  SPIFIFOEnable                         
2000e163  SPIIntUnregister                      
2000e17d  SPICSDisable                          
2000e195  SPICSEnable                           
2000e1ad  SPIDisable                            
2000e1c5  SPIEnable                             
2000e1dd  UARTCharsAvail                        
2000e1f5  _SlNonOsSemSet                        
2000e225  _args_main                            
2000e23d  strcmp                                
2000e255  PRCMHIBRegRead                        
2000e26b  PRCMHIBRegWrite                       
2000e281  _SlDrvMemZero                         
2000e297  strchr                                
2000e2ad  CPUcpsie                              
2000e2c1  IntVTableBaseSet                      
2000e2d5  _register_unlock                      
2000e2db  _register_lock                        
2000e2e3  _nop                                  
2000e2e9  strcpy                                
2000e2fd  strlen                                
2000e311  _SlDrvDispatchHttpServerEvents        
2000e321  _SlDrvResetCmdExt                     
2000e32f  __TI_decompress_none                  
2000e33d  ResetISR                              
2000e34d  NwpMaskInterrupt                      
2000e359  NwpUnMaskInterrupt                    
2000e365  __TI_zero_init                        
2000e371  IntMasterEnable                       
2000e37b  UtilsDelay                            
2000e381  __TI_decompress_rle24                 
2000e387  _system_pre_init                      
2000e38c  _ctypes_                              
2000e80a  OpcodeTranslateTable                  
2000e848  _SlActionLookupTable                  
2000e9a4  _SlNetAppSendTokenValueCmdCtrl        
2000e9e0  __TI_static_base__                    
2000ea34  __TI_Handler_Table_Base               
2000ea40  __TI_Handler_Table_Limit              
2000ea48  __TI_CINIT_Base                       
2000ea58  __TI_CINIT_Limit                      
20017000  _sys_memory                           
20017800  g_buff                                
20017f20  g_ucDinDout                           
20017f70  g_ucConnectionSSID                    
20017f94  g_ucConnectionBSSID                   
20017fa0  g_ulDestinationIP                     
20017fa4  RxIrqCnt                              
20017fa5  g_bDeviceRestartIsRequired            
20017fa6  g_cDummy                              
20018058  _Denorm                               
20018068  _Eps                                  
20018078  _Hugeval                              
20018088  _Inf                                  
20018098  _Nan                                  
200180a8  _Snan                                 
200180b8  _Rteps                                
200180c8  _Xbig                                 
200180d0  _Zero                                 
20018120  g__SlNonOsCB                          
2001816c  g_SlDeviceStatus                      
20018170  g_pCB                                 
20018174  pPingCallBackFunc                     
2001817c  g_ulStatus                            
20018180  g_ulGatewayIP                         
20018184  bytesReceived                         
20018194  g_SpiFd                               
20018198  g_pHostIntHdl                         
2001819c  g_ucDMAEnabled                        
200181a0  _lock                                 
200181a4  _unlock                               
200181a8  __TI_cleanup_ptr                      
200181ac  __TI_dtors_ptr                        
200181b0  _Fenv                                 
200181b4  _Tls_setup__Fenv                      
200181b8  _Errno                                
200181bc  main_func_sp                          
2002f800  __stack                               
20030000  __STACK_END                           
ffffffff  __binit__                             
ffffffff  __c_args__                            
ffffffff  binit                                 
UNDEFED   SHT$$INIT_ARRAY$$Base                 
UNDEFED   SHT$$INIT_ARRAY$$Limit                

[294 symbols]
