******************************************************************************
                  TI ARM Linker PC v5.2.9                      
******************************************************************************
>> Linked Fri Nov 10 16:15:34 2017

OUTPUT FILE NAME:   <http_client_json.out>
ENTRY POINT SYMBOL: "_c_int00"  address: 2000da29


MEMORY CONFIGURATION

         name            origin    length      used     unused   attr    fill
----------------------  --------  ---------  --------  --------  ----  --------
  SRAM_CODE             20004000   00013000  0000ab12  000084ee  RW X
  SRAM_DATA             20017000   00019000  000019bf  00017641  RW X


SEGMENT ALLOCATION MAP

run origin  load origin   length   init length attrs members
----------  ----------- ---------- ----------- ----- -------
20004000    20004000    0000ab18   0000ab18    r-x
  20004000    20004000    00000400   00000400    r-- .intvecs
  20004400    20004400    0000a04a   0000a04a    r-x .text
  2000e44c    2000e44c    00000650   00000650    r-- .const
  2000eaa0    2000eaa0    00000078   00000078    r-- .cinit
20017000    20017000    000011c0   00000000    rw-
  20017000    20017000    00000800   00000000    rw- .sysmem
  20017800    20017800    000007a7   00000000    rw- .bss
  20017fa8    20017fa8    00000218   00000000    rw- .data
2002f800    2002f800    00000800   00000000    rw-
  2002f800    2002f800    00000800   00000000    rw- .stack


SECTION ALLOCATION MAP

 output                                  attributes/
section   page    origin      length       input sections
--------  ----  ----------  ----------   ----------------
.intvecs   0    20004000    00000400     
                  20004000    00000400     startup_ccs.obj (.intvecs)

.init_array 
*          0    20004000    00000000     UNINITIALIZED

.text      0    20004400    0000a04a     
                  20004400    00001300     main.obj (.text)
                  20005700    000010e0     rtsv7M4_T_le_eabi.lib : _printfi.obj (.text)
                  200067e0    00000fc4     webclient.a : httpcli.obj (.text)
                  200077a4    000005f0     json.a : jsmn.obj (.text)
                  20007d94    00000590     simplelink.a : driver.obj (.text:_SlDrvMsgRead)
                  20008324    000003dc     rtsv7M4_T_le_eabi.lib : memory.obj (.text)
                  20008700    000002ea     webclient.a : ssock.obj (.text)
                  200089ea    00000002     driverlib.a : interrupt.obj (.text:IntDefaultHandler)
                  200089ec    00000280     uart_if.obj (.text)
                  20008c6c    0000027c     simplelink.a : wlan.obj (.text:sl_WlanConnect)
                  20008ee8    0000024c                  : driver.obj (.text:_SlDrvRxHdrRead)
                  20009134    000001f4     rtsv7M4_T_le_eabi.lib : ull_div_t2.obj (.text)
                  20009328    000001e4     simplelink.a : driver.obj (.text:_SlDrvDataReadOp)
                  2000950c    000001d0                  : driver.obj (.text:_SlDrvReleasePoolObj)
                  200096dc    000001b6     rtsv7M4_T_le_eabi.lib : fd_add_t2.obj (.text)
                  20009892    00000002     --HOLE-- [fill = 0]
                  20009894    000001b4     simplelink.a : driver.obj (.text:_SlDrvDriverCBInit)
                  20009a48    0000019c                  : driver.obj (.text:_SlDrvMsgWrite)
                  20009be4    00000190                  : driver.obj (.text:_SlDrvWaitForPoolObj)
                  20009d74    0000018c                  : socket.obj (.text:sl_Connect)
                  20009f00    00000178     driverlib.a : prcm.obj (.text:PRCMCC3200MCUInit)
                  2000a078    00000170     simplelink.a : driver.obj (.text:_SlFindAndSetActiveObj)
                  2000a1e8    00000150                  : driver.obj (.text:_SlDrvDataWriteOp)
                  2000a338    00000148                  : cc_pal.obj (.text:spi_Open)
                  2000a480    00000144                  : driver.obj (.text:_SlDrvMsgReadCmdCtx)
                  2000a5c4    00000144                  : netapp.obj (.text:sl_NetAppDnsGetHostByName)
                  2000a708    00000136     rtsv7M4_T_le_eabi.lib : fd_div_t2.obj (.text)
                  2000a83e    00000002     --HOLE-- [fill = 0]
                  2000a840    00000134     simplelink.a : socket.obj (.text:sl_Send)
                  2000a974    00000130                  : driver.obj (.text:_SlDrvDriverCBDeinit)
                  2000aaa4    00000114     rtsv7M4_T_le_eabi.lib : strtoul.obj (.text)
                  2000abb8    00000110                           : xdscale.obj (.text)
                  2000acc8    00000104     simplelink.a : netapp.obj (.text:_SlDrvNetAppEventHandler)
                  2000adcc    000000fc     rtsv7M4_T_le_eabi.lib : fd_mul_t2.obj (.text)
                  2000aec8    000000f0     simplelink.a : device.obj (.text:sl_Stop)
                  2000afb8    000000f0                  : cc_pal.obj (.text:spi_Read)
                  2000b0a8    000000f0     driverlib.a : udma.obj (.text:uDMAChannelTransferSet)
                  2000b198    000000ec     simplelink.a : device.obj (.text:sl_Start)
                  2000b284    000000e8                  : driver.obj (.text:_SlAsyncEventGenericHandler)
                  2000b36c    000000e8                  : driver.obj (.text:_SlDrvMsgReadSpawnCtx)
                  2000b454    000000e4                  : netapp.obj (.text:sl_NetAppMDNSRegisterUnregisterService)
                  2000b538    000000dc                  : driver.obj (.text:_SlDrvClassifyRxMsg)
                  2000b614    000000cc                  : netapp.obj (.text:_sl_HandleAsync_DnsGetHostByService)
                  2000b6e0    000000cc                  : device.obj (.text:sl_DevGet)
                  2000b7ac    000000c4                  : driver.obj (.text:_SlRemoveFromList)
                  2000b870    000000c0                  : driver.obj (.text:_SlDrvCmdOp)
                  2000b930    000000be     rtsv7M4_T_le_eabi.lib : xdnorm.obj (.text)
                  2000b9ee    00000002     --HOLE-- [fill = 0]
                  2000b9f0    000000b0     simplelink.a : nonos.obj (.text:_SlNonOsSemGet)
                  2000baa0    000000a8     driverlib.a : interrupt.obj (.text:IntDisable)
                  2000bb48    000000a8                 : interrupt.obj (.text:IntEnable)
                  2000bbf0    000000a4     simplelink.a : driver.obj (.text:_SlDriverHandleError)
                  2000bc94    000000a0     driverlib.a : spi.obj (.text:SPIConfigSetExpClk)
                  2000bd34    000000a0     simplelink.a : socket.obj (.text:sl_Recv)
                  2000bdd4    0000009c     rtsv7M4_T_le_eabi.lib : memcpy_t2.obj (.text)
                  2000be70    0000009a     simplelink.a : device.obj (.text:_SlDrvDeviceEventHandler)
                  2000bf0a    00000002     --HOLE-- [fill = 0]
                  2000bf0c    00000098                  : netcfg.obj (.text:sl_NetCfgSet)
                  2000bfa4    00000098                  : socket.obj (.text:sl_SetSockOpt)
                  2000c03c    00000098                  : wlan.obj (.text:sl_WlanSet)
                  2000c0d4    00000098                  : cc_pal.obj (.text:spi_Write)
                  2000c16c    00000094     driverlib.a : prcm.obj (.text:PRCMPeripheralClockGet)
                  2000c200    00000090     simplelink.a : netapp.obj (.text:_sl_HandleAsync_DnsGetHostByName)
                  2000c290    00000090                  : netapp.obj (.text:_sl_HandleAsync_PingResponse)
                  2000c320    00000090                  : wlan.obj (.text:sl_WlanPolicySet)
                  2000c3b0    0000008c                  : cc_pal.obj (.text:SetupDMAReceive)
                  2000c43c    0000008c                  : cc_pal.obj (.text:SetupDMASend)
                  2000c4c8    0000008c                  : driver.obj (.text:_SlDrvIsTimeoutExpired)
                  2000c554    0000008c                  : device.obj (.text:_sl_HandleAsync_InitComplete)
                  2000c5e0    0000008c                  : socket.obj (.text:sl_Socket)
                  2000c66c    00000088     driverlib.a : pin.obj (.text:PinConfigSet)
                  2000c6f4    00000088     rtsv7M4_T_le_eabi.lib : vsnprintf.obj (.text)
                  2000c77c    00000086                           : fd_cmp_t2.obj (.text:__aeabi_cdcmple)
                  2000c802    00000086                           : fd_cmp_t2.obj (.text:__aeabi_cdrcmple)
                  2000c888    00000084     simplelink.a : wlan.obj (.text:sl_WlanRxFilterSet)
                  2000c90c    00000080                  : socket.obj (.text:_sl_HandleAsync_Connect)
                  2000c98c    00000080                  : cc_pal.obj (.text:spi_Read_CPU)
                  2000ca0c    00000080                  : cc_pal.obj (.text:spi_Write_CPU)
                  2000ca8c    0000007a     rtsv7M4_T_le_eabi.lib : memset_t2.obj (.text)
                  2000cb06    00000002     --HOLE-- [fill = 0]
                  2000cb08    00000078     simplelink.a : cc_pal.obj (.text:spi_Close)
                  2000cb80    00000076     driverlib.a : uart.obj (.text:UARTConfigSetExpClk)
                  2000cbf6    00000002     --HOLE-- [fill = 0]
                  2000cbf8    00000074     simplelink.a : nonos.obj (.text:_SlNonOsMainLoopTask)
                  2000cc6c    0000006c                  : driver.obj (.text:_SlDrvCmdSend)
                  2000ccd8    0000006c                  : netapp.obj (.text:_sl_NetAppSendTokenValue)
                  2000cd44    0000006c     rtsv7M4_T_le_eabi.lib : autoinit.obj (.text)
                  2000cdb0    0000006a                           : copy_decompress_rle.obj (.text)
                  2000ce1a    00000066                           : xdunscal.obj (.text)
                  2000ce80    00000064     simplelink.a : nonos.obj (.text:_SlNonOsSpawn)
                  2000cee4    00000064                  : socket.obj (.text:_sl_HandleAsync_Accept)
                  2000cf48    00000064                  : netapp.obj (.text:sl_NetAppMDNSUnRegisterService)
                  2000cfac    00000064     driverlib.a : udma.obj (.text:uDMAChannelAttributeDisable)
                  2000d010    00000064                 : udma.obj (.text:uDMAChannelAttributeEnable)
                  2000d074    00000060     simplelink.a : socket.obj (.text:sl_Close)
                  2000d0d4    00000060                  : wlan.obj (.text:sl_WlanProfileDel)
                  2000d134    00000060                  : wlan.obj (.text:sl_WlanSetMode)
                  2000d194    00000058     driverlib.a : interrupt.obj (.text:IntPendClear)
                  2000d1ec    00000058                 : prcm.obj (.text:PRCMPeripheralReset)
                  2000d244    00000054                 : interrupt.obj (.text:IntPrioritySet)
                  2000d298    00000054     simplelink.a : driver.obj (.text:_SlDrvRxIrqHandler)
                  2000d2ec    00000054                  : socket.obj (.text:_sl_HandleAsync_Select)
                  2000d340    00000054     rtsv7M4_T_le_eabi.lib : ltoa.obj (.text)
                  2000d394    00000050     simplelink.a : device.obj (.text:_sl_HandleAsync_Stop)
                  2000d3e4    0000004c     driverlib.a : spi.obj (.text:SPIIntEnable)
                  2000d430    0000004c                 : spi.obj (.text:SPIIntNumberGet)
                  2000d47c    0000004c     simplelink.a : driver.obj (.text:_SlDrvProtectAsyncRespSetting)
                  2000d4c8    0000004c                  : socket.obj (.text:_sl_BuildAddress)
                  2000d514    0000004c     rtsv7M4_T_le_eabi.lib : atoi.obj (.text)
                  2000d560    0000004c                           : cpy_tbl.obj (.text)
                  2000d5ac    0000004c     driverlib.a : udma.obj (.text:uDMAChannelAssign)
                  2000d5f8    00000048                 : spi.obj (.text:SPIIntClear)
                  2000d640    00000048     simplelink.a : driver.obj (.text:_SlDrvBasicCmd)
                  2000d688    00000048     rtsv7M4_T_le_eabi.lib : fd_toi_t2.obj (.text)
                  2000d6d0    00000046                           : ldexp.obj (.text)
                  2000d716    00000002     --HOLE-- [fill = 0]
                  2000d718    00000044     driverlib.a : spi.obj (.text:SPIDmaMaskGet)
                  2000d75c    00000044                 : timer.obj (.text:TimerConfigure)
                  2000d7a0    00000044     simplelink.a : driver.obj (.text:_SlDrvSyncObjWaitTimeout)
                  2000d7e4    00000044                  : cc_pal.obj (.text:cc_SetupTransfer)
                  2000d828    00000044     rtsv7M4_T_le_eabi.lib : exit.obj (.text)
                  2000d86c    00000042     simplelink.a : socket.obj (.text:sl_Htonl)
                  2000d8ae    00000002     --HOLE-- [fill = 0]
                  2000d8b0    00000040     driverlib.a : pin.obj (.text:PinModeSet)
                  2000d8f0    00000040     simplelink.a : socket.obj (.text:_sl_TruncatePayloadByProtocol)
                  2000d930    00000040     rtsv7M4_T_le_eabi.lib : signal.obj (.text)
                  2000d970    0000003e     simplelink.a : cc_pal.obj (.text:NwpRegisterInterruptHandler)
                  2000d9ae    0000003c                  : netapp.obj (.text:CopyPingResultsToReport)
                  2000d9ea    00000002     --HOLE-- [fill = 0]
                  2000d9ec    0000003c     driverlib.a : prcm.obj (.text:PRCMPeripheralClkEnable)
                  2000da28    0000003c     rtsv7M4_T_le_eabi.lib : boot.obj (.text)
                  2000da64    0000003c     simplelink.a : cc_pal.obj (.text:simplelink_timerA2_start)
                  2000daa0    0000003c                  : socket.obj (.text:sl_Htons)
                  2000dadc    0000003c     driverlib.a : udma.obj (.text:uDMAChannelControlSet)
                  2000db18    00000038     simplelink.a : cc_pal.obj (.text:NwpPowerOff)
                  2000db50    00000038                  : wlan.obj (.text:sl_WlanDisconnect)
                  2000db88    00000034     driverlib.a : prcm.obj (.text:PRCMPeripheralStatusGet)
                  2000dbbc    00000034                 : spi.obj (.text:SPIFIFOLevelSet)
                  2000dbf0    00000034     pinmux.obj (.text)
                  2000dc24    00000034     rtsv7M4_T_le_eabi.lib : feraiseexcept.obj (.text)
                  2000dc58    00000030     driverlib.a : uart.obj (.text:UARTDisable)
                  2000dc88    00000030     rtsv7M4_T_le_eabi.lib : xferaise.obj (.text)
                  2000dcb8    0000002e                           : i_tofd_t2.obj (.text)
                  2000dce6    0000002e                           : raise.obj (.text)
                  2000dd14    0000002c     simplelink.a : cc_pal.obj (.text:NwpPowerOn)
                  2000dd40    0000002c     driverlib.a : prcm.obj (.text:PRCMSysResetCauseGet)
                  2000dd6c    0000002c     simplelink.a : driver.obj (.text:_SlDrvObjGlobalLockWaitForever)
                  2000dd98    0000002c                  : driver.obj (.text:_SlDrvProtectionObjLockWaitForever)
                  2000ddc4    0000002a     driverlib.a : timer.obj (.text:TimerLoadSet)
                  2000ddee    0000002a                 : timer.obj (.text:TimerPrescaleSet)
                  2000de18    00000028                 : prcm.obj (.text:PRCMPeripheralClkDisable)
                  2000de40    00000028     simplelink.a : driver.obj (.text:_SlDrvGlobalObjUnLock)
                  2000de68    00000028                  : driver.obj (.text:_SlDrvProtectionObjUnLock)
                  2000de90    00000028                  : driver.obj (.text:_SlDrvSyncObjWaitForever)
                  2000deb8    00000026                  : driver.obj (.text:_SlDrvObjLockWaitForever)
                  2000dede    00000026     rtsv7M4_T_le_eabi.lib : strncmp.obj (.text)
                  2000df04    00000024     simplelink.a : cc_pal.obj (.text:DmaSpiSwIntHandler)
                  2000df28    00000024     driverlib.a : interrupt.obj (.text:IntUnregister)
                  2000df4c    00000024                 : uart.obj (.text:UARTEnable)
                  2000df70    00000024     rtsv7M4_T_le_eabi.lib : memmov.obj (.text)
                  2000df94    00000022     driverlib.a : spi.obj (.text:SPIReset)
                  2000dfb6    00000022                 : spi.obj (.text:SPIWordCountSet)
                  2000dfd8    00000022     rtsv7M4_T_le_eabi.lib : frexp.obj (.text)
                  2000dffa    00000002     --HOLE-- [fill = 0]
                  2000dffc    00000020     driverlib.a : interrupt.obj (.text:IntRegister)
                  2000e01c    00000020     simplelink.a : cc_pal.obj (.text:NwpPrePowerOffTimout0)
                  2000e03c    00000020                  : cc_pal.obj (.text:TimerGetCurrentTimestamp)
                  2000e05c    00000020                  : driver.obj (.text:_SlDrvObjUnLock)
                  2000e07c    00000020                  : driver.obj (.text:_SlDrvSyncObjSignal)
                  2000e09c    0000001e     driverlib.a : timer.obj (.text:TimerEnable)
                  2000e0ba    0000001e                 : uart.obj (.text:UARTCharPut)
                  2000e0d8    0000001e     simplelink.a : cc_pal.obj (.text:cc_UDMAChannelSelect)
                  2000e0f6    0000001c     driverlib.a : pin.obj (.text:PinTypeI2C)
                  2000e112    0000001c                 : timer.obj (.text:TimerValueGet)
                  2000e12e    0000001c                 : uart.obj (.text:UARTCharGetNonBlocking)
                  2000e14a    0000001c     simplelink.a : driver.obj (.text:_SlDrvStartMeasureTimeout)
                  2000e166    0000001c     rtsv7M4_T_le_eabi.lib : memccpy.obj (.text)
                  2000e182    00000002     --HOLE-- [fill = 0]
                  2000e184    0000001c     driverlib.a : udma.obj (.text:uDMAChannelEnable)
                  2000e1a0    0000001a                 : pin.obj (.text:PinTypeUART)
                  2000e1ba    0000001a                 : spi.obj (.text:SPIDmaDisable)
                  2000e1d4    0000001a                 : spi.obj (.text:SPIDmaEnable)
                  2000e1ee    0000001a                 : spi.obj (.text:SPIFIFODisable)
                  2000e208    0000001a                 : spi.obj (.text:SPIFIFOEnable)
                  2000e222    0000001a                 : spi.obj (.text:SPIIntUnregister)
                  2000e23c    00000018                 : spi.obj (.text:SPICSDisable)
                  2000e254    00000018                 : spi.obj (.text:SPICSEnable)
                  2000e26c    00000018                 : spi.obj (.text:SPIDisable)
                  2000e284    00000018                 : spi.obj (.text:SPIEnable)
                  2000e29c    00000018                 : uart.obj (.text:UARTCharsAvail)
                  2000e2b4    00000018     simplelink.a : nonos.obj (.text:_SlNonOsSemSet)
                  2000e2cc    00000018                  : device.obj (.text:_sl_GetStartResponseConvert)
                  2000e2e4    00000018     rtsv7M4_T_le_eabi.lib : args_main.obj (.text)
                  2000e2fc    00000018                           : strcmp.obj (.text)
                  2000e314    00000016     driverlib.a : prcm.obj (.text:PRCMHIBRegRead)
                  2000e32a    00000016                 : prcm.obj (.text:PRCMHIBRegWrite)
                  2000e340    00000016     simplelink.a : driver.obj (.text:_SlDrvMemZero)
                  2000e356    00000016     rtsv7M4_T_le_eabi.lib : strchr.obj (.text)
                  2000e36c    00000014     driverlib.a : cpu.obj (.text:CPUcpsie)
                  2000e380    00000014                 : interrupt.obj (.text:IntVTableBaseSet)
                  2000e394    00000014     rtsv7M4_T_le_eabi.lib : _lock.obj (.text)
                  2000e3a8    00000014                           : strcpy.obj (.text)
                  2000e3bc    00000014                           : strlen.obj (.text)
                  2000e3d0    00000010     simplelink.a : driver.obj (.text:_SlDrvDispatchHttpServerEvents)
                  2000e3e0    0000000e                  : driver.obj (.text:_SlDrvResetCmdExt)
                  2000e3ee    0000000e     rtsv7M4_T_le_eabi.lib : copy_decompress_none.obj (.text:decompress:none)
                  2000e3fc    0000000e     startup_ccs.obj (.text)
                  2000e40a    00000002     --HOLE-- [fill = 0]
                  2000e40c    0000000c     simplelink.a : cc_pal.obj (.text:NwpMaskInterrupt)
                  2000e418    0000000c                  : cc_pal.obj (.text:NwpUnMaskInterrupt)
                  2000e424    0000000c     rtsv7M4_T_le_eabi.lib : copy_zero_init.obj (.text:decompress:ZI)
                  2000e430    0000000a     driverlib.a : interrupt.obj (.text:IntMasterEnable)
                  2000e43a    00000006                 : utils.obj (.text:UtilsDelay)
                  2000e440    00000006     rtsv7M4_T_le_eabi.lib : copy_decompress_rle.obj (.text:decompress:rle24)
                  2000e446    00000004                           : pre_init.obj (.text)

.const     0    2000e44c    00000650     
                  2000e44c    00000101     rtsv7M4_T_le_eabi.lib : ctype.obj (.const:.string:_ctypes_)
                  2000e54d    00000003     --HOLE-- [fill = 0]
                  2000e550    00000100     driverlib.a : pin.obj (.const:g_ulPinToPadMap)
                  2000e650    000000d4                 : interrupt.obj (.const:g_pulRegs)
                  2000e724    000000a8                 : prcm.obj (.const:PRCM_PeriphRegsList)
                  2000e7cc    00000080                 : interrupt.obj (.const)
                  2000e84c    00000040     main.obj (.const)
                  2000e88c    0000003e     main.obj (.const:.string)
                  2000e8ca    0000003c     simplelink.a : driver.obj (.const:OpcodeTranslateTable)
                  2000e906    00000002     --HOLE-- [fill = 0]
                  2000e908    00000038                  : driver.obj (.const:_SlActionLookupTable)
                  2000e940    0000002c     main.obj (.const:$P$T1$2)
                  2000e96c    00000024     driverlib.a : spi.obj (.const:g_ppulSPIIntMap)
                  2000e990    00000022     main.obj (.const:.string:$P$T0$1)
                  2000e9b2    00000002     --HOLE-- [fill = 0]
                  2000e9b4    00000020     simplelink.a : driver.obj (.const:RxMsgClassLUT)
                  2000e9d4    00000018     driverlib.a : spi.obj (.const)
                  2000e9ec    00000014     simplelink.a : driver.obj (.const:$P$T0$1)
                  2000ea00    00000014                  : nonos.obj (.const:$P$T0$1)
                  2000ea14    00000010                  : socket.obj (.const:.string:_SlPayloadByProtocolLUT)
                  2000ea24    00000010     webclient.a : httpcli.obj (.const)
                  2000ea34    00000008                 : httpcli.obj (.const:.string)
                  2000ea3c    00000008     simplelink.a : device.obj (.const:StartResponseLUT)
                  2000ea44    00000008                  : driver.obj (.const:g_H2NCnysPattern)
                  2000ea4c    00000008                  : driver.obj (.const:g_H2NSyncPattern)
                  2000ea54    00000004                  : wlan.obj (.const:$P$T0$1)
                  2000ea58    00000004                  : socket.obj (.const:$P$T2$3)
                  2000ea5c    00000004                  : device.obj (.const:_SlDeviceGetCmdCtrl)
                  2000ea60    00000004                  : netapp.obj (.const:_SlGetHostByNameCtrl)
                  2000ea64    00000004                  : netapp.obj (.const:_SlNetAppSendTokenValueCmdCtrl)
                  2000ea68    00000004                  : netcfg.obj (.const:_SlNetCfgSetCmdCtrl)
                  2000ea6c    00000004                  : wlan.obj (.const:_SlPolicySetCmdCtrl)
                  2000ea70    00000004                  : wlan.obj (.const:_SlProfileDelCmdCtrl)
                  2000ea74    00000004                  : socket.obj (.const:_SlRecvCmdCtrl)
                  2000ea78    00000004                  : netapp.obj (.const:_SlRegisterServiceCtrl)
                  2000ea7c    00000004                  : wlan.obj (.const:_SlRxFilterSetCmdCtrl)
                  2000ea80    00000004                  : socket.obj (.const:_SlSendCmdCtrl)
                  2000ea84    00000004                  : socket.obj (.const:_SlSetSockOptCmdCtrl)
                  2000ea88    00000004                  : socket.obj (.const:_SlSockCloseCmdCtrl)
                  2000ea8c    00000004                  : socket.obj (.const:_SlSockSocketCmdCtrl)
                  2000ea90    00000004                  : device.obj (.const:_SlStopCmdCtrl)
                  2000ea94    00000004                  : wlan.obj (.const:_SlWlanCfgSetCmdCtrl)
                  2000ea98    00000004                  : wlan.obj (.const:_SlWlanSetModeCmdCtrl)

.cinit     0    2000eaa0    00000078     
                  2000eaa0    00000053     (.cinit..data.load) [load image, compression = rle]
                  2000eaf3    00000001     --HOLE-- [fill = 0]
                  2000eaf4    0000000c     (__TI_handler_table)
                  2000eb00    00000008     (.cinit..bss.load) [load image, compression = zero_init]
                  2000eb08    00000010     (__TI_cinit_table)

.sysmem    0    20017000    00000800     UNINITIALIZED
                  20017000    00000008     rtsv7M4_T_le_eabi.lib : memory.obj (.sysmem)
                  20017008    000007f8     --HOLE--

.bss       0    20017800    000007a7     UNINITIALIZED
                  20017800    000005b8     main.obj (.bss:g_buff)
                  20017db8    00000168     simplelink.a : driver.obj (.bss:g_StatMem)
                  20017f20    00000050     (.common:g_ucDinDout)
                  20017f70    00000024     main.obj (.bss:g_ucConnectionSSID)
                  20017f94    00000008     (.common:g_ucConnectionBSSID)
                  20017f9c    00000004     (.common:__Errorlog)
                  20017fa0    00000004     (.common:g_ulDestinationIP)
                  20017fa4    00000001     (.common:RxIrqCnt)
                  20017fa5    00000001     (.common:g_bDeviceRestartIsRequired)
                  20017fa6    00000001     (.common:g_cDummy)

.TI.noinit 
*          0    20017800    00000000     UNINITIALIZED

.data      0    20017fa8    00000218     UNINITIALIZED
                  20017fa8    000000b0     rtsv7M4_T_le_eabi.lib : signal.obj (.data:sigtable)
                  20018058    00000080                           : xvalues.obj (.data)
                  200180d8    00000048     webclient.a : httpcli.obj (.data:tlsParams)
                  20018120    0000003c     simplelink.a : nonos.obj (.data:g__SlNonOsCB)
                  2001815c    00000010     webclient.a : httpcli.obj (.data)
                  2001816c    0000000d     simplelink.a : driver.obj (.data)
                  20018179    00000003     --HOLE--
                  2001817c    0000000c     main.obj (.data)
                  20018188    0000000c     rtsv7M4_T_le_eabi.lib : memory.obj (.data)
                  20018194    00000009     simplelink.a : cc_pal.obj (.data)
                  2001819d    00000003     --HOLE--
                  200181a0    00000008     rtsv7M4_T_le_eabi.lib : _lock.obj (.data)
                  200181a8    00000008                           : exit.obj (.data)
                  200181b0    00000008                           : feraiseexcept.obj (.data)
                  200181b8    00000004                           : errno.obj (.data)
                  200181bc    00000004                           : stkdepth_vars.obj (.data)

.TI.persistent 
*          0    20017fa8    00000000     UNINITIALIZED

.stack     0    2002f800    00000800     UNINITIALIZED
                  2002f800    00000800     --HOLE--


LINKER GENERATED COPY TABLES

__TI_cinit_table @ 2000eb08 records: 2, size/record: 8, table size: 16
	.data: load addr=2000eaa0, load size=00000053 bytes, run addr=20017fa8, run size=00000218 bytes, compression=rle
	.bss: load addr=2000eb00, load size=00000008 bytes, run addr=20017800, run size=000007a7 bytes, compression=zero_init


LINKER GENERATED HANDLER TABLE

__TI_handler_table @ 2000eaf4 records: 3, size/record: 4, table size: 12
	index: 0, handler: __TI_decompress_rle24
	index: 1, handler: __TI_decompress_none
	index: 2, handler: __TI_zero_init


GLOBAL SYMBOLS: SORTED ALPHABETICALLY BY Name 

address   name                                  
-------   ----                                  
2000d829  C$$EXIT                               
2000e36d  CPUcpsie                              
20008a2d  ClearTerm                             
2000df05  DmaSpiSwIntHandler                    
20008a37  Error                                 
20008a6f  GetCmd                                
2000710b  HTTPCli_connect                       
2000722d  HTTPCli_construct                     
20007275  HTTPCli_create                        
2000728d  HTTPCli_delete                        
200072c3  HTTPCli_destruct                      
2000730b  HTTPCli_disconnect                    
20007541  HTTPCli_getResponseField              
2000750b  HTTPCli_getResponseStatus             
20006ffd  HTTPCli_initSockAddr                  
20007751  HTTPCli_readRawResponseBody           
200076c5  HTTPCli_readResponseBody              
2000747b  HTTPCli_sendField                     
200073ad  HTTPCli_sendRequest                   
200074d3  HTTPCli_sendRequestBody               
20007791  HTTPCli_setProxy                      
20007341  HTTPCli_setRequestFields              
20007367  HTTPCli_setResponseFields             
2000738d  HTTPCli_setSecureParams               
200089ed  InitTerm                              
2000baa1  IntDisable                            
2000bb49  IntEnable                             
2000e431  IntMasterEnable                       
2000d195  IntPendClear                          
2000d245  IntPrioritySet                        
2000dffd  IntRegister                           
2000df29  IntUnregister                         
2000e381  IntVTableBaseSet                      
20008a0b  Message                               
2000e40d  NwpMaskInterrupt                      
2000db19  NwpPowerOff                           
2000dd15  NwpPowerOn                            
2000e01d  NwpPrePowerOffTimout0                 
2000d971  NwpRegisterInterruptHandler           
2000e419  NwpUnMaskInterrupt                    
2000e8ca  OpcodeTranslateTable                  
20009f01  PRCMCC3200MCUInit                     
2000e315  PRCMHIBRegRead                        
2000e32b  PRCMHIBRegWrite                       
2000de19  PRCMPeripheralClkDisable              
2000d9ed  PRCMPeripheralClkEnable               
2000c16d  PRCMPeripheralClockGet                
2000d1ed  PRCMPeripheralReset                   
2000db89  PRCMPeripheralStatusGet               
2000dd41  PRCMSysResetCauseGet                  
20004d8f  ParseJSONData                         
2000c66d  PinConfigSet                          
2000d8b1  PinModeSet                            
2000dbf1  PinMuxConfig                          
2000e0f7  PinTypeI2C                            
2000e1a1  PinTypeUART                           
20008bad  Report                                
2000e3fd  ResetISR                              
20017fa4  RxIrqCnt                              
UNDEFED   SHT$$INIT_ARRAY$$Base                 
UNDEFED   SHT$$INIT_ARRAY$$Limit                
2000e23d  SPICSDisable                          
2000e255  SPICSEnable                           
2000bc95  SPIConfigSetExpClk                    
2000e26d  SPIDisable                            
2000e1bb  SPIDmaDisable                         
2000e1d5  SPIDmaEnable                          
2000e285  SPIEnable                             
2000e1ef  SPIFIFODisable                        
2000e209  SPIFIFOEnable                         
2000dbbd  SPIFIFOLevelSet                       
2000d5f9  SPIIntClear                           
2000d3e5  SPIIntEnable                          
2000e223  SPIIntUnregister                      
2000df95  SPIReset                              
2000dfb7  SPIWordCountSet                       
200045c9  SimpleLinkGeneralEventHandler         
200045a1  SimpleLinkHttpServerCallback          
20004509  SimpleLinkNetAppEventHandler          
200045df  SimpleLinkSockEventHandler            
20004401  SimpleLinkWlanEventHandler            
20008719  Ssock_construct                       
20008759  Ssock_create                          
20008773  Ssock_delete                          
2000879b  Ssock_destruct                        
200087ed  Ssock_getSocket                       
200087fb  Ssock_recv                            
20008855  Ssock_recvall                         
20008899  Ssock_send                            
200089b3  Ssock_startSecure                     
2000d75d  TimerConfigure                        
2000e09d  TimerEnable                           
2000e03d  TimerGetCurrentTimestamp              
2000ddc5  TimerLoadSet                          
2000ddef  TimerPrescaleSet                      
2000e113  TimerValueGet                         
20008b15  TrimSpace                             
2000e12f  UARTCharGetNonBlocking                
2000e0bb  UARTCharPut                           
2000e29d  UARTCharsAvail                        
2000cb81  UARTConfigSetExpClk                   
2000dc59  UARTDisable                           
2000df4d  UARTEnable                            
2000e43b  UtilsDelay                            
20018058  _Denorm                               
2000b931  _Dnorm                                
2000abb9  _Dscale                               
2000ce1b  _Dunscale                             
20018068  _Eps                                  
200181b8  _Errno                                
200181b0  _Fenv                                 
2000dc89  _Feraise                              
20018078  _Hugeval                              
20018088  _Inf                                  
20018098  _Nan                                  
200180b8  _Rteps                                
2000e908  _SlActionLookupTable                  
2000bbf1  _SlDriverHandleError                  
2000d641  _SlDrvBasicCmd                        
2000b871  _SlDrvCmdOp                           
2000cc6d  _SlDrvCmdSend                         
20009329  _SlDrvDataReadOp                      
2000a1e9  _SlDrvDataWriteOp                     
2000be71  _SlDrvDeviceEventHandler              
2000e3d1  _SlDrvDispatchHttpServerEvents        
2000a975  _SlDrvDriverCBDeinit                  
20009895  _SlDrvDriverCBInit                    
2000de41  _SlDrvGlobalObjUnLock                 
2000c4c9  _SlDrvIsTimeoutExpired                
2000e341  _SlDrvMemZero                         
2000b36d  _SlDrvMsgReadSpawnCtx                 
2000acc9  _SlDrvNetAppEventHandler              
2000deb9  _SlDrvObjLockWaitForever              
2000e05d  _SlDrvObjUnLock                       
2000d47d  _SlDrvProtectAsyncRespSetting         
2000dd99  _SlDrvProtectionObjLockWaitForever    
2000de69  _SlDrvProtectionObjUnLock             
2000950d  _SlDrvReleasePoolObj                  
2000e3e1  _SlDrvResetCmdExt                     
2000d299  _SlDrvRxIrqHandler                    
2000e14b  _SlDrvStartMeasureTimeout             
2000e07d  _SlDrvSyncObjSignal                   
2000de91  _SlDrvSyncObjWaitForever              
2000d7a1  _SlDrvSyncObjWaitTimeout              
20009be5  _SlDrvWaitForPoolObj                  
2000ea64  _SlNetAppSendTokenValueCmdCtrl        
2000cbf9  _SlNonOsMainLoopTask                  
2000b9f1  _SlNonOsSemGet                        
2000e2b5  _SlNonOsSemSet                        
2000ce81  _SlNonOsSpawn                         
200180a8  _Snan                                 
200181b4  _Tls_setup__Fenv                      
200180c8  _Xbig                                 
200180d0  _Zero                                 
20030000  __STACK_END                           
00000800  __STACK_SIZE                          
00000800  __SYSMEM_SIZE                         
2000eb08  __TI_CINIT_Base                       
2000eb18  __TI_CINIT_Limit                      
2000eaf4  __TI_Handler_Table_Base               
2000eb00  __TI_Handler_Table_Limit              
2000cd45  __TI_auto_init                        
200181a8  __TI_cleanup_ptr                      
2000e3ef  __TI_decompress_none                  
2000e441  __TI_decompress_rle24                 
200181ac  __TI_dtors_ptr                        
200064d7  __TI_printfi                          
2000eaa0  __TI_static_base__                    
2000e425  __TI_zero_init                        
2000c77d  __aeabi_cdcmpeq                       
2000c77d  __aeabi_cdcmple                       
2000c803  __aeabi_cdrcmple                      
2000d689  __aeabi_d2iz                          
200096e7  __aeabi_dadd                          
2000a709  __aeabi_ddiv                          
2000adcd  __aeabi_dmul                          
200096dd  __aeabi_dsub                          
2000dcb9  __aeabi_i2d                           
2000ca8d  __aeabi_memclr                        
2000ca8d  __aeabi_memclr4                       
2000ca8d  __aeabi_memclr8                       
2000bdd5  __aeabi_memcpy                        
2000bdd5  __aeabi_memcpy4                       
2000bdd5  __aeabi_memcpy8                       
2000ca8f  __aeabi_memset                        
2000ca8f  __aeabi_memset4                       
2000ca8f  __aeabi_memset8                       
20009135  __aeabi_uldivmod                      
ffffffff  __binit__                             
ffffffff  __c_args__                            
2002f800  __stack                               
2000e2e5  _args_main                            
2000da29  _c_int00                              
2000e44c  _ctypes_                              
200181a0  _lock                                 
2000e3a3  _nop                                  
2000e39b  _register_lock                        
2000e395  _register_unlock                      
2000cee5  _sl_HandleAsync_Accept                
2000c90d  _sl_HandleAsync_Connect               
2000c201  _sl_HandleAsync_DnsGetHostByName      
2000b615  _sl_HandleAsync_DnsGetHostByService   
2000c555  _sl_HandleAsync_InitComplete          
2000c291  _sl_HandleAsync_PingResponse          
2000d2ed  _sl_HandleAsync_Select                
2000d395  _sl_HandleAsync_Stop                  
2000ccd9  _sl_NetAppSendTokenValue              
20017000  _sys_memory                           
2000e447  _system_pre_init                      
200181a4  _unlock                               
2000d82d  abort                                 
2000d515  atoi                                  
ffffffff  binit                                 
20006827  bufferedRecv                          
20018184  bytesReceived                         
200086cd  calloc                                
2000d561  copy_in                               
2000d835  exit                                  
2000dc25  feraiseexcept                         
2000841b  free                                  
2000dfd9  frexp                                 
2001816c  g_SlDeviceStatus                      
20018194  g_SpiFd                               
20018120  g__SlNonOsCB                          
20017fa5  g_bDeviceRestartIsRequired            
20017800  g_buff                                
20017fa6  g_cDummy                              
20018170  g_pCB                                 
20018198  g_pHostIntHdl                         
20004000  g_pfnVectors                          
20017f94  g_ucConnectionBSSID                   
20017f70  g_ucConnectionSSID                    
2001819c  g_ucDMAEnabled                        
20017f20  g_ucDinDout                           
20017fa0  g_ulDestinationIP                     
20018180  g_ulGatewayIP                         
2001817c  g_ulStatus                            
20007d77  jsmn_init                             
20007a65  jsmn_parse                            
2000d6d1  ldexp                                 
2000d341  ltoa                                  
20005479  main                                  
200181bc  main_func_sp                          
200083b3  malloc                                
200085e9  memalign                              
2000e167  memccpy                               
2000bdd5  memcpy                                
2000df71  memmove                               
2000ca95  memset                                
20008325  minit                                 
20018174  pPingCallBackFunc                     
2000dce7  raise                                 
200084dd  realloc                               
2000d931  signal                                
2000da65  simplelink_timerA2_start              
2000d075  sl_Close                              
20009d75  sl_Connect                            
2000b6e1  sl_DevGet                             
2000d86d  sl_Htonl                              
2000daa1  sl_Htons                              
2000a5c5  sl_NetAppDnsGetHostByName             
2000b455  sl_NetAppMDNSRegisterUnregisterService
2000cf49  sl_NetAppMDNSUnRegisterService        
2000bf0d  sl_NetCfgSet                          
2000bd35  sl_Recv                               
2000a841  sl_Send                               
2000bfa5  sl_SetSockOpt                         
2000c5e1  sl_Socket                             
2000b199  sl_Start                              
2000aec9  sl_Stop                               
20008c6d  sl_WlanConnect                        
2000db51  sl_WlanDisconnect                     
2000c321  sl_WlanPolicySet                      
2000d0d5  sl_WlanProfileDel                     
2000c889  sl_WlanRxFilterSet                    
2000c03d  sl_WlanSet                            
2000d135  sl_WlanSetMode                        
2000cb09  spi_Close                             
2000a339  spi_Open                              
2000afb9  spi_Read                              
2000c0d5  spi_Write                             
2000e357  strchr                                
2000e2fd  strcmp                                
2000e3a9  strcpy                                
2000e3bd  strlen                                
2000dedf  strncmp                               
2000aaa5  strtoul                               
2000d5ad  uDMAChannelAssign                     
2000cfad  uDMAChannelAttributeDisable           
2000d011  uDMAChannelAttributeEnable            
2000dadd  uDMAChannelControlSet                 
2000e185  uDMAChannelEnable                     
2000b0a9  uDMAChannelTransferSet                
2000c6f5  vsnprintf                             


GLOBAL SYMBOLS: SORTED BY Symbol Address 

address   name                                  
-------   ----                                  
00000800  __STACK_SIZE                          
00000800  __SYSMEM_SIZE                         
20004000  g_pfnVectors                          
20004401  SimpleLinkWlanEventHandler            
20004509  SimpleLinkNetAppEventHandler          
200045a1  SimpleLinkHttpServerCallback          
200045c9  SimpleLinkGeneralEventHandler         
200045df  SimpleLinkSockEventHandler            
20004d8f  ParseJSONData                         
20005479  main                                  
200064d7  __TI_printfi                          
20006827  bufferedRecv                          
20006ffd  HTTPCli_initSockAddr                  
2000710b  HTTPCli_connect                       
2000722d  HTTPCli_construct                     
20007275  HTTPCli_create                        
2000728d  HTTPCli_delete                        
200072c3  HTTPCli_destruct                      
2000730b  HTTPCli_disconnect                    
20007341  HTTPCli_setRequestFields              
20007367  HTTPCli_setResponseFields             
2000738d  HTTPCli_setSecureParams               
200073ad  HTTPCli_sendRequest                   
2000747b  HTTPCli_sendField                     
200074d3  HTTPCli_sendRequestBody               
2000750b  HTTPCli_getResponseStatus             
20007541  HTTPCli_getResponseField              
200076c5  HTTPCli_readResponseBody              
20007751  HTTPCli_readRawResponseBody           
20007791  HTTPCli_setProxy                      
20007a65  jsmn_parse                            
20007d77  jsmn_init                             
20008325  minit                                 
200083b3  malloc                                
2000841b  free                                  
200084dd  realloc                               
200085e9  memalign                              
200086cd  calloc                                
20008719  Ssock_construct                       
20008759  Ssock_create                          
20008773  Ssock_delete                          
2000879b  Ssock_destruct                        
200087ed  Ssock_getSocket                       
200087fb  Ssock_recv                            
20008855  Ssock_recvall                         
20008899  Ssock_send                            
200089b3  Ssock_startSecure                     
200089ed  InitTerm                              
20008a0b  Message                               
20008a2d  ClearTerm                             
20008a37  Error                                 
20008a6f  GetCmd                                
20008b15  TrimSpace                             
20008bad  Report                                
20008c6d  sl_WlanConnect                        
20009135  __aeabi_uldivmod                      
20009329  _SlDrvDataReadOp                      
2000950d  _SlDrvReleasePoolObj                  
200096dd  __aeabi_dsub                          
200096e7  __aeabi_dadd                          
20009895  _SlDrvDriverCBInit                    
20009be5  _SlDrvWaitForPoolObj                  
20009d75  sl_Connect                            
20009f01  PRCMCC3200MCUInit                     
2000a1e9  _SlDrvDataWriteOp                     
2000a339  spi_Open                              
2000a5c5  sl_NetAppDnsGetHostByName             
2000a709  __aeabi_ddiv                          
2000a841  sl_Send                               
2000a975  _SlDrvDriverCBDeinit                  
2000aaa5  strtoul                               
2000abb9  _Dscale                               
2000acc9  _SlDrvNetAppEventHandler              
2000adcd  __aeabi_dmul                          
2000aec9  sl_Stop                               
2000afb9  spi_Read                              
2000b0a9  uDMAChannelTransferSet                
2000b199  sl_Start                              
2000b36d  _SlDrvMsgReadSpawnCtx                 
2000b455  sl_NetAppMDNSRegisterUnregisterService
2000b615  _sl_HandleAsync_DnsGetHostByService   
2000b6e1  sl_DevGet                             
2000b871  _SlDrvCmdOp                           
2000b931  _Dnorm                                
2000b9f1  _SlNonOsSemGet                        
2000baa1  IntDisable                            
2000bb49  IntEnable                             
2000bbf1  _SlDriverHandleError                  
2000bc95  SPIConfigSetExpClk                    
2000bd35  sl_Recv                               
2000bdd5  __aeabi_memcpy                        
2000bdd5  __aeabi_memcpy4                       
2000bdd5  __aeabi_memcpy8                       
2000bdd5  memcpy                                
2000be71  _SlDrvDeviceEventHandler              
2000bf0d  sl_NetCfgSet                          
2000bfa5  sl_SetSockOpt                         
2000c03d  sl_WlanSet                            
2000c0d5  spi_Write                             
2000c16d  PRCMPeripheralClockGet                
2000c201  _sl_HandleAsync_DnsGetHostByName      
2000c291  _sl_HandleAsync_PingResponse          
2000c321  sl_WlanPolicySet                      
2000c4c9  _SlDrvIsTimeoutExpired                
2000c555  _sl_HandleAsync_InitComplete          
2000c5e1  sl_Socket                             
2000c66d  PinConfigSet                          
2000c6f5  vsnprintf                             
2000c77d  __aeabi_cdcmpeq                       
2000c77d  __aeabi_cdcmple                       
2000c803  __aeabi_cdrcmple                      
2000c889  sl_WlanRxFilterSet                    
2000c90d  _sl_HandleAsync_Connect               
2000ca8d  __aeabi_memclr                        
2000ca8d  __aeabi_memclr4                       
2000ca8d  __aeabi_memclr8                       
2000ca8f  __aeabi_memset                        
2000ca8f  __aeabi_memset4                       
2000ca8f  __aeabi_memset8                       
2000ca95  memset                                
2000cb09  spi_Close                             
2000cb81  UARTConfigSetExpClk                   
2000cbf9  _SlNonOsMainLoopTask                  
2000cc6d  _SlDrvCmdSend                         
2000ccd9  _sl_NetAppSendTokenValue              
2000cd45  __TI_auto_init                        
2000ce1b  _Dunscale                             
2000ce81  _SlNonOsSpawn                         
2000cee5  _sl_HandleAsync_Accept                
2000cf49  sl_NetAppMDNSUnRegisterService        
2000cfad  uDMAChannelAttributeDisable           
2000d011  uDMAChannelAttributeEnable            
2000d075  sl_Close                              
2000d0d5  sl_WlanProfileDel                     
2000d135  sl_WlanSetMode                        
2000d195  IntPendClear                          
2000d1ed  PRCMPeripheralReset                   
2000d245  IntPrioritySet                        
2000d299  _SlDrvRxIrqHandler                    
2000d2ed  _sl_HandleAsync_Select                
2000d341  ltoa                                  
2000d395  _sl_HandleAsync_Stop                  
2000d3e5  SPIIntEnable                          
2000d47d  _SlDrvProtectAsyncRespSetting         
2000d515  atoi                                  
2000d561  copy_in                               
2000d5ad  uDMAChannelAssign                     
2000d5f9  SPIIntClear                           
2000d641  _SlDrvBasicCmd                        
2000d689  __aeabi_d2iz                          
2000d6d1  ldexp                                 
2000d75d  TimerConfigure                        
2000d7a1  _SlDrvSyncObjWaitTimeout              
2000d829  C$$EXIT                               
2000d82d  abort                                 
2000d835  exit                                  
2000d86d  sl_Htonl                              
2000d8b1  PinModeSet                            
2000d931  signal                                
2000d971  NwpRegisterInterruptHandler           
2000d9ed  PRCMPeripheralClkEnable               
2000da29  _c_int00                              
2000da65  simplelink_timerA2_start              
2000daa1  sl_Htons                              
2000dadd  uDMAChannelControlSet                 
2000db19  NwpPowerOff                           
2000db51  sl_WlanDisconnect                     
2000db89  PRCMPeripheralStatusGet               
2000dbbd  SPIFIFOLevelSet                       
2000dbf1  PinMuxConfig                          
2000dc25  feraiseexcept                         
2000dc59  UARTDisable                           
2000dc89  _Feraise                              
2000dcb9  __aeabi_i2d                           
2000dce7  raise                                 
2000dd15  NwpPowerOn                            
2000dd41  PRCMSysResetCauseGet                  
2000dd99  _SlDrvProtectionObjLockWaitForever    
2000ddc5  TimerLoadSet                          
2000ddef  TimerPrescaleSet                      
2000de19  PRCMPeripheralClkDisable              
2000de41  _SlDrvGlobalObjUnLock                 
2000de69  _SlDrvProtectionObjUnLock             
2000de91  _SlDrvSyncObjWaitForever              
2000deb9  _SlDrvObjLockWaitForever              
2000dedf  strncmp                               
2000df05  DmaSpiSwIntHandler                    
2000df29  IntUnregister                         
2000df4d  UARTEnable                            
2000df71  memmove                               
2000df95  SPIReset                              
2000dfb7  SPIWordCountSet                       
2000dfd9  frexp                                 
2000dffd  IntRegister                           
2000e01d  NwpPrePowerOffTimout0                 
2000e03d  TimerGetCurrentTimestamp              
2000e05d  _SlDrvObjUnLock                       
2000e07d  _SlDrvSyncObjSignal                   
2000e09d  TimerEnable                           
2000e0bb  UARTCharPut                           
2000e0f7  PinTypeI2C                            
2000e113  TimerValueGet                         
2000e12f  UARTCharGetNonBlocking                
2000e14b  _SlDrvStartMeasureTimeout             
2000e167  memccpy                               
2000e185  uDMAChannelEnable                     
2000e1a1  PinTypeUART                           
2000e1bb  SPIDmaDisable                         
2000e1d5  SPIDmaEnable                          
2000e1ef  SPIFIFODisable                        
2000e209  SPIFIFOEnable                         
2000e223  SPIIntUnregister                      
2000e23d  SPICSDisable                          
2000e255  SPICSEnable                           
2000e26d  SPIDisable                            
2000e285  SPIEnable                             
2000e29d  UARTCharsAvail                        
2000e2b5  _SlNonOsSemSet                        
2000e2e5  _args_main                            
2000e2fd  strcmp                                
2000e315  PRCMHIBRegRead                        
2000e32b  PRCMHIBRegWrite                       
2000e341  _SlDrvMemZero                         
2000e357  strchr                                
2000e36d  CPUcpsie                              
2000e381  IntVTableBaseSet                      
2000e395  _register_unlock                      
2000e39b  _register_lock                        
2000e3a3  _nop                                  
2000e3a9  strcpy                                
2000e3bd  strlen                                
2000e3d1  _SlDrvDispatchHttpServerEvents        
2000e3e1  _SlDrvResetCmdExt                     
2000e3ef  __TI_decompress_none                  
2000e3fd  ResetISR                              
2000e40d  NwpMaskInterrupt                      
2000e419  NwpUnMaskInterrupt                    
2000e425  __TI_zero_init                        
2000e431  IntMasterEnable                       
2000e43b  UtilsDelay                            
2000e441  __TI_decompress_rle24                 
2000e447  _system_pre_init                      
2000e44c  _ctypes_                              
2000e8ca  OpcodeTranslateTable                  
2000e908  _SlActionLookupTable                  
2000ea64  _SlNetAppSendTokenValueCmdCtrl        
2000eaa0  __TI_static_base__                    
2000eaf4  __TI_Handler_Table_Base               
2000eb00  __TI_Handler_Table_Limit              
2000eb08  __TI_CINIT_Base                       
2000eb18  __TI_CINIT_Limit                      
20017000  _sys_memory                           
20017800  g_buff                                
20017f20  g_ucDinDout                           
20017f70  g_ucConnectionSSID                    
20017f94  g_ucConnectionBSSID                   
20017fa0  g_ulDestinationIP                     
20017fa4  RxIrqCnt                              
20017fa5  g_bDeviceRestartIsRequired            
20017fa6  g_cDummy                              
20018058  _Denorm                               
20018068  _Eps                                  
20018078  _Hugeval                              
20018088  _Inf                                  
20018098  _Nan                                  
200180a8  _Snan                                 
200180b8  _Rteps                                
200180c8  _Xbig                                 
200180d0  _Zero                                 
20018120  g__SlNonOsCB                          
2001816c  g_SlDeviceStatus                      
20018170  g_pCB                                 
20018174  pPingCallBackFunc                     
2001817c  g_ulStatus                            
20018180  g_ulGatewayIP                         
20018184  bytesReceived                         
20018194  g_SpiFd                               
20018198  g_pHostIntHdl                         
2001819c  g_ucDMAEnabled                        
200181a0  _lock                                 
200181a4  _unlock                               
200181a8  __TI_cleanup_ptr                      
200181ac  __TI_dtors_ptr                        
200181b0  _Fenv                                 
200181b4  _Tls_setup__Fenv                      
200181b8  _Errno                                
200181bc  main_func_sp                          
2002f800  __stack                               
20030000  __STACK_END                           
ffffffff  __binit__                             
ffffffff  __c_args__                            
ffffffff  binit                                 
UNDEFED   SHT$$INIT_ARRAY$$Base                 
UNDEFED   SHT$$INIT_ARRAY$$Limit                

[294 symbols]
