******************************************************************************
                  TI ARM Linker PC v5.2.9                      
******************************************************************************
>> Linked Fri Nov 10 13:25:51 2017

OUTPUT FILE NAME:   <http_sensor_readback.out>
ENTRY POINT SYMBOL: "_c_int00"  address: 2000eba5


MEMORY CONFIGURATION

         name            origin    length      used     unused   attr    fill
----------------------  --------  ---------  --------  --------  ----  --------
  SRAM_CODE             20004000   00013000  0000be80  00007180  RW X
  SRAM_DATA             20017000   00019000  00001a27  000175d9  RW X


SEGMENT ALLOCATION MAP

run origin  load origin   length   init length attrs members
----------  ----------- ---------- ----------- ----- -------
20004000    20004000    0000be88   0000be88    r-x
  20004000    20004000    00000400   00000400    r-- .intvecs
  20004400    20004400    0000b2dc   0000b2dc    r-x .text
  2000f6e0    2000f6e0    00000704   00000704    r-- .const
  2000fde8    2000fde8    000000a0   000000a0    r-- .cinit
20017000    20017000    00001228   00000000    rw-
  20017000    20017000    00000800   00000000    rw- .sysmem
  20017800    20017800    000007a7   00000000    rw- .bss
  20017fa8    20017fa8    00000280   00000000    rw- .data
2002f800    2002f800    00000800   00000000    rw-
  2002f800    2002f800    00000800   00000000    rw- .stack


SECTION ALLOCATION MAP

 output                                  attributes/
section   page    origin      length       input sections
--------  ----  ----------  ----------   ----------------
.intvecs   0    20004000    00000400     
                  20004000    00000400     startup_ccs.obj (.intvecs)

.init_array 
*          0    20004000    00000000     UNINITIALIZED

.text      0    20004400    0000b2dc     
                  20004400    000012ac     main.obj (.text)
                  200056ac    000010e0     rtsv7M4_T_le_eabi.lib : _printfi.obj (.text)
                  2000678c    00000fc4     webclient.a : httpcli.obj (.text)
                  20007750    000005f0     json.a : jsmn.obj (.text)
                  20007d40    00000590     simplelink.a : driver.obj (.text:_SlDrvMsgRead)
                  200082d0    00000480     rtsv7M4_T_le_eabi.lib : pow.obj (.text)
                  20008750    0000042c     tmp006drv.obj (.text)
                  20008b7c    000003dc     rtsv7M4_T_le_eabi.lib : memory.obj (.text)
                  20008f58    000002ea     webclient.a : ssock.obj (.text)
                  20009242    00000002     driverlib.a : interrupt.obj (.text:IntDefaultHandler)
                  20009244    000002e4     rtsv7M4_T_le_eabi.lib : xlog.obj (.text)
                  20009528    00000290     i2c_if.obj (.text)
                  200097b8    00000280     uart_if.obj (.text)
                  20009a38    0000027c     simplelink.a : wlan.obj (.text:sl_WlanConnect)
                  20009cb4    0000024c                  : driver.obj (.text:_SlDrvRxHdrRead)
                  20009f00    000001fc     rtsv7M4_T_le_eabi.lib : xexp.obj (.text)
                  2000a0fc    000001f4                           : ull_div_t2.obj (.text)
                  2000a2f0    000001e4     simplelink.a : driver.obj (.text:_SlDrvDataReadOp)
                  2000a4d4    000001d0                  : driver.obj (.text:_SlDrvReleasePoolObj)
                  2000a6a4    000001b6     rtsv7M4_T_le_eabi.lib : fd_add_t2.obj (.text)
                  2000a85a    00000002     --HOLE-- [fill = 0]
                  2000a85c    000001b4     simplelink.a : driver.obj (.text:_SlDrvDriverCBInit)
                  2000aa10    0000019c                  : driver.obj (.text:_SlDrvMsgWrite)
                  2000abac    00000190                  : driver.obj (.text:_SlDrvWaitForPoolObj)
                  2000ad3c    0000018c                  : socket.obj (.text:sl_Connect)
                  2000aec8    00000178     driverlib.a : prcm.obj (.text:PRCMCC3200MCUInit)
                  2000b040    00000170     simplelink.a : driver.obj (.text:_SlFindAndSetActiveObj)
                  2000b1b0    00000150                  : driver.obj (.text:_SlDrvDataWriteOp)
                  2000b300    00000148                  : cc_pal.obj (.text:spi_Open)
                  2000b448    00000144                  : driver.obj (.text:_SlDrvMsgReadCmdCtx)
                  2000b58c    00000144                  : netapp.obj (.text:sl_NetAppDnsGetHostByName)
                  2000b6d0    00000136     rtsv7M4_T_le_eabi.lib : fd_div_t2.obj (.text)
                  2000b806    00000002     --HOLE-- [fill = 0]
                  2000b808    00000134     simplelink.a : socket.obj (.text:sl_Send)
                  2000b93c    00000130                  : driver.obj (.text:_SlDrvDriverCBDeinit)
                  2000ba6c    00000114     rtsv7M4_T_le_eabi.lib : strtoul.obj (.text)
                  2000bb80    00000110                           : xdscale.obj (.text)
                  2000bc90    00000104     simplelink.a : netapp.obj (.text:_SlDrvNetAppEventHandler)
                  2000bd94    000000fc     rtsv7M4_T_le_eabi.lib : fd_mul_t2.obj (.text)
                  2000be90    000000f0     simplelink.a : device.obj (.text:sl_Stop)
                  2000bf80    000000f0                  : cc_pal.obj (.text:spi_Read)
                  2000c070    000000f0     driverlib.a : udma.obj (.text:uDMAChannelTransferSet)
                  2000c160    000000ec     simplelink.a : device.obj (.text:sl_Start)
                  2000c24c    000000e8                  : driver.obj (.text:_SlAsyncEventGenericHandler)
                  2000c334    000000e8                  : driver.obj (.text:_SlDrvMsgReadSpawnCtx)
                  2000c41c    000000e4                  : netapp.obj (.text:sl_NetAppMDNSRegisterUnregisterService)
                  2000c500    000000dc                  : driver.obj (.text:_SlDrvClassifyRxMsg)
                  2000c5dc    000000cc                  : netapp.obj (.text:_sl_HandleAsync_DnsGetHostByService)
                  2000c6a8    000000cc                  : device.obj (.text:sl_DevGet)
                  2000c774    000000c4                  : driver.obj (.text:_SlRemoveFromList)
                  2000c838    000000c0                  : driver.obj (.text:_SlDrvCmdOp)
                  2000c8f8    000000c0     rtsv7M4_T_le_eabi.lib : xdint.obj (.text)
                  2000c9b8    000000be                           : xdnorm.obj (.text)
                  2000ca76    00000002     --HOLE-- [fill = 0]
                  2000ca78    000000b0     simplelink.a : nonos.obj (.text:_SlNonOsSemGet)
                  2000cb28    000000a8     driverlib.a : interrupt.obj (.text:IntDisable)
                  2000cbd0    000000a8                 : interrupt.obj (.text:IntEnable)
                  2000cc78    000000a4     simplelink.a : driver.obj (.text:_SlDriverHandleError)
                  2000cd1c    000000a0     driverlib.a : spi.obj (.text:SPIConfigSetExpClk)
                  2000cdbc    000000a0     simplelink.a : socket.obj (.text:sl_Recv)
                  2000ce5c    0000009c     rtsv7M4_T_le_eabi.lib : memcpy_t2.obj (.text)
                  2000cef8    0000009a     simplelink.a : device.obj (.text:_SlDrvDeviceEventHandler)
                  2000cf92    00000002     --HOLE-- [fill = 0]
                  2000cf94    00000098                  : netcfg.obj (.text:sl_NetCfgSet)
                  2000d02c    00000098                  : socket.obj (.text:sl_SetSockOpt)
                  2000d0c4    00000098                  : wlan.obj (.text:sl_WlanSet)
                  2000d15c    00000098                  : cc_pal.obj (.text:spi_Write)
                  2000d1f4    00000094     driverlib.a : prcm.obj (.text:PRCMPeripheralClockGet)
                  2000d288    00000090     simplelink.a : netapp.obj (.text:_sl_HandleAsync_DnsGetHostByName)
                  2000d318    00000090                  : netapp.obj (.text:_sl_HandleAsync_PingResponse)
                  2000d3a8    00000090                  : wlan.obj (.text:sl_WlanPolicySet)
                  2000d438    0000008c                  : cc_pal.obj (.text:SetupDMAReceive)
                  2000d4c4    0000008c                  : cc_pal.obj (.text:SetupDMASend)
                  2000d550    0000008c                  : driver.obj (.text:_SlDrvIsTimeoutExpired)
                  2000d5dc    0000008c                  : device.obj (.text:_sl_HandleAsync_InitComplete)
                  2000d668    0000008c                  : socket.obj (.text:sl_Socket)
                  2000d6f4    00000088     driverlib.a : pin.obj (.text:PinConfigSet)
                  2000d77c    00000088     rtsv7M4_T_le_eabi.lib : vsnprintf.obj (.text)
                  2000d804    00000086                           : fd_cmp_t2.obj (.text:__aeabi_cdcmple)
                  2000d88a    00000086                           : fd_cmp_t2.obj (.text:__aeabi_cdrcmple)
                  2000d910    00000084     driverlib.a : i2c.obj (.text:I2CMasterInitExpClk)
                  2000d994    00000084     simplelink.a : wlan.obj (.text:sl_WlanRxFilterSet)
                  2000da18    00000080                  : socket.obj (.text:_sl_HandleAsync_Connect)
                  2000da98    00000080                  : cc_pal.obj (.text:spi_Read_CPU)
                  2000db18    00000080                  : cc_pal.obj (.text:spi_Write_CPU)
                  2000db98    0000007a     rtsv7M4_T_le_eabi.lib : memset_t2.obj (.text)
                  2000dc12    00000002     --HOLE-- [fill = 0]
                  2000dc14    00000078     simplelink.a : cc_pal.obj (.text:spi_Close)
                  2000dc8c    00000076     driverlib.a : uart.obj (.text:UARTConfigSetExpClk)
                  2000dd02    00000002     --HOLE-- [fill = 0]
                  2000dd04    00000074     simplelink.a : nonos.obj (.text:_SlNonOsMainLoopTask)
                  2000dd78    0000006e     rtsv7M4_T_le_eabi.lib : fd_tos_t2.obj (.text)
                  2000dde6    00000002     --HOLE-- [fill = 0]
                  2000dde8    0000006c     simplelink.a : driver.obj (.text:_SlDrvCmdSend)
                  2000de54    0000006c                  : netapp.obj (.text:_sl_NetAppSendTokenValue)
                  2000dec0    0000006c     rtsv7M4_T_le_eabi.lib : autoinit.obj (.text)
                  2000df2c    0000006a                           : copy_decompress_rle.obj (.text)
                  2000df96    00000066                           : xdunscal.obj (.text)
                  2000dffc    00000064     simplelink.a : nonos.obj (.text:_SlNonOsSpawn)
                  2000e060    00000064                  : socket.obj (.text:_sl_HandleAsync_Accept)
                  2000e0c4    00000064                  : netapp.obj (.text:sl_NetAppMDNSUnRegisterService)
                  2000e128    00000064     driverlib.a : udma.obj (.text:uDMAChannelAttributeDisable)
                  2000e18c    00000064                 : udma.obj (.text:uDMAChannelAttributeEnable)
                  2000e1f0    00000060     simplelink.a : socket.obj (.text:sl_Close)
                  2000e250    00000060                  : wlan.obj (.text:sl_WlanProfileDel)
                  2000e2b0    00000060                  : wlan.obj (.text:sl_WlanSetMode)
                  2000e310    00000058     driverlib.a : interrupt.obj (.text:IntPendClear)
                  2000e368    00000058                 : prcm.obj (.text:PRCMPeripheralReset)
                  2000e3c0    00000054                 : interrupt.obj (.text:IntPrioritySet)
                  2000e414    00000054     simplelink.a : driver.obj (.text:_SlDrvRxIrqHandler)
                  2000e468    00000054                  : socket.obj (.text:_sl_HandleAsync_Select)
                  2000e4bc    00000054     rtsv7M4_T_le_eabi.lib : ltoa.obj (.text)
                  2000e510    00000050     simplelink.a : device.obj (.text:_sl_HandleAsync_Stop)
                  2000e560    0000004c     driverlib.a : spi.obj (.text:SPIIntEnable)
                  2000e5ac    0000004c                 : spi.obj (.text:SPIIntNumberGet)
                  2000e5f8    0000004c     simplelink.a : driver.obj (.text:_SlDrvProtectAsyncRespSetting)
                  2000e644    0000004c                  : socket.obj (.text:_sl_BuildAddress)
                  2000e690    0000004c     rtsv7M4_T_le_eabi.lib : atoi.obj (.text)
                  2000e6dc    0000004c                           : cpy_tbl.obj (.text)
                  2000e728    0000004c     driverlib.a : udma.obj (.text:uDMAChannelAssign)
                  2000e774    00000048                 : spi.obj (.text:SPIIntClear)
                  2000e7bc    00000048     simplelink.a : driver.obj (.text:_SlDrvBasicCmd)
                  2000e804    00000048     rtsv7M4_T_le_eabi.lib : fd_toi_t2.obj (.text)
                  2000e84c    00000046                           : ldexp.obj (.text)
                  2000e892    00000002     --HOLE-- [fill = 0]
                  2000e894    00000044     driverlib.a : spi.obj (.text:SPIDmaMaskGet)
                  2000e8d8    00000044                 : timer.obj (.text:TimerConfigure)
                  2000e91c    00000044     simplelink.a : driver.obj (.text:_SlDrvSyncObjWaitTimeout)
                  2000e960    00000044                  : cc_pal.obj (.text:cc_SetupTransfer)
                  2000e9a4    00000044     rtsv7M4_T_le_eabi.lib : exit.obj (.text)
                  2000e9e8    00000042     simplelink.a : socket.obj (.text:sl_Htonl)
                  2000ea2a    00000002     --HOLE-- [fill = 0]
                  2000ea2c    00000040     driverlib.a : pin.obj (.text:PinModeSet)
                  2000ea6c    00000040     simplelink.a : socket.obj (.text:_sl_TruncatePayloadByProtocol)
                  2000eaac    00000040     rtsv7M4_T_le_eabi.lib : signal.obj (.text)
                  2000eaec    0000003e     simplelink.a : cc_pal.obj (.text:NwpRegisterInterruptHandler)
                  2000eb2a    0000003c                  : netapp.obj (.text:CopyPingResultsToReport)
                  2000eb66    00000002     --HOLE-- [fill = 0]
                  2000eb68    0000003c     driverlib.a : prcm.obj (.text:PRCMPeripheralClkEnable)
                  2000eba4    0000003c     rtsv7M4_T_le_eabi.lib : boot.obj (.text)
                  2000ebe0    0000003c     simplelink.a : cc_pal.obj (.text:simplelink_timerA2_start)
                  2000ec1c    0000003c                  : socket.obj (.text:sl_Htons)
                  2000ec58    0000003c     driverlib.a : udma.obj (.text:uDMAChannelControlSet)
                  2000ec94    00000038     simplelink.a : cc_pal.obj (.text:NwpPowerOff)
                  2000eccc    00000038     rtsv7M4_T_le_eabi.lib : fs_tod_t2.obj (.text)
                  2000ed04    00000038     simplelink.a : wlan.obj (.text:sl_WlanDisconnect)
                  2000ed3c    00000034     driverlib.a : prcm.obj (.text:PRCMPeripheralStatusGet)
                  2000ed70    00000034                 : spi.obj (.text:SPIFIFOLevelSet)
                  2000eda4    00000034     pinmux.obj (.text)
                  2000edd8    00000034     rtsv7M4_T_le_eabi.lib : feraiseexcept.obj (.text)
                  2000ee0c    00000030     driverlib.a : uart.obj (.text:UARTDisable)
                  2000ee3c    00000030     rtsv7M4_T_le_eabi.lib : xferaise.obj (.text)
                  2000ee6c    0000002e                           : i_tofd_t2.obj (.text)
                  2000ee9a    0000002e                           : raise.obj (.text)
                  2000eec8    0000002c     driverlib.a : i2c.obj (.text:I2CMasterErr)
                  2000eef4    0000002c     simplelink.a : cc_pal.obj (.text:NwpPowerOn)
                  2000ef20    0000002c     driverlib.a : prcm.obj (.text:PRCMSysResetCauseGet)
                  2000ef4c    0000002c     simplelink.a : driver.obj (.text:_SlDrvObjGlobalLockWaitForever)
                  2000ef78    0000002c                  : driver.obj (.text:_SlDrvProtectionObjLockWaitForever)
                  2000efa4    0000002a     driverlib.a : timer.obj (.text:TimerLoadSet)
                  2000efce    0000002a                 : timer.obj (.text:TimerPrescaleSet)
                  2000eff8    00000028                 : prcm.obj (.text:PRCMPeripheralClkDisable)
                  2000f020    00000028     simplelink.a : driver.obj (.text:_SlDrvGlobalObjUnLock)
                  2000f048    00000028                  : driver.obj (.text:_SlDrvProtectionObjUnLock)
                  2000f070    00000028                  : driver.obj (.text:_SlDrvSyncObjWaitForever)
                  2000f098    00000026                  : driver.obj (.text:_SlDrvObjLockWaitForever)
                  2000f0be    00000026     rtsv7M4_T_le_eabi.lib : strncmp.obj (.text)
                  2000f0e4    00000024     simplelink.a : cc_pal.obj (.text:DmaSpiSwIntHandler)
                  2000f108    00000024     driverlib.a : interrupt.obj (.text:IntUnregister)
                  2000f12c    00000024                 : uart.obj (.text:UARTEnable)
                  2000f150    00000024     rtsv7M4_T_le_eabi.lib : memmov.obj (.text)
                  2000f174    00000022     driverlib.a : i2c.obj (.text:I2CMasterSlaveAddrSet)
                  2000f196    00000022                 : spi.obj (.text:SPIReset)
                  2000f1b8    00000022                 : spi.obj (.text:SPIWordCountSet)
                  2000f1da    00000022     rtsv7M4_T_le_eabi.lib : frexp.obj (.text)
                  2000f1fc    00000020     driverlib.a : interrupt.obj (.text:IntRegister)
                  2000f21c    00000020     simplelink.a : cc_pal.obj (.text:NwpPrePowerOffTimout0)
                  2000f23c    00000020                  : cc_pal.obj (.text:TimerGetCurrentTimestamp)
                  2000f25c    00000020                  : driver.obj (.text:_SlDrvObjUnLock)
                  2000f27c    00000020                  : driver.obj (.text:_SlDrvSyncObjSignal)
                  2000f29c    0000001e     driverlib.a : i2c.obj (.text:I2CMasterIntStatusEx)
                  2000f2ba    0000001e                 : timer.obj (.text:TimerEnable)
                  2000f2d8    0000001e                 : uart.obj (.text:UARTCharPut)
                  2000f2f6    0000001e     simplelink.a : cc_pal.obj (.text:cc_UDMAChannelSelect)
                  2000f314    0000001c     driverlib.a : pin.obj (.text:PinTypeI2C)
                  2000f330    0000001c                 : timer.obj (.text:TimerValueGet)
                  2000f34c    0000001c                 : uart.obj (.text:UARTCharGetNonBlocking)
                  2000f368    0000001c     simplelink.a : driver.obj (.text:_SlDrvStartMeasureTimeout)
                  2000f384    0000001c     rtsv7M4_T_le_eabi.lib : memccpy.obj (.text)
                  2000f3a0    0000001c     driverlib.a : udma.obj (.text:uDMAChannelEnable)
                  2000f3bc    0000001a                 : pin.obj (.text:PinTypeUART)
                  2000f3d6    0000001a                 : spi.obj (.text:SPIDmaDisable)
                  2000f3f0    0000001a                 : spi.obj (.text:SPIDmaEnable)
                  2000f40a    0000001a                 : spi.obj (.text:SPIFIFODisable)
                  2000f424    0000001a                 : spi.obj (.text:SPIFIFOEnable)
                  2000f43e    0000001a                 : spi.obj (.text:SPIIntUnregister)
                  2000f458    00000018                 : spi.obj (.text:SPICSDisable)
                  2000f470    00000018                 : spi.obj (.text:SPICSEnable)
                  2000f488    00000018                 : spi.obj (.text:SPIDisable)
                  2000f4a0    00000018                 : spi.obj (.text:SPIEnable)
                  2000f4b8    00000018                 : uart.obj (.text:UARTCharsAvail)
                  2000f4d0    00000018     simplelink.a : nonos.obj (.text:_SlNonOsSemSet)
                  2000f4e8    00000018                  : device.obj (.text:_sl_GetStartResponseConvert)
                  2000f500    00000018     rtsv7M4_T_le_eabi.lib : args_main.obj (.text)
                  2000f518    00000018                           : strcmp.obj (.text)
                  2000f530    00000016     driverlib.a : i2c.obj (.text:I2CMasterDataPut)
                  2000f546    00000016                 : i2c.obj (.text:I2CMasterEnable)
                  2000f55c    00000016                 : prcm.obj (.text:PRCMHIBRegRead)
                  2000f572    00000016                 : prcm.obj (.text:PRCMHIBRegWrite)
                  2000f588    00000016     simplelink.a : driver.obj (.text:_SlDrvMemZero)
                  2000f59e    00000016     rtsv7M4_T_le_eabi.lib : strchr.obj (.text)
                  2000f5b4    00000014     driverlib.a : cpu.obj (.text:CPUcpsie)
                  2000f5c8    00000014                 : interrupt.obj (.text:IntVTableBaseSet)
                  2000f5dc    00000014     rtsv7M4_T_le_eabi.lib : _lock.obj (.text)
                  2000f5f0    00000014                           : strcpy.obj (.text)
                  2000f604    00000014                           : strlen.obj (.text)
                  2000f618    00000012     driverlib.a : i2c.obj (.text:I2CMasterControl)
                  2000f62a    00000012                 : i2c.obj (.text:I2CMasterIntClearEx)
                  2000f63c    00000012                 : i2c.obj (.text:I2CMasterTimeoutSet)
                  2000f64e    00000010     simplelink.a : driver.obj (.text:_SlDrvDispatchHttpServerEvents)
                  2000f65e    0000000e     driverlib.a : i2c.obj (.text:I2CMasterDataGet)
                  2000f66c    0000000e     simplelink.a : driver.obj (.text:_SlDrvResetCmdExt)
                  2000f67a    0000000e     rtsv7M4_T_le_eabi.lib : copy_decompress_none.obj (.text:decompress:none)
                  2000f688    0000000e     startup_ccs.obj (.text)
                  2000f696    00000002     --HOLE-- [fill = 0]
                  2000f698    0000000c     simplelink.a : cc_pal.obj (.text:NwpMaskInterrupt)
                  2000f6a4    0000000c                  : cc_pal.obj (.text:NwpUnMaskInterrupt)
                  2000f6b0    0000000c     rtsv7M4_T_le_eabi.lib : copy_zero_init.obj (.text:decompress:ZI)
                  2000f6bc    0000000a     driverlib.a : interrupt.obj (.text:IntMasterEnable)
                  2000f6c6    00000006                 : utils.obj (.text:UtilsDelay)
                  2000f6cc    00000006     rtsv7M4_T_le_eabi.lib : copy_decompress_rle.obj (.text:decompress:rle24)
                  2000f6d2    00000006                           : log.obj (.text)
                  2000f6d8    00000004                           : pre_init.obj (.text)

.const     0    2000f6e0    00000704     
                  2000f6e0    00000101     rtsv7M4_T_le_eabi.lib : ctype.obj (.const:.string:_ctypes_)
                  2000f7e1    00000003     --HOLE-- [fill = 0]
                  2000f7e4    00000100     driverlib.a : pin.obj (.const:g_ulPinToPadMap)
                  2000f8e4    000000d4                 : interrupt.obj (.const:g_pulRegs)
                  2000f9b8    000000a8                 : prcm.obj (.const:PRCM_PeriphRegsList)
                  2000fa60    00000080                 : interrupt.obj (.const)
                  2000fae0    00000048     rtsv7M4_T_le_eabi.lib : xexp.obj (.const)
                  2000fb28    00000043     main.obj (.const:.string)
                  2000fb6b    00000001     --HOLE-- [fill = 0]
                  2000fb6c    00000040     main.obj (.const)
                  2000fbac    0000003c     simplelink.a : driver.obj (.const:OpcodeTranslateTable)
                  2000fbe8    00000038                  : driver.obj (.const:_SlActionLookupTable)
                  2000fc20    00000038     rtsv7M4_T_le_eabi.lib : xlog.obj (.const:p)
                  2000fc58    00000030                           : xdint.obj (.const)
                  2000fc88    0000002c     main.obj (.const:$P$T1$2)
                  2000fcb4    00000024     driverlib.a : spi.obj (.const:g_ppulSPIIntMap)
                  2000fcd8    00000022     main.obj (.const:.string:$P$T0$1)
                  2000fcfa    00000002     --HOLE-- [fill = 0]
                  2000fcfc    00000020     simplelink.a : driver.obj (.const:RxMsgClassLUT)
                  2000fd1c    00000018     driverlib.a : spi.obj (.const)
                  2000fd34    00000014     simplelink.a : driver.obj (.const:$P$T0$1)
                  2000fd48    00000014                  : nonos.obj (.const:$P$T0$1)
                  2000fd5c    00000010                  : socket.obj (.const:.string:_SlPayloadByProtocolLUT)
                  2000fd6c    00000010     webclient.a : httpcli.obj (.const)
                  2000fd7c    00000008                 : httpcli.obj (.const:.string)
                  2000fd84    00000008     simplelink.a : device.obj (.const:StartResponseLUT)
                  2000fd8c    00000008                  : driver.obj (.const:g_H2NCnysPattern)
                  2000fd94    00000008                  : driver.obj (.const:g_H2NSyncPattern)
                  2000fd9c    00000004                  : wlan.obj (.const:$P$T0$1)
                  2000fda0    00000004                  : socket.obj (.const:$P$T2$3)
                  2000fda4    00000004                  : device.obj (.const:_SlDeviceGetCmdCtrl)
                  2000fda8    00000004                  : netapp.obj (.const:_SlGetHostByNameCtrl)
                  2000fdac    00000004                  : netapp.obj (.const:_SlNetAppSendTokenValueCmdCtrl)
                  2000fdb0    00000004                  : netcfg.obj (.const:_SlNetCfgSetCmdCtrl)
                  2000fdb4    00000004                  : wlan.obj (.const:_SlPolicySetCmdCtrl)
                  2000fdb8    00000004                  : wlan.obj (.const:_SlProfileDelCmdCtrl)
                  2000fdbc    00000004                  : socket.obj (.const:_SlRecvCmdCtrl)
                  2000fdc0    00000004                  : netapp.obj (.const:_SlRegisterServiceCtrl)
                  2000fdc4    00000004                  : wlan.obj (.const:_SlRxFilterSetCmdCtrl)
                  2000fdc8    00000004                  : socket.obj (.const:_SlSendCmdCtrl)
                  2000fdcc    00000004                  : socket.obj (.const:_SlSetSockOptCmdCtrl)
                  2000fdd0    00000004                  : socket.obj (.const:_SlSockCloseCmdCtrl)
                  2000fdd4    00000004                  : socket.obj (.const:_SlSockSocketCmdCtrl)
                  2000fdd8    00000004                  : device.obj (.const:_SlStopCmdCtrl)
                  2000fddc    00000004                  : wlan.obj (.const:_SlWlanCfgSetCmdCtrl)
                  2000fde0    00000004                  : wlan.obj (.const:_SlWlanSetModeCmdCtrl)

.cinit     0    2000fde8    000000a0     
                  2000fde8    00000075     (.cinit..data.load) [load image, compression = rle]
                  2000fe5d    00000003     --HOLE-- [fill = 0]
                  2000fe60    0000000c     (__TI_handler_table)
                  2000fe6c    00000004     --HOLE-- [fill = 0]
                  2000fe70    00000008     (.cinit..bss.load) [load image, compression = zero_init]
                  2000fe78    00000010     (__TI_cinit_table)

.sysmem    0    20017000    00000800     UNINITIALIZED
                  20017000    00000008     rtsv7M4_T_le_eabi.lib : memory.obj (.sysmem)
                  20017008    000007f8     --HOLE--

.bss       0    20017800    000007a7     UNINITIALIZED
                  20017800    000005b8     main.obj (.bss:g_buff)
                  20017db8    00000168     simplelink.a : driver.obj (.bss:g_StatMem)
                  20017f20    00000050     (.common:g_ucDinDout)
                  20017f70    00000024     main.obj (.bss:g_ucConnectionSSID)
                  20017f94    00000008     (.common:g_ucConnectionBSSID)
                  20017f9c    00000004     (.common:__Errorlog)
                  20017fa0    00000004     (.common:g_ulDestinationIP)
                  20017fa4    00000001     (.common:RxIrqCnt)
                  20017fa5    00000001     (.common:g_bDeviceRestartIsRequired)
                  20017fa6    00000001     (.common:g_cDummy)

.TI.noinit 
*          0    20017800    00000000     UNINITIALIZED

.data      0    20017fa8    00000280     UNINITIALIZED
                  20017fa8    000000b0     rtsv7M4_T_le_eabi.lib : signal.obj (.data:sigtable)
                  20018058    00000080                           : xvalues.obj (.data)
                  200180d8    00000068                           : xfvalues.obj (.data)
                  20018140    00000048     webclient.a : httpcli.obj (.data:tlsParams)
                  20018188    0000003c     simplelink.a : nonos.obj (.data:g__SlNonOsCB)
                  200181c4    00000010     webclient.a : httpcli.obj (.data)
                  200181d4    0000000d     simplelink.a : driver.obj (.data)
                  200181e1    00000003     --HOLE--
                  200181e4    0000000c     main.obj (.data)
                  200181f0    0000000c     rtsv7M4_T_le_eabi.lib : memory.obj (.data)
                  200181fc    00000009     simplelink.a : cc_pal.obj (.data)
                  20018205    00000003     --HOLE--
                  20018208    00000008     rtsv7M4_T_le_eabi.lib : _lock.obj (.data)
                  20018210    00000008                           : exit.obj (.data)
                  20018218    00000008                           : feraiseexcept.obj (.data)
                  20018220    00000004                           : errno.obj (.data)
                  20018224    00000004                           : stkdepth_vars.obj (.data)

.TI.persistent 
*          0    20017fa8    00000000     UNINITIALIZED

.stack     0    2002f800    00000800     UNINITIALIZED
                  2002f800    00000800     --HOLE--


LINKER GENERATED COPY TABLES

__TI_cinit_table @ 2000fe78 records: 2, size/record: 8, table size: 16
	.data: load addr=2000fde8, load size=00000075 bytes, run addr=20017fa8, run size=00000280 bytes, compression=rle
	.bss: load addr=2000fe70, load size=00000008 bytes, run addr=20017800, run size=000007a7 bytes, compression=zero_init


LINKER GENERATED HANDLER TABLE

__TI_handler_table @ 2000fe60 records: 3, size/record: 4, table size: 12
	index: 0, handler: __TI_decompress_rle24
	index: 1, handler: __TI_decompress_none
	index: 2, handler: __TI_zero_init


GLOBAL SYMBOLS: SORTED ALPHABETICALLY BY Name 

address   name                                  
-------   ----                                  
2000e9a5  C$$EXIT                               
2000f5b5  CPUcpsie                              
200097f9  ClearTerm                             
2000f0e5  DmaSpiSwIntHandler                    
20009803  Error                                 
2000983b  GetCmd                                
200070b7  HTTPCli_connect                       
200071d9  HTTPCli_construct                     
20007221  HTTPCli_create                        
20007239  HTTPCli_delete                        
2000726f  HTTPCli_destruct                      
200072b7  HTTPCli_disconnect                    
200074ed  HTTPCli_getResponseField              
200074b7  HTTPCli_getResponseStatus             
20006fa9  HTTPCli_initSockAddr                  
200076fd  HTTPCli_readRawResponseBody           
20007671  HTTPCli_readResponseBody              
20007427  HTTPCli_sendField                     
20007359  HTTPCli_sendRequest                   
2000747f  HTTPCli_sendRequestBody               
2000773d  HTTPCli_setProxy                      
200072ed  HTTPCli_setRequestFields              
20007313  HTTPCli_setResponseFields             
20007339  HTTPCli_setSecureParams               
2000f619  I2CMasterControl                      
2000f65f  I2CMasterDataGet                      
2000f531  I2CMasterDataPut                      
2000f547  I2CMasterEnable                       
2000eec9  I2CMasterErr                          
2000d911  I2CMasterInitExpClk                   
2000f62b  I2CMasterIntClearEx                   
2000f29d  I2CMasterIntStatusEx                  
2000f175  I2CMasterSlaveAddrSet                 
2000f63d  I2CMasterTimeoutSet                   
200097a1  I2C_IF_Close                          
20009759  I2C_IF_Open                           
20009653  I2C_IF_Read                           
2000970f  I2C_IF_ReadFrom                       
2000959d  I2C_IF_Write                          
200097b9  InitTerm                              
2000cb29  IntDisable                            
2000cbd1  IntEnable                             
2000f6bd  IntMasterEnable                       
2000e311  IntPendClear                          
2000e3c1  IntPrioritySet                        
2000f1fd  IntRegister                           
2000f109  IntUnregister                         
2000f5c9  IntVTableBaseSet                      
200097d7  Message                               
2000f699  NwpMaskInterrupt                      
2000ec95  NwpPowerOff                           
2000eef5  NwpPowerOn                            
2000f21d  NwpPrePowerOffTimout0                 
2000eaed  NwpRegisterInterruptHandler           
2000f6a5  NwpUnMaskInterrupt                    
2000fbac  OpcodeTranslateTable                  
2000aec9  PRCMCC3200MCUInit                     
2000f55d  PRCMHIBRegRead                        
2000f573  PRCMHIBRegWrite                       
2000eff9  PRCMPeripheralClkDisable              
2000eb69  PRCMPeripheralClkEnable               
2000d1f5  PRCMPeripheralClockGet                
2000e369  PRCMPeripheralReset                   
2000ed3d  PRCMPeripheralStatusGet               
2000ef21  PRCMSysResetCauseGet                  
20004d8f  ParseJSONData                         
2000d6f5  PinConfigSet                          
2000ea2d  PinModeSet                            
2000eda5  PinMuxConfig                          
2000f315  PinTypeI2C                            
2000f3bd  PinTypeUART                           
20009979  Report                                
2000f689  ResetISR                              
20017fa4  RxIrqCnt                              
UNDEFED   SHT$$INIT_ARRAY$$Base                 
UNDEFED   SHT$$INIT_ARRAY$$Limit                
2000f459  SPICSDisable                          
2000f471  SPICSEnable                           
2000cd1d  SPIConfigSetExpClk                    
2000f489  SPIDisable                            
2000f3d7  SPIDmaDisable                         
2000f3f1  SPIDmaEnable                          
2000f4a1  SPIEnable                             
2000f40b  SPIFIFODisable                        
2000f425  SPIFIFOEnable                         
2000ed71  SPIFIFOLevelSet                       
2000e775  SPIIntClear                           
2000e561  SPIIntEnable                          
2000f43f  SPIIntUnregister                      
2000f197  SPIReset                              
2000f1b9  SPIWordCountSet                       
200045c9  SimpleLinkGeneralEventHandler         
200045a1  SimpleLinkHttpServerCallback          
20004509  SimpleLinkNetAppEventHandler          
200045df  SimpleLinkSockEventHandler            
20004401  SimpleLinkWlanEventHandler            
20008f71  Ssock_construct                       
20008fb1  Ssock_create                          
20008fcb  Ssock_delete                          
20008ff3  Ssock_destruct                        
20009045  Ssock_getSocket                       
20009053  Ssock_recv                            
200090ad  Ssock_recvall                         
200090f1  Ssock_send                            
2000920b  Ssock_startSecure                     
200089f3  TMP006DrvGetTemp                      
20008791  TMP006DrvOpen                         
2000e8d9  TimerConfigure                        
2000f2bb  TimerEnable                           
2000f23d  TimerGetCurrentTimestamp              
2000efa5  TimerLoadSet                          
2000efcf  TimerPrescaleSet                      
2000f331  TimerValueGet                         
200098e1  TrimSpace                             
2000f34d  UARTCharGetNonBlocking                
2000f2d9  UARTCharPut                           
2000f4b9  UARTCharsAvail                        
2000dc8d  UARTConfigSetExpClk                   
2000ee0d  UARTDisable                           
2000f12d  UARTEnable                            
2000f6c7  UtilsDelay                            
20018058  _Denorm                               
2000c8f9  _Dint                                 
2000c9b9  _Dnorm                                
2000bb81  _Dscale                               
2000df97  _Dunscale                             
20018068  _Eps                                  
20018220  _Errno                                
20009f01  _Exp                                  
200180d8  _FDenorm                              
200180e8  _FEps                                 
200180f8  _FInf                                 
20018108  _FNan                                 
20018128  _FRteps                               
20018118  _FSnan                                
20018138  _FXbig                                
2001813c  _FZero                                
20018218  _Fenv                                 
2000ee3d  _Feraise                              
20018078  _Hugeval                              
20018088  _Inf                                  
20009245  _Log                                  
20018098  _Nan                                  
200180b8  _Rteps                                
2000fbe8  _SlActionLookupTable                  
2000cc79  _SlDriverHandleError                  
2000e7bd  _SlDrvBasicCmd                        
2000c839  _SlDrvCmdOp                           
2000dde9  _SlDrvCmdSend                         
2000a2f1  _SlDrvDataReadOp                      
2000b1b1  _SlDrvDataWriteOp                     
2000cef9  _SlDrvDeviceEventHandler              
2000f64f  _SlDrvDispatchHttpServerEvents        
2000b93d  _SlDrvDriverCBDeinit                  
2000a85d  _SlDrvDriverCBInit                    
2000f021  _SlDrvGlobalObjUnLock                 
2000d551  _SlDrvIsTimeoutExpired                
2000f589  _SlDrvMemZero                         
2000c335  _SlDrvMsgReadSpawnCtx                 
2000bc91  _SlDrvNetAppEventHandler              
2000f099  _SlDrvObjLockWaitForever              
2000f25d  _SlDrvObjUnLock                       
2000e5f9  _SlDrvProtectAsyncRespSetting         
2000ef79  _SlDrvProtectionObjLockWaitForever    
2000f049  _SlDrvProtectionObjUnLock             
2000a4d5  _SlDrvReleasePoolObj                  
2000f66d  _SlDrvResetCmdExt                     
2000e415  _SlDrvRxIrqHandler                    
2000f369  _SlDrvStartMeasureTimeout             
2000f27d  _SlDrvSyncObjSignal                   
2000f071  _SlDrvSyncObjWaitForever              
2000e91d  _SlDrvSyncObjWaitTimeout              
2000abad  _SlDrvWaitForPoolObj                  
2000fdac  _SlNetAppSendTokenValueCmdCtrl        
2000dd05  _SlNonOsMainLoopTask                  
2000ca79  _SlNonOsSemGet                        
2000f4d1  _SlNonOsSemSet                        
2000dffd  _SlNonOsSpawn                         
200180a8  _Snan                                 
2001821c  _Tls_setup__Fenv                      
200180c8  _Xbig                                 
200180d0  _Zero                                 
20030000  __STACK_END                           
00000800  __STACK_SIZE                          
00000800  __SYSMEM_SIZE                         
2000fe78  __TI_CINIT_Base                       
2000fe88  __TI_CINIT_Limit                      
2000fe60  __TI_Handler_Table_Base               
2000fe6c  __TI_Handler_Table_Limit              
2000dec1  __TI_auto_init                        
20018210  __TI_cleanup_ptr                      
2000f67b  __TI_decompress_none                  
2000f6cd  __TI_decompress_rle24                 
20018214  __TI_dtors_ptr                        
20006483  __TI_printfi                          
2000fde8  __TI_static_base__                    
2000f6b1  __TI_zero_init                        
2000d805  __aeabi_cdcmpeq                       
2000d805  __aeabi_cdcmple                       
2000d88b  __aeabi_cdrcmple                      
2000dd79  __aeabi_d2f                           
2000e805  __aeabi_d2iz                          
2000a6af  __aeabi_dadd                          
2000b6d1  __aeabi_ddiv                          
2000bd95  __aeabi_dmul                          
2000a6a5  __aeabi_dsub                          
2000eccd  __aeabi_f2d                           
2000ee6d  __aeabi_i2d                           
2000db99  __aeabi_memclr                        
2000db99  __aeabi_memclr4                       
2000db99  __aeabi_memclr8                       
2000ce5d  __aeabi_memcpy                        
2000ce5d  __aeabi_memcpy4                       
2000ce5d  __aeabi_memcpy8                       
2000db9b  __aeabi_memset                        
2000db9b  __aeabi_memset4                       
2000db9b  __aeabi_memset8                       
2000a0fd  __aeabi_uldivmod                      
ffffffff  __binit__                             
ffffffff  __c_args__                            
2002f800  __stack                               
2000f501  _args_main                            
2000eba5  _c_int00                              
2000f6e0  _ctypes_                              
20018208  _lock                                 
2000f5eb  _nop                                  
2000f5e3  _register_lock                        
2000f5dd  _register_unlock                      
2000e061  _sl_HandleAsync_Accept                
2000da19  _sl_HandleAsync_Connect               
2000d289  _sl_HandleAsync_DnsGetHostByName      
2000c5dd  _sl_HandleAsync_DnsGetHostByService   
2000d5dd  _sl_HandleAsync_InitComplete          
2000d319  _sl_HandleAsync_PingResponse          
2000e469  _sl_HandleAsync_Select                
2000e511  _sl_HandleAsync_Stop                  
2000de55  _sl_NetAppSendTokenValue              
20017000  _sys_memory                           
2000f6d9  _system_pre_init                      
2001820c  _unlock                               
2000e9a9  abort                                 
2000e691  atoi                                  
ffffffff  binit                                 
200067d3  bufferedRecv                          
200181ec  bytesReceived                         
20008f25  calloc                                
2000e6dd  copy_in                               
2000e9b1  exit                                  
2000edd9  feraiseexcept                         
20008c73  free                                  
2000f1db  frexp                                 
200181d4  g_SlDeviceStatus                      
200181fc  g_SpiFd                               
20018188  g__SlNonOsCB                          
20017fa5  g_bDeviceRestartIsRequired            
20017800  g_buff                                
20017fa6  g_cDummy                              
200181d8  g_pCB                                 
20018200  g_pHostIntHdl                         
20004000  g_pfnVectors                          
20017f94  g_ucConnectionBSSID                   
20017f70  g_ucConnectionSSID                    
20018204  g_ucDMAEnabled                        
20017f20  g_ucDinDout                           
20017fa0  g_ulDestinationIP                     
200181e8  g_ulGatewayIP                         
200181e4  g_ulStatus                            
20007d23  jsmn_init                             
20007a11  jsmn_parse                            
2000e84d  ldexp                                 
2000f6d3  log                                   
2000e4bd  ltoa                                  
20005415  main                                  
20018224  main_func_sp                          
20008c0b  malloc                                
20008e41  memalign                              
2000f385  memccpy                               
2000ce5d  memcpy                                
2000f151  memmove                               
2000dba1  memset                                
20008b7d  minit                                 
200181dc  pPingCallBackFunc                     
200082d1  pow                                   
2000ee9b  raise                                 
20008d35  realloc                               
2000eaad  signal                                
2000ebe1  simplelink_timerA2_start              
2000e1f1  sl_Close                              
2000ad3d  sl_Connect                            
2000c6a9  sl_DevGet                             
2000e9e9  sl_Htonl                              
2000ec1d  sl_Htons                              
2000b58d  sl_NetAppDnsGetHostByName             
2000c41d  sl_NetAppMDNSRegisterUnregisterService
2000e0c5  sl_NetAppMDNSUnRegisterService        
2000cf95  sl_NetCfgSet                          
2000cdbd  sl_Recv                               
2000b809  sl_Send                               
2000d02d  sl_SetSockOpt                         
2000d669  sl_Socket                             
2000c161  sl_Start                              
2000be91  sl_Stop                               
20009a39  sl_WlanConnect                        
2000ed05  sl_WlanDisconnect                     
2000d3a9  sl_WlanPolicySet                      
2000e251  sl_WlanProfileDel                     
2000d995  sl_WlanRxFilterSet                    
2000d0c5  sl_WlanSet                            
2000e2b1  sl_WlanSetMode                        
2000dc15  spi_Close                             
2000b301  spi_Open                              
2000bf81  spi_Read                              
2000d15d  spi_Write                             
2000f59f  strchr                                
2000f519  strcmp                                
2000f5f1  strcpy                                
2000f605  strlen                                
2000f0bf  strncmp                               
2000ba6d  strtoul                               
2000e729  uDMAChannelAssign                     
2000e129  uDMAChannelAttributeDisable           
2000e18d  uDMAChannelAttributeEnable            
2000ec59  uDMAChannelControlSet                 
2000f3a1  uDMAChannelEnable                     
2000c071  uDMAChannelTransferSet                
2000d77d  vsnprintf                             


GLOBAL SYMBOLS: SORTED BY Symbol Address 

address   name                                  
-------   ----                                  
00000800  __STACK_SIZE                          
00000800  __SYSMEM_SIZE                         
20004000  g_pfnVectors                          
20004401  SimpleLinkWlanEventHandler            
20004509  SimpleLinkNetAppEventHandler          
200045a1  SimpleLinkHttpServerCallback          
200045c9  SimpleLinkGeneralEventHandler         
200045df  SimpleLinkSockEventHandler            
20004d8f  ParseJSONData                         
20005415  main                                  
20006483  __TI_printfi                          
200067d3  bufferedRecv                          
20006fa9  HTTPCli_initSockAddr                  
200070b7  HTTPCli_connect                       
200071d9  HTTPCli_construct                     
20007221  HTTPCli_create                        
20007239  HTTPCli_delete                        
2000726f  HTTPCli_destruct                      
200072b7  HTTPCli_disconnect                    
200072ed  HTTPCli_setRequestFields              
20007313  HTTPCli_setResponseFields             
20007339  HTTPCli_setSecureParams               
20007359  HTTPCli_sendRequest                   
20007427  HTTPCli_sendField                     
2000747f  HTTPCli_sendRequestBody               
200074b7  HTTPCli_getResponseStatus             
200074ed  HTTPCli_getResponseField              
20007671  HTTPCli_readResponseBody              
200076fd  HTTPCli_readRawResponseBody           
2000773d  HTTPCli_setProxy                      
20007a11  jsmn_parse                            
20007d23  jsmn_init                             
200082d1  pow                                   
20008791  TMP006DrvOpen                         
200089f3  TMP006DrvGetTemp                      
20008b7d  minit                                 
20008c0b  malloc                                
20008c73  free                                  
20008d35  realloc                               
20008e41  memalign                              
20008f25  calloc                                
20008f71  Ssock_construct                       
20008fb1  Ssock_create                          
20008fcb  Ssock_delete                          
20008ff3  Ssock_destruct                        
20009045  Ssock_getSocket                       
20009053  Ssock_recv                            
200090ad  Ssock_recvall                         
200090f1  Ssock_send                            
2000920b  Ssock_startSecure                     
20009245  _Log                                  
2000959d  I2C_IF_Write                          
20009653  I2C_IF_Read                           
2000970f  I2C_IF_ReadFrom                       
20009759  I2C_IF_Open                           
200097a1  I2C_IF_Close                          
200097b9  InitTerm                              
200097d7  Message                               
200097f9  ClearTerm                             
20009803  Error                                 
2000983b  GetCmd                                
200098e1  TrimSpace                             
20009979  Report                                
20009a39  sl_WlanConnect                        
20009f01  _Exp                                  
2000a0fd  __aeabi_uldivmod                      
2000a2f1  _SlDrvDataReadOp                      
2000a4d5  _SlDrvReleasePoolObj                  
2000a6a5  __aeabi_dsub                          
2000a6af  __aeabi_dadd                          
2000a85d  _SlDrvDriverCBInit                    
2000abad  _SlDrvWaitForPoolObj                  
2000ad3d  sl_Connect                            
2000aec9  PRCMCC3200MCUInit                     
2000b1b1  _SlDrvDataWriteOp                     
2000b301  spi_Open                              
2000b58d  sl_NetAppDnsGetHostByName             
2000b6d1  __aeabi_ddiv                          
2000b809  sl_Send                               
2000b93d  _SlDrvDriverCBDeinit                  
2000ba6d  strtoul                               
2000bb81  _Dscale                               
2000bc91  _SlDrvNetAppEventHandler              
2000bd95  __aeabi_dmul                          
2000be91  sl_Stop                               
2000bf81  spi_Read                              
2000c071  uDMAChannelTransferSet                
2000c161  sl_Start                              
2000c335  _SlDrvMsgReadSpawnCtx                 
2000c41d  sl_NetAppMDNSRegisterUnregisterService
2000c5dd  _sl_HandleAsync_DnsGetHostByService   
2000c6a9  sl_DevGet                             
2000c839  _SlDrvCmdOp                           
2000c8f9  _Dint                                 
2000c9b9  _Dnorm                                
2000ca79  _SlNonOsSemGet                        
2000cb29  IntDisable                            
2000cbd1  IntEnable                             
2000cc79  _SlDriverHandleError                  
2000cd1d  SPIConfigSetExpClk                    
2000cdbd  sl_Recv                               
2000ce5d  __aeabi_memcpy                        
2000ce5d  __aeabi_memcpy4                       
2000ce5d  __aeabi_memcpy8                       
2000ce5d  memcpy                                
2000cef9  _SlDrvDeviceEventHandler              
2000cf95  sl_NetCfgSet                          
2000d02d  sl_SetSockOpt                         
2000d0c5  sl_WlanSet                            
2000d15d  spi_Write                             
2000d1f5  PRCMPeripheralClockGet                
2000d289  _sl_HandleAsync_DnsGetHostByName      
2000d319  _sl_HandleAsync_PingResponse          
2000d3a9  sl_WlanPolicySet                      
2000d551  _SlDrvIsTimeoutExpired                
2000d5dd  _sl_HandleAsync_InitComplete          
2000d669  sl_Socket                             
2000d6f5  PinConfigSet                          
2000d77d  vsnprintf                             
2000d805  __aeabi_cdcmpeq                       
2000d805  __aeabi_cdcmple                       
2000d88b  __aeabi_cdrcmple                      
2000d911  I2CMasterInitExpClk                   
2000d995  sl_WlanRxFilterSet                    
2000da19  _sl_HandleAsync_Connect               
2000db99  __aeabi_memclr                        
2000db99  __aeabi_memclr4                       
2000db99  __aeabi_memclr8                       
2000db9b  __aeabi_memset                        
2000db9b  __aeabi_memset4                       
2000db9b  __aeabi_memset8                       
2000dba1  memset                                
2000dc15  spi_Close                             
2000dc8d  UARTConfigSetExpClk                   
2000dd05  _SlNonOsMainLoopTask                  
2000dd79  __aeabi_d2f                           
2000dde9  _SlDrvCmdSend                         
2000de55  _sl_NetAppSendTokenValue              
2000dec1  __TI_auto_init                        
2000df97  _Dunscale                             
2000dffd  _SlNonOsSpawn                         
2000e061  _sl_HandleAsync_Accept                
2000e0c5  sl_NetAppMDNSUnRegisterService        
2000e129  uDMAChannelAttributeDisable           
2000e18d  uDMAChannelAttributeEnable            
2000e1f1  sl_Close                              
2000e251  sl_WlanProfileDel                     
2000e2b1  sl_WlanSetMode                        
2000e311  IntPendClear                          
2000e369  PRCMPeripheralReset                   
2000e3c1  IntPrioritySet                        
2000e415  _SlDrvRxIrqHandler                    
2000e469  _sl_HandleAsync_Select                
2000e4bd  ltoa                                  
2000e511  _sl_HandleAsync_Stop                  
2000e561  SPIIntEnable                          
2000e5f9  _SlDrvProtectAsyncRespSetting         
2000e691  atoi                                  
2000e6dd  copy_in                               
2000e729  uDMAChannelAssign                     
2000e775  SPIIntClear                           
2000e7bd  _SlDrvBasicCmd                        
2000e805  __aeabi_d2iz                          
2000e84d  ldexp                                 
2000e8d9  TimerConfigure                        
2000e91d  _SlDrvSyncObjWaitTimeout              
2000e9a5  C$$EXIT                               
2000e9a9  abort                                 
2000e9b1  exit                                  
2000e9e9  sl_Htonl                              
2000ea2d  PinModeSet                            
2000eaad  signal                                
2000eaed  NwpRegisterInterruptHandler           
2000eb69  PRCMPeripheralClkEnable               
2000eba5  _c_int00                              
2000ebe1  simplelink_timerA2_start              
2000ec1d  sl_Htons                              
2000ec59  uDMAChannelControlSet                 
2000ec95  NwpPowerOff                           
2000eccd  __aeabi_f2d                           
2000ed05  sl_WlanDisconnect                     
2000ed3d  PRCMPeripheralStatusGet               
2000ed71  SPIFIFOLevelSet                       
2000eda5  PinMuxConfig                          
2000edd9  feraiseexcept                         
2000ee0d  UARTDisable                           
2000ee3d  _Feraise                              
2000ee6d  __aeabi_i2d                           
2000ee9b  raise                                 
2000eec9  I2CMasterErr                          
2000eef5  NwpPowerOn                            
2000ef21  PRCMSysResetCauseGet                  
2000ef79  _SlDrvProtectionObjLockWaitForever    
2000efa5  TimerLoadSet                          
2000efcf  TimerPrescaleSet                      
2000eff9  PRCMPeripheralClkDisable              
2000f021  _SlDrvGlobalObjUnLock                 
2000f049  _SlDrvProtectionObjUnLock             
2000f071  _SlDrvSyncObjWaitForever              
2000f099  _SlDrvObjLockWaitForever              
2000f0bf  strncmp                               
2000f0e5  DmaSpiSwIntHandler                    
2000f109  IntUnregister                         
2000f12d  UARTEnable                            
2000f151  memmove                               
2000f175  I2CMasterSlaveAddrSet                 
2000f197  SPIReset                              
2000f1b9  SPIWordCountSet                       
2000f1db  frexp                                 
2000f1fd  IntRegister                           
2000f21d  NwpPrePowerOffTimout0                 
2000f23d  TimerGetCurrentTimestamp              
2000f25d  _SlDrvObjUnLock                       
2000f27d  _SlDrvSyncObjSignal                   
2000f29d  I2CMasterIntStatusEx                  
2000f2bb  TimerEnable                           
2000f2d9  UARTCharPut                           
2000f315  PinTypeI2C                            
2000f331  TimerValueGet                         
2000f34d  UARTCharGetNonBlocking                
2000f369  _SlDrvStartMeasureTimeout             
2000f385  memccpy                               
2000f3a1  uDMAChannelEnable                     
2000f3bd  PinTypeUART                           
2000f3d7  SPIDmaDisable                         
2000f3f1  SPIDmaEnable                          
2000f40b  SPIFIFODisable                        
2000f425  SPIFIFOEnable                         
2000f43f  SPIIntUnregister                      
2000f459  SPICSDisable                          
2000f471  SPICSEnable                           
2000f489  SPIDisable                            
2000f4a1  SPIEnable                             
2000f4b9  UARTCharsAvail                        
2000f4d1  _SlNonOsSemSet                        
2000f501  _args_main                            
2000f519  strcmp                                
2000f531  I2CMasterDataPut                      
2000f547  I2CMasterEnable                       
2000f55d  PRCMHIBRegRead                        
2000f573  PRCMHIBRegWrite                       
2000f589  _SlDrvMemZero                         
2000f59f  strchr                                
2000f5b5  CPUcpsie                              
2000f5c9  IntVTableBaseSet                      
2000f5dd  _register_unlock                      
2000f5e3  _register_lock                        
2000f5eb  _nop                                  
2000f5f1  strcpy                                
2000f605  strlen                                
2000f619  I2CMasterControl                      
2000f62b  I2CMasterIntClearEx                   
2000f63d  I2CMasterTimeoutSet                   
2000f64f  _SlDrvDispatchHttpServerEvents        
2000f65f  I2CMasterDataGet                      
2000f66d  _SlDrvResetCmdExt                     
2000f67b  __TI_decompress_none                  
2000f689  ResetISR                              
2000f699  NwpMaskInterrupt                      
2000f6a5  NwpUnMaskInterrupt                    
2000f6b1  __TI_zero_init                        
2000f6bd  IntMasterEnable                       
2000f6c7  UtilsDelay                            
2000f6cd  __TI_decompress_rle24                 
2000f6d3  log                                   
2000f6d9  _system_pre_init                      
2000f6e0  _ctypes_                              
2000fbac  OpcodeTranslateTable                  
2000fbe8  _SlActionLookupTable                  
2000fdac  _SlNetAppSendTokenValueCmdCtrl        
2000fde8  __TI_static_base__                    
2000fe60  __TI_Handler_Table_Base               
2000fe6c  __TI_Handler_Table_Limit              
2000fe78  __TI_CINIT_Base                       
2000fe88  __TI_CINIT_Limit                      
20017000  _sys_memory                           
20017800  g_buff                                
20017f20  g_ucDinDout                           
20017f70  g_ucConnectionSSID                    
20017f94  g_ucConnectionBSSID                   
20017fa0  g_ulDestinationIP                     
20017fa4  RxIrqCnt                              
20017fa5  g_bDeviceRestartIsRequired            
20017fa6  g_cDummy                              
20018058  _Denorm                               
20018068  _Eps                                  
20018078  _Hugeval                              
20018088  _Inf                                  
20018098  _Nan                                  
200180a8  _Snan                                 
200180b8  _Rteps                                
200180c8  _Xbig                                 
200180d0  _Zero                                 
200180d8  _FDenorm                              
200180e8  _FEps                                 
200180f8  _FInf                                 
20018108  _FNan                                 
20018118  _FSnan                                
20018128  _FRteps                               
20018138  _FXbig                                
2001813c  _FZero                                
20018188  g__SlNonOsCB                          
200181d4  g_SlDeviceStatus                      
200181d8  g_pCB                                 
200181dc  pPingCallBackFunc                     
200181e4  g_ulStatus                            
200181e8  g_ulGatewayIP                         
200181ec  bytesReceived                         
200181fc  g_SpiFd                               
20018200  g_pHostIntHdl                         
20018204  g_ucDMAEnabled                        
20018208  _lock                                 
2001820c  _unlock                               
20018210  __TI_cleanup_ptr                      
20018214  __TI_dtors_ptr                        
20018218  _Fenv                                 
2001821c  _Tls_setup__Fenv                      
20018220  _Errno                                
20018224  main_func_sp                          
2002f800  __stack                               
20030000  __STACK_END                           
ffffffff  __binit__                             
ffffffff  __c_args__                            
ffffffff  binit                                 
UNDEFED   SHT$$INIT_ARRAY$$Base                 
UNDEFED   SHT$$INIT_ARRAY$$Limit                

[326 symbols]
