******************************************************************************
                  TI ARM Linker PC v16.9.4                     
******************************************************************************
>> Linked Fri Oct 20 11:26:41 2017

OUTPUT FILE NAME:   <TestSWS.out>
ENTRY POINT SYMBOL: "_c_int00"  address: 200043ed


MEMORY CONFIGURATION

         name            origin    length      used     unused   attr    fill
----------------------  --------  ---------  --------  --------  ----  --------
  SRAM_CODE             20004000   00012fff  00000636  000129c9  RW X
  SRAM_DATA             20017000   00019000  0000052a  00018ad6  RW X


SEGMENT ALLOCATION MAP

run origin  load origin   length   init length attrs members
----------  ----------- ---------- ----------- ----- -------
20004000    20004000    0000063c   0000063c    r-x
  20004000    20004000    00000512   00000512    r-x .text
  20004514    20004514    00000100   00000100    r-- .const
  20004618    20004618    00000024   00000024    r-- .cinit
20017000    20017000    00000018   00000000    rw-
  20017000    20017000    00000018   00000000    rw- .data
2002faec    2002faec    00000512   00000000    rw-
  2002faec    2002faec    00000512   00000000    rw- .stack


SECTION ALLOCATION MAP

 output                                  attributes/
section   page    origin      length       input sections
--------  ----  ----------  ----------   ----------------
.init_array 
*          0    20004000    00000000     UNINITIALIZED

.text      0    20004000    00000512     
                  20004000    00000110     main.obj (.text)
                  20004110    0000009c     rtsv7M4_T_le_eabi.lib : memcpy_t2.obj (.text)
                  200041ac    00000088     driverlib.a : pin.obj (.text:PinConfigSet)
                  20004234    00000070     rtsv7M4_T_le_eabi.lib : autoinit.obj (.text)
                  200042a4    00000068                           : copy_decompress_lzss.obj (.text:decompress:lzss)
                  2000430c    00000054                           : exit.obj (.text)
                  20004360    0000004c                           : cpy_tbl.obj (.text)
                  200043ac    00000040     driverlib.a : pin.obj (.text:PinModeSet)
                  200043ec    00000040     rtsv7M4_T_le_eabi.lib : boot.obj (.text)
                  2000442c    00000036     driverlib.a : gpio.obj (.text:GPIODirModeSet)
                  20004462    00000030                 : pin.obj (.text:PinTypeGPIO)
                  20004492    00000020                 : gpio.obj (.text:GPIOPinWrite)
                  200044b2    00000018                 : gpio.obj (.text:GPIOPinRead)
                  200044ca    00000002     rtsv7M4_T_le_eabi.lib : mpu_init.obj (.text)
                  200044cc    00000018                           : args_main.obj (.text)
                  200044e4    00000014                           : _lock.obj (.text)
                  200044f8    0000000e                           : copy_decompress_none.obj (.text:decompress:none)
                  20004506    00000006     driverlib.a : utils.obj (.text:UtilsDelay)
                  2000450c    00000004     rtsv7M4_T_le_eabi.lib : pre_init.obj (.text)
                  20004510    00000002                           : startup.obj (.text)

.const     0    20004514    00000100     
                  20004514    00000100     driverlib.a : pin.obj (.const:g_ulPinToPadMap)

.cinit     0    20004618    00000024     
                  20004618    00000013     (.cinit..data.load) [load image, compression = lzss]
                  2000462b    00000001     --HOLE-- [fill = 0]
                  2000462c    00000008     (__TI_handler_table)
                  20004634    00000008     (__TI_cinit_table)

.data      0    20017000    00000018     UNINITIALIZED
                  20017000    0000000c     rtsv7M4_T_le_eabi.lib : exit.obj (.data:$O1$$)
                  2001700c    00000008                           : _lock.obj (.data:$O1$$)
                  20017014    00000004                           : stkdepth_vars.obj (.data)

.stack     0    2002faec    00000512     UNINITIALIZED
                  2002faec    00000512     --HOLE--

MODULE SUMMARY

       Module                     code   ro data   rw data
       ------                     ----   -------   -------
    .\
       main.obj                   272    0         0      
    +--+--------------------------+------+---------+---------+
       Total:                     272    0         0      
                                                          
    C:/ti/CC3200SDK_1.3.0/cc3200-sdk/driverlib/ccs/Release/driverlib.a
       pin.obj                    248    256       0      
       gpio.obj                   110    0         0      
       utils.obj                  6      0         0      
    +--+--------------------------+------+---------+---------+
       Total:                     364    256       0      
                                                          
    C:\ti\ccsv7\tools\compiler\ti-cgt-arm_16.9.4.LTS\lib\rtsv7M4_T_le_eabi.lib
       memcpy_t2.obj              156    0         0      
       autoinit.obj               112    0         0      
       copy_decompress_lzss.obj   104    0         0      
       exit.obj                   84     0         12     
       cpy_tbl.obj                76     0         0      
       boot.obj                   64     0         0      
       _lock.obj                  20     0         8      
       args_main.obj              24     0         0      
       copy_decompress_none.obj   14     0         0      
       pre_init.obj               4      0         0      
       stkdepth_vars.obj          0      0         4      
       mpu_init.obj               2      0         0      
       startup.obj                2      0         0      
    +--+--------------------------+------+---------+---------+
       Total:                     662    0         24     
                                                          
       Stack:                     0      0         1298   
       Linker Generated:          0      35        0      
    +--+--------------------------+------+---------+---------+
       Grand Total:               1298   291       1322   


LINKER GENERATED COPY TABLES

__TI_cinit_table @ 20004634 records: 1, size/record: 8, table size: 8
	.data: load addr=20004618, load size=00000013 bytes, run addr=20017000, run size=00000018 bytes, compression=lzss


LINKER GENERATED HANDLER TABLE

__TI_handler_table @ 2000462c records: 2, size/record: 4, table size: 8
	index: 0, handler: __TI_decompress_lzss
	index: 1, handler: __TI_decompress_none


GLOBAL SYMBOLS: SORTED ALPHABETICALLY BY Name 

address   name                           
-------   ----                           
2000430d  C$$EXIT                        
2000442d  GPIODirModeSet                 
200044b3  GPIOPinRead                    
20004493  GPIOPinWrite                   
200041ad  PinConfigSet                   
200043ad  PinModeSet                     
20004463  PinTypeGPIO                    
UNDEFED   SHT$$INIT_ARRAY$$Base          
UNDEFED   SHT$$INIT_ARRAY$$Limit         
20004507  UtilsDelay                     
2002fffe  __STACK_END                    
00000512  __STACK_SIZE                   
20004634  __TI_CINIT_Base                
2000463c  __TI_CINIT_Limit               
2000462c  __TI_Handler_Table_Base        
20004634  __TI_Handler_Table_Limit       
20004235  __TI_auto_init                 
20017000  __TI_cleanup_ptr               
200042a5  __TI_decompress_lzss           
200044f9  __TI_decompress_none           
20017004  __TI_dtors_ptr                 
20017008  __TI_enable_exit_profile_output
ffffffff  __TI_pprof_out_hndl            
ffffffff  __TI_prof_data_size            
ffffffff  __TI_prof_data_start           
20004618  __TI_static_base__             
20004111  __aeabi_memcpy                 
20004111  __aeabi_memcpy4                
20004111  __aeabi_memcpy8                
ffffffff  __binit__                      
ffffffff  __c_args__                     
200044cb  __mpu_init                     
2002faec  __stack                        
200044cd  _args_main                     
200043ed  _c_int00                       
2001700c  _lock                          
200044f3  _nop                           
200044eb  _register_lock                 
200044e5  _register_unlock               
20004511  _system_post_cinit             
2000450d  _system_pre_init               
20017010  _unlock                        
20004311  abort                          
ffffffff  binit                          
20004361  copy_in                        
20004319  exit                           
20004001  main                           
20017014  main_func_sp                   
20004111  memcpy                         


GLOBAL SYMBOLS: SORTED BY Symbol Address 

address   name                           
-------   ----                           
00000512  __STACK_SIZE                   
20004001  main                           
20004111  __aeabi_memcpy                 
20004111  __aeabi_memcpy4                
20004111  __aeabi_memcpy8                
20004111  memcpy                         
200041ad  PinConfigSet                   
20004235  __TI_auto_init                 
200042a5  __TI_decompress_lzss           
2000430d  C$$EXIT                        
20004311  abort                          
20004319  exit                           
20004361  copy_in                        
200043ad  PinModeSet                     
200043ed  _c_int00                       
2000442d  GPIODirModeSet                 
20004463  PinTypeGPIO                    
20004493  GPIOPinWrite                   
200044b3  GPIOPinRead                    
200044cb  __mpu_init                     
200044cd  _args_main                     
200044e5  _register_unlock               
200044eb  _register_lock                 
200044f3  _nop                           
200044f9  __TI_decompress_none           
20004507  UtilsDelay                     
2000450d  _system_pre_init               
20004511  _system_post_cinit             
20004618  __TI_static_base__             
2000462c  __TI_Handler_Table_Base        
20004634  __TI_CINIT_Base                
20004634  __TI_Handler_Table_Limit       
2000463c  __TI_CINIT_Limit               
20017000  __TI_cleanup_ptr               
20017004  __TI_dtors_ptr                 
20017008  __TI_enable_exit_profile_output
2001700c  _lock                          
20017010  _unlock                        
20017014  main_func_sp                   
2002faec  __stack                        
2002fffe  __STACK_END                    
ffffffff  __TI_pprof_out_hndl            
ffffffff  __TI_prof_data_size            
ffffffff  __TI_prof_data_start           
ffffffff  __binit__                      
ffffffff  __c_args__                     
ffffffff  binit                          
UNDEFED   SHT$$INIT_ARRAY$$Base          
UNDEFED   SHT$$INIT_ARRAY$$Limit         

[49 symbols]
