******************************************************************************
                  TI ARM Linker PC v16.9.4                     
******************************************************************************
>> Linked Fri Oct 13 15:09:27 2017

OUTPUT FILE NAME:   <TestHW.out>
ENTRY POINT SYMBOL: "_c_int00"  address: 20004361


MEMORY CONFIGURATION

         name            origin    length      used     unused   attr    fill
----------------------  --------  ---------  --------  --------  ----  --------
  SRAM_CODE             20004000   00012fff  00000592  00012a6d  RW X
  SRAM_DATA             20017000   00019000  0000052a  00018ad6  RW X


SEGMENT ALLOCATION MAP

run origin  load origin   length   init length attrs members
----------  ----------- ---------- ----------- ----- -------
20004000    20004000    00000594   00000594    r-x
  20004000    20004000    0000046e   0000046e    r-x .text
  20004470    20004470    00000100   00000100    r-- .const
  20004570    20004570    00000024   00000024    r-- .cinit
20017000    20017000    00000018   00000000    rw-
  20017000    20017000    00000018   00000000    rw- .data
2002faec    2002faec    00000512   00000000    rw-
  2002faec    2002faec    00000512   00000000    rw- .stack


SECTION ALLOCATION MAP

 output                                  attributes/
section   page    origin      length       input sections
--------  ----  ----------  ----------   ----------------
.init_array 
*          0    20004000    00000000     UNINITIALIZED

.text      0    20004000    0000046e     
                  20004000    0000009c     rtsv7M4_T_le_eabi.lib : memcpy_t2.obj (.text)
                  2000409c    00000088     driverlib.a : pin.obj (.text:PinConfigSet)
                  20004124    00000084     main.obj (.text)
                  200041a8    00000070     rtsv7M4_T_le_eabi.lib : autoinit.obj (.text)
                  20004218    00000068                           : copy_decompress_lzss.obj (.text:decompress:lzss)
                  20004280    00000054                           : exit.obj (.text)
                  200042d4    0000004c                           : cpy_tbl.obj (.text)
                  20004320    00000040     driverlib.a : pin.obj (.text:PinModeSet)
                  20004360    00000040     rtsv7M4_T_le_eabi.lib : boot.obj (.text)
                  200043a0    00000036     driverlib.a : gpio.obj (.text:GPIODirModeSet)
                  200043d6    00000030                 : pin.obj (.text:PinTypeGPIO)
                  20004406    00000020                 : gpio.obj (.text:GPIOPinWrite)
                  20004426    00000002     rtsv7M4_T_le_eabi.lib : mpu_init.obj (.text)
                  20004428    00000018                           : args_main.obj (.text)
                  20004440    00000014                           : _lock.obj (.text)
                  20004454    0000000e                           : copy_decompress_none.obj (.text:decompress:none)
                  20004462    00000006     driverlib.a : utils.obj (.text:UtilsDelay)
                  20004468    00000004     rtsv7M4_T_le_eabi.lib : pre_init.obj (.text)
                  2000446c    00000002                           : startup.obj (.text)

.const     0    20004470    00000100     
                  20004470    00000100     driverlib.a : pin.obj (.const:g_ulPinToPadMap)

.cinit     0    20004570    00000024     
                  20004570    00000013     (.cinit..data.load) [load image, compression = lzss]
                  20004583    00000001     --HOLE-- [fill = 0]
                  20004584    00000008     (__TI_handler_table)
                  2000458c    00000008     (__TI_cinit_table)

.data      0    20017000    00000018     UNINITIALIZED
                  20017000    0000000c     rtsv7M4_T_le_eabi.lib : exit.obj (.data:$O1$$)
                  2001700c    00000008                           : _lock.obj (.data:$O1$$)
                  20017014    00000004                           : stkdepth_vars.obj (.data)

.stack     0    2002faec    00000512     UNINITIALIZED
                  2002faec    00000512     --HOLE--

MODULE SUMMARY

       Module                     code   ro data   rw data
       ------                     ----   -------   -------
    .\
       main.obj                   132    0         0      
    +--+--------------------------+------+---------+---------+
       Total:                     132    0         0      
                                                          
    C:/ti/CC3200SDK_1.3.0/cc3200-sdk/driverlib/ccs/Release/driverlib.a
       pin.obj                    248    256       0      
       gpio.obj                   86     0         0      
       utils.obj                  6      0         0      
    +--+--------------------------+------+---------+---------+
       Total:                     340    256       0      
                                                          
    C:\ti\ccsv7\tools\compiler\ti-cgt-arm_16.9.4.LTS\lib\rtsv7M4_T_le_eabi.lib
       memcpy_t2.obj              156    0         0      
       autoinit.obj               112    0         0      
       copy_decompress_lzss.obj   104    0         0      
       exit.obj                   84     0         12     
       cpy_tbl.obj                76     0         0      
       boot.obj                   64     0         0      
       _lock.obj                  20     0         8      
       args_main.obj              24     0         0      
       copy_decompress_none.obj   14     0         0      
       pre_init.obj               4      0         0      
       stkdepth_vars.obj          0      0         4      
       mpu_init.obj               2      0         0      
       startup.obj                2      0         0      
    +--+--------------------------+------+---------+---------+
       Total:                     662    0         24     
                                                          
       Stack:                     0      0         1298   
       Linker Generated:          0      35        0      
    +--+--------------------------+------+---------+---------+
       Grand Total:               1134   291       1322   


LINKER GENERATED COPY TABLES

__TI_cinit_table @ 2000458c records: 1, size/record: 8, table size: 8
	.data: load addr=20004570, load size=00000013 bytes, run addr=20017000, run size=00000018 bytes, compression=lzss


LINKER GENERATED HANDLER TABLE

__TI_handler_table @ 20004584 records: 2, size/record: 4, table size: 8
	index: 0, handler: __TI_decompress_lzss
	index: 1, handler: __TI_decompress_none


GLOBAL SYMBOLS: SORTED ALPHABETICALLY BY Name 

address   name                           
-------   ----                           
20004281  C$$EXIT                        
200043a1  GPIODirModeSet                 
20004407  GPIOPinWrite                   
2000409d  PinConfigSet                   
20004321  PinModeSet                     
200043d7  PinTypeGPIO                    
UNDEFED   SHT$$INIT_ARRAY$$Base          
UNDEFED   SHT$$INIT_ARRAY$$Limit         
20004463  UtilsDelay                     
2002fffe  __STACK_END                    
00000512  __STACK_SIZE                   
2000458c  __TI_CINIT_Base                
20004594  __TI_CINIT_Limit               
20004584  __TI_Handler_Table_Base        
2000458c  __TI_Handler_Table_Limit       
200041a9  __TI_auto_init                 
20017000  __TI_cleanup_ptr               
20004219  __TI_decompress_lzss           
20004455  __TI_decompress_none           
20017004  __TI_dtors_ptr                 
20017008  __TI_enable_exit_profile_output
ffffffff  __TI_pprof_out_hndl            
ffffffff  __TI_prof_data_size            
ffffffff  __TI_prof_data_start           
20004570  __TI_static_base__             
20004001  __aeabi_memcpy                 
20004001  __aeabi_memcpy4                
20004001  __aeabi_memcpy8                
ffffffff  __binit__                      
ffffffff  __c_args__                     
20004427  __mpu_init                     
2002faec  __stack                        
20004429  _args_main                     
20004361  _c_int00                       
2001700c  _lock                          
2000444f  _nop                           
20004447  _register_lock                 
20004441  _register_unlock               
2000446d  _system_post_cinit             
20004469  _system_pre_init               
20017010  _unlock                        
20004285  abort                          
ffffffff  binit                          
200042d5  copy_in                        
2000428d  exit                           
20004125  main                           
20017014  main_func_sp                   
20004001  memcpy                         


GLOBAL SYMBOLS: SORTED BY Symbol Address 

address   name                           
-------   ----                           
00000512  __STACK_SIZE                   
20004001  __aeabi_memcpy                 
20004001  __aeabi_memcpy4                
20004001  __aeabi_memcpy8                
20004001  memcpy                         
2000409d  PinConfigSet                   
20004125  main                           
200041a9  __TI_auto_init                 
20004219  __TI_decompress_lzss           
20004281  C$$EXIT                        
20004285  abort                          
2000428d  exit                           
200042d5  copy_in                        
20004321  PinModeSet                     
20004361  _c_int00                       
200043a1  GPIODirModeSet                 
200043d7  PinTypeGPIO                    
20004407  GPIOPinWrite                   
20004427  __mpu_init                     
20004429  _args_main                     
20004441  _register_unlock               
20004447  _register_lock                 
2000444f  _nop                           
20004455  __TI_decompress_none           
20004463  UtilsDelay                     
20004469  _system_pre_init               
2000446d  _system_post_cinit             
20004570  __TI_static_base__             
20004584  __TI_Handler_Table_Base        
2000458c  __TI_CINIT_Base                
2000458c  __TI_Handler_Table_Limit       
20004594  __TI_CINIT_Limit               
20017000  __TI_cleanup_ptr               
20017004  __TI_dtors_ptr                 
20017008  __TI_enable_exit_profile_output
2001700c  _lock                          
20017010  _unlock                        
20017014  main_func_sp                   
2002faec  __stack                        
2002fffe  __STACK_END                    
ffffffff  __TI_pprof_out_hndl            
ffffffff  __TI_prof_data_size            
ffffffff  __TI_prof_data_start           
ffffffff  __binit__                      
ffffffff  __c_args__                     
ffffffff  binit                          
UNDEFED   SHT$$INIT_ARRAY$$Base          
UNDEFED   SHT$$INIT_ARRAY$$Limit         

[48 symbols]
