******************************************************************************
                  TI ARM Linker PC v5.2.9                      
******************************************************************************
>> Linked Fri Oct 27 12:33:25 2017

OUTPUT FILE NAME:   <http_sensor.out>
ENTRY POINT SYMBOL: "_c_int00"  address: 2000eb91


MEMORY CONFIGURATION

         name            origin    length      used     unused   attr    fill
----------------------  --------  ---------  --------  --------  ----  --------
  SRAM_CODE             20004000   00013000  0000be6c  00007194  RW X
  SRAM_DATA             20017000   00019000  00001a27  000175d9  RW X


SEGMENT ALLOCATION MAP

run origin  load origin   length   init length attrs members
----------  ----------- ---------- ----------- ----- -------
20004000    20004000    0000be70   0000be70    r-x
  20004000    20004000    00000400   00000400    r-- .intvecs
  20004400    20004400    0000b2c8   0000b2c8    r-x .text
  2000f6c8    2000f6c8    00000704   00000704    r-- .const
  2000fdd0    2000fdd0    000000a0   000000a0    r-- .cinit
20017000    20017000    00001228   00000000    rw-
  20017000    20017000    00000800   00000000    rw- .sysmem
  20017800    20017800    000007a7   00000000    rw- .bss
  20017fa8    20017fa8    00000280   00000000    rw- .data
2002f800    2002f800    00000800   00000000    rw-
  2002f800    2002f800    00000800   00000000    rw- .stack


SECTION ALLOCATION MAP

 output                                  attributes/
section   page    origin      length       input sections
--------  ----  ----------  ----------   ----------------
.intvecs   0    20004000    00000400     
                  20004000    00000400     startup_ccs.obj (.intvecs)

.init_array 
*          0    20004000    00000000     UNINITIALIZED

.text      0    20004400    0000b2c8     
                  20004400    00001298     main.obj (.text)
                  20005698    000010e0     rtsv7M4_T_le_eabi.lib : _printfi.obj (.text)
                  20006778    00000fc4     webclient.a : httpcli.obj (.text)
                  2000773c    000005f0     json.a : jsmn.obj (.text)
                  20007d2c    00000590     simplelink.a : driver.obj (.text:_SlDrvMsgRead)
                  200082bc    00000480     rtsv7M4_T_le_eabi.lib : pow.obj (.text)
                  2000873c    0000042c     tmp006drv.obj (.text)
                  20008b68    000003dc     rtsv7M4_T_le_eabi.lib : memory.obj (.text)
                  20008f44    000002ea     webclient.a : ssock.obj (.text)
                  2000922e    00000002     driverlib.a : interrupt.obj (.text:IntDefaultHandler)
                  20009230    000002e4     rtsv7M4_T_le_eabi.lib : xlog.obj (.text)
                  20009514    00000290     i2c_if.obj (.text)
                  200097a4    00000280     uart_if.obj (.text)
                  20009a24    0000027c     simplelink.a : wlan.obj (.text:sl_WlanConnect)
                  20009ca0    0000024c                  : driver.obj (.text:_SlDrvRxHdrRead)
                  20009eec    000001fc     rtsv7M4_T_le_eabi.lib : xexp.obj (.text)
                  2000a0e8    000001f4                           : ull_div_t2.obj (.text)
                  2000a2dc    000001e4     simplelink.a : driver.obj (.text:_SlDrvDataReadOp)
                  2000a4c0    000001d0                  : driver.obj (.text:_SlDrvReleasePoolObj)
                  2000a690    000001b6     rtsv7M4_T_le_eabi.lib : fd_add_t2.obj (.text)
                  2000a846    00000002     --HOLE-- [fill = 0]
                  2000a848    000001b4     simplelink.a : driver.obj (.text:_SlDrvDriverCBInit)
                  2000a9fc    0000019c                  : driver.obj (.text:_SlDrvMsgWrite)
                  2000ab98    00000190                  : driver.obj (.text:_SlDrvWaitForPoolObj)
                  2000ad28    0000018c                  : socket.obj (.text:sl_Connect)
                  2000aeb4    00000178     driverlib.a : prcm.obj (.text:PRCMCC3200MCUInit)
                  2000b02c    00000170     simplelink.a : driver.obj (.text:_SlFindAndSetActiveObj)
                  2000b19c    00000150                  : driver.obj (.text:_SlDrvDataWriteOp)
                  2000b2ec    00000148                  : cc_pal.obj (.text:spi_Open)
                  2000b434    00000144                  : driver.obj (.text:_SlDrvMsgReadCmdCtx)
                  2000b578    00000144                  : netapp.obj (.text:sl_NetAppDnsGetHostByName)
                  2000b6bc    00000136     rtsv7M4_T_le_eabi.lib : fd_div_t2.obj (.text)
                  2000b7f2    00000002     --HOLE-- [fill = 0]
                  2000b7f4    00000134     simplelink.a : socket.obj (.text:sl_Send)
                  2000b928    00000130                  : driver.obj (.text:_SlDrvDriverCBDeinit)
                  2000ba58    00000114     rtsv7M4_T_le_eabi.lib : strtoul.obj (.text)
                  2000bb6c    00000110                           : xdscale.obj (.text)
                  2000bc7c    00000104     simplelink.a : netapp.obj (.text:_SlDrvNetAppEventHandler)
                  2000bd80    000000fc     rtsv7M4_T_le_eabi.lib : fd_mul_t2.obj (.text)
                  2000be7c    000000f0     simplelink.a : device.obj (.text:sl_Stop)
                  2000bf6c    000000f0                  : cc_pal.obj (.text:spi_Read)
                  2000c05c    000000f0     driverlib.a : udma.obj (.text:uDMAChannelTransferSet)
                  2000c14c    000000ec     simplelink.a : device.obj (.text:sl_Start)
                  2000c238    000000e8                  : driver.obj (.text:_SlAsyncEventGenericHandler)
                  2000c320    000000e8                  : driver.obj (.text:_SlDrvMsgReadSpawnCtx)
                  2000c408    000000e4                  : netapp.obj (.text:sl_NetAppMDNSRegisterUnregisterService)
                  2000c4ec    000000dc                  : driver.obj (.text:_SlDrvClassifyRxMsg)
                  2000c5c8    000000cc                  : netapp.obj (.text:_sl_HandleAsync_DnsGetHostByService)
                  2000c694    000000cc                  : device.obj (.text:sl_DevGet)
                  2000c760    000000c4                  : driver.obj (.text:_SlRemoveFromList)
                  2000c824    000000c0                  : driver.obj (.text:_SlDrvCmdOp)
                  2000c8e4    000000c0     rtsv7M4_T_le_eabi.lib : xdint.obj (.text)
                  2000c9a4    000000be                           : xdnorm.obj (.text)
                  2000ca62    00000002     --HOLE-- [fill = 0]
                  2000ca64    000000b0     simplelink.a : nonos.obj (.text:_SlNonOsSemGet)
                  2000cb14    000000a8     driverlib.a : interrupt.obj (.text:IntDisable)
                  2000cbbc    000000a8                 : interrupt.obj (.text:IntEnable)
                  2000cc64    000000a4     simplelink.a : driver.obj (.text:_SlDriverHandleError)
                  2000cd08    000000a0     driverlib.a : spi.obj (.text:SPIConfigSetExpClk)
                  2000cda8    000000a0     simplelink.a : socket.obj (.text:sl_Recv)
                  2000ce48    0000009c     rtsv7M4_T_le_eabi.lib : memcpy_t2.obj (.text)
                  2000cee4    0000009a     simplelink.a : device.obj (.text:_SlDrvDeviceEventHandler)
                  2000cf7e    00000002     --HOLE-- [fill = 0]
                  2000cf80    00000098                  : netcfg.obj (.text:sl_NetCfgSet)
                  2000d018    00000098                  : socket.obj (.text:sl_SetSockOpt)
                  2000d0b0    00000098                  : wlan.obj (.text:sl_WlanSet)
                  2000d148    00000098                  : cc_pal.obj (.text:spi_Write)
                  2000d1e0    00000094     driverlib.a : prcm.obj (.text:PRCMPeripheralClockGet)
                  2000d274    00000090     simplelink.a : netapp.obj (.text:_sl_HandleAsync_DnsGetHostByName)
                  2000d304    00000090                  : netapp.obj (.text:_sl_HandleAsync_PingResponse)
                  2000d394    00000090                  : wlan.obj (.text:sl_WlanPolicySet)
                  2000d424    0000008c                  : cc_pal.obj (.text:SetupDMAReceive)
                  2000d4b0    0000008c                  : cc_pal.obj (.text:SetupDMASend)
                  2000d53c    0000008c                  : driver.obj (.text:_SlDrvIsTimeoutExpired)
                  2000d5c8    0000008c                  : device.obj (.text:_sl_HandleAsync_InitComplete)
                  2000d654    0000008c                  : socket.obj (.text:sl_Socket)
                  2000d6e0    00000088     driverlib.a : pin.obj (.text:PinConfigSet)
                  2000d768    00000088     rtsv7M4_T_le_eabi.lib : vsnprintf.obj (.text)
                  2000d7f0    00000086                           : fd_cmp_t2.obj (.text:__aeabi_cdcmple)
                  2000d876    00000086                           : fd_cmp_t2.obj (.text:__aeabi_cdrcmple)
                  2000d8fc    00000084     driverlib.a : i2c.obj (.text:I2CMasterInitExpClk)
                  2000d980    00000084     simplelink.a : wlan.obj (.text:sl_WlanRxFilterSet)
                  2000da04    00000080                  : socket.obj (.text:_sl_HandleAsync_Connect)
                  2000da84    00000080                  : cc_pal.obj (.text:spi_Read_CPU)
                  2000db04    00000080                  : cc_pal.obj (.text:spi_Write_CPU)
                  2000db84    0000007a     rtsv7M4_T_le_eabi.lib : memset_t2.obj (.text)
                  2000dbfe    00000002     --HOLE-- [fill = 0]
                  2000dc00    00000078     simplelink.a : cc_pal.obj (.text:spi_Close)
                  2000dc78    00000076     driverlib.a : uart.obj (.text:UARTConfigSetExpClk)
                  2000dcee    00000002     --HOLE-- [fill = 0]
                  2000dcf0    00000074     simplelink.a : nonos.obj (.text:_SlNonOsMainLoopTask)
                  2000dd64    0000006e     rtsv7M4_T_le_eabi.lib : fd_tos_t2.obj (.text)
                  2000ddd2    00000002     --HOLE-- [fill = 0]
                  2000ddd4    0000006c     simplelink.a : driver.obj (.text:_SlDrvCmdSend)
                  2000de40    0000006c                  : netapp.obj (.text:_sl_NetAppSendTokenValue)
                  2000deac    0000006c     rtsv7M4_T_le_eabi.lib : autoinit.obj (.text)
                  2000df18    0000006a                           : copy_decompress_rle.obj (.text)
                  2000df82    00000066                           : xdunscal.obj (.text)
                  2000dfe8    00000064     simplelink.a : nonos.obj (.text:_SlNonOsSpawn)
                  2000e04c    00000064                  : socket.obj (.text:_sl_HandleAsync_Accept)
                  2000e0b0    00000064                  : netapp.obj (.text:sl_NetAppMDNSUnRegisterService)
                  2000e114    00000064     driverlib.a : udma.obj (.text:uDMAChannelAttributeDisable)
                  2000e178    00000064                 : udma.obj (.text:uDMAChannelAttributeEnable)
                  2000e1dc    00000060     simplelink.a : socket.obj (.text:sl_Close)
                  2000e23c    00000060                  : wlan.obj (.text:sl_WlanProfileDel)
                  2000e29c    00000060                  : wlan.obj (.text:sl_WlanSetMode)
                  2000e2fc    00000058     driverlib.a : interrupt.obj (.text:IntPendClear)
                  2000e354    00000058                 : prcm.obj (.text:PRCMPeripheralReset)
                  2000e3ac    00000054                 : interrupt.obj (.text:IntPrioritySet)
                  2000e400    00000054     simplelink.a : driver.obj (.text:_SlDrvRxIrqHandler)
                  2000e454    00000054                  : socket.obj (.text:_sl_HandleAsync_Select)
                  2000e4a8    00000054     rtsv7M4_T_le_eabi.lib : ltoa.obj (.text)
                  2000e4fc    00000050     simplelink.a : device.obj (.text:_sl_HandleAsync_Stop)
                  2000e54c    0000004c     driverlib.a : spi.obj (.text:SPIIntEnable)
                  2000e598    0000004c                 : spi.obj (.text:SPIIntNumberGet)
                  2000e5e4    0000004c     simplelink.a : driver.obj (.text:_SlDrvProtectAsyncRespSetting)
                  2000e630    0000004c                  : socket.obj (.text:_sl_BuildAddress)
                  2000e67c    0000004c     rtsv7M4_T_le_eabi.lib : atoi.obj (.text)
                  2000e6c8    0000004c                           : cpy_tbl.obj (.text)
                  2000e714    0000004c     driverlib.a : udma.obj (.text:uDMAChannelAssign)
                  2000e760    00000048                 : spi.obj (.text:SPIIntClear)
                  2000e7a8    00000048     simplelink.a : driver.obj (.text:_SlDrvBasicCmd)
                  2000e7f0    00000048     rtsv7M4_T_le_eabi.lib : fd_toi_t2.obj (.text)
                  2000e838    00000046                           : ldexp.obj (.text)
                  2000e87e    00000002     --HOLE-- [fill = 0]
                  2000e880    00000044     driverlib.a : spi.obj (.text:SPIDmaMaskGet)
                  2000e8c4    00000044                 : timer.obj (.text:TimerConfigure)
                  2000e908    00000044     simplelink.a : driver.obj (.text:_SlDrvSyncObjWaitTimeout)
                  2000e94c    00000044                  : cc_pal.obj (.text:cc_SetupTransfer)
                  2000e990    00000044     rtsv7M4_T_le_eabi.lib : exit.obj (.text)
                  2000e9d4    00000042     simplelink.a : socket.obj (.text:sl_Htonl)
                  2000ea16    00000002     --HOLE-- [fill = 0]
                  2000ea18    00000040     driverlib.a : pin.obj (.text:PinModeSet)
                  2000ea58    00000040     simplelink.a : socket.obj (.text:_sl_TruncatePayloadByProtocol)
                  2000ea98    00000040     rtsv7M4_T_le_eabi.lib : signal.obj (.text)
                  2000ead8    0000003e     simplelink.a : cc_pal.obj (.text:NwpRegisterInterruptHandler)
                  2000eb16    0000003c                  : netapp.obj (.text:CopyPingResultsToReport)
                  2000eb52    00000002     --HOLE-- [fill = 0]
                  2000eb54    0000003c     driverlib.a : prcm.obj (.text:PRCMPeripheralClkEnable)
                  2000eb90    0000003c     rtsv7M4_T_le_eabi.lib : boot.obj (.text)
                  2000ebcc    0000003c     simplelink.a : cc_pal.obj (.text:simplelink_timerA2_start)
                  2000ec08    0000003c                  : socket.obj (.text:sl_Htons)
                  2000ec44    0000003c     driverlib.a : udma.obj (.text:uDMAChannelControlSet)
                  2000ec80    00000038     simplelink.a : cc_pal.obj (.text:NwpPowerOff)
                  2000ecb8    00000038     rtsv7M4_T_le_eabi.lib : fs_tod_t2.obj (.text)
                  2000ecf0    00000038     simplelink.a : wlan.obj (.text:sl_WlanDisconnect)
                  2000ed28    00000034     driverlib.a : prcm.obj (.text:PRCMPeripheralStatusGet)
                  2000ed5c    00000034                 : spi.obj (.text:SPIFIFOLevelSet)
                  2000ed90    00000034     pinmux.obj (.text)
                  2000edc4    00000034     rtsv7M4_T_le_eabi.lib : feraiseexcept.obj (.text)
                  2000edf8    00000030     driverlib.a : uart.obj (.text:UARTDisable)
                  2000ee28    00000030     rtsv7M4_T_le_eabi.lib : xferaise.obj (.text)
                  2000ee58    0000002e                           : i_tofd_t2.obj (.text)
                  2000ee86    0000002e                           : raise.obj (.text)
                  2000eeb4    0000002c     driverlib.a : i2c.obj (.text:I2CMasterErr)
                  2000eee0    0000002c     simplelink.a : cc_pal.obj (.text:NwpPowerOn)
                  2000ef0c    0000002c     driverlib.a : prcm.obj (.text:PRCMSysResetCauseGet)
                  2000ef38    0000002c     simplelink.a : driver.obj (.text:_SlDrvObjGlobalLockWaitForever)
                  2000ef64    0000002c                  : driver.obj (.text:_SlDrvProtectionObjLockWaitForever)
                  2000ef90    0000002a     driverlib.a : timer.obj (.text:TimerLoadSet)
                  2000efba    0000002a                 : timer.obj (.text:TimerPrescaleSet)
                  2000efe4    00000028                 : prcm.obj (.text:PRCMPeripheralClkDisable)
                  2000f00c    00000028     simplelink.a : driver.obj (.text:_SlDrvGlobalObjUnLock)
                  2000f034    00000028                  : driver.obj (.text:_SlDrvProtectionObjUnLock)
                  2000f05c    00000028                  : driver.obj (.text:_SlDrvSyncObjWaitForever)
                  2000f084    00000026                  : driver.obj (.text:_SlDrvObjLockWaitForever)
                  2000f0aa    00000026     rtsv7M4_T_le_eabi.lib : strncmp.obj (.text)
                  2000f0d0    00000024     simplelink.a : cc_pal.obj (.text:DmaSpiSwIntHandler)
                  2000f0f4    00000024     driverlib.a : interrupt.obj (.text:IntUnregister)
                  2000f118    00000024                 : uart.obj (.text:UARTEnable)
                  2000f13c    00000024     rtsv7M4_T_le_eabi.lib : memmov.obj (.text)
                  2000f160    00000022     driverlib.a : i2c.obj (.text:I2CMasterSlaveAddrSet)
                  2000f182    00000022                 : spi.obj (.text:SPIReset)
                  2000f1a4    00000022                 : spi.obj (.text:SPIWordCountSet)
                  2000f1c6    00000022     rtsv7M4_T_le_eabi.lib : frexp.obj (.text)
                  2000f1e8    00000020     driverlib.a : interrupt.obj (.text:IntRegister)
                  2000f208    00000020     simplelink.a : cc_pal.obj (.text:NwpPrePowerOffTimout0)
                  2000f228    00000020                  : cc_pal.obj (.text:TimerGetCurrentTimestamp)
                  2000f248    00000020                  : driver.obj (.text:_SlDrvObjUnLock)
                  2000f268    00000020                  : driver.obj (.text:_SlDrvSyncObjSignal)
                  2000f288    0000001e     driverlib.a : i2c.obj (.text:I2CMasterIntStatusEx)
                  2000f2a6    0000001e                 : timer.obj (.text:TimerEnable)
                  2000f2c4    0000001e                 : uart.obj (.text:UARTCharPut)
                  2000f2e2    0000001e     simplelink.a : cc_pal.obj (.text:cc_UDMAChannelSelect)
                  2000f300    0000001c     driverlib.a : pin.obj (.text:PinTypeI2C)
                  2000f31c    0000001c                 : timer.obj (.text:TimerValueGet)
                  2000f338    0000001c                 : uart.obj (.text:UARTCharGetNonBlocking)
                  2000f354    0000001c     simplelink.a : driver.obj (.text:_SlDrvStartMeasureTimeout)
                  2000f370    0000001c     rtsv7M4_T_le_eabi.lib : memccpy.obj (.text)
                  2000f38c    0000001c     driverlib.a : udma.obj (.text:uDMAChannelEnable)
                  2000f3a8    0000001a                 : pin.obj (.text:PinTypeUART)
                  2000f3c2    0000001a                 : spi.obj (.text:SPIDmaDisable)
                  2000f3dc    0000001a                 : spi.obj (.text:SPIDmaEnable)
                  2000f3f6    0000001a                 : spi.obj (.text:SPIFIFODisable)
                  2000f410    0000001a                 : spi.obj (.text:SPIFIFOEnable)
                  2000f42a    0000001a                 : spi.obj (.text:SPIIntUnregister)
                  2000f444    00000018                 : spi.obj (.text:SPICSDisable)
                  2000f45c    00000018                 : spi.obj (.text:SPICSEnable)
                  2000f474    00000018                 : spi.obj (.text:SPIDisable)
                  2000f48c    00000018                 : spi.obj (.text:SPIEnable)
                  2000f4a4    00000018                 : uart.obj (.text:UARTCharsAvail)
                  2000f4bc    00000018     simplelink.a : nonos.obj (.text:_SlNonOsSemSet)
                  2000f4d4    00000018                  : device.obj (.text:_sl_GetStartResponseConvert)
                  2000f4ec    00000018     rtsv7M4_T_le_eabi.lib : args_main.obj (.text)
                  2000f504    00000018                           : strcmp.obj (.text)
                  2000f51c    00000016     driverlib.a : i2c.obj (.text:I2CMasterDataPut)
                  2000f532    00000016                 : i2c.obj (.text:I2CMasterEnable)
                  2000f548    00000016                 : prcm.obj (.text:PRCMHIBRegRead)
                  2000f55e    00000016                 : prcm.obj (.text:PRCMHIBRegWrite)
                  2000f574    00000016     simplelink.a : driver.obj (.text:_SlDrvMemZero)
                  2000f58a    00000016     rtsv7M4_T_le_eabi.lib : strchr.obj (.text)
                  2000f5a0    00000014     driverlib.a : cpu.obj (.text:CPUcpsie)
                  2000f5b4    00000014                 : interrupt.obj (.text:IntVTableBaseSet)
                  2000f5c8    00000014     rtsv7M4_T_le_eabi.lib : _lock.obj (.text)
                  2000f5dc    00000014                           : strcpy.obj (.text)
                  2000f5f0    00000014                           : strlen.obj (.text)
                  2000f604    00000012     driverlib.a : i2c.obj (.text:I2CMasterControl)
                  2000f616    00000012                 : i2c.obj (.text:I2CMasterIntClearEx)
                  2000f628    00000012                 : i2c.obj (.text:I2CMasterTimeoutSet)
                  2000f63a    00000010     simplelink.a : driver.obj (.text:_SlDrvDispatchHttpServerEvents)
                  2000f64a    0000000e     driverlib.a : i2c.obj (.text:I2CMasterDataGet)
                  2000f658    0000000e     simplelink.a : driver.obj (.text:_SlDrvResetCmdExt)
                  2000f666    0000000e     rtsv7M4_T_le_eabi.lib : copy_decompress_none.obj (.text:decompress:none)
                  2000f674    0000000e     startup_ccs.obj (.text)
                  2000f682    00000002     --HOLE-- [fill = 0]
                  2000f684    0000000c     simplelink.a : cc_pal.obj (.text:NwpMaskInterrupt)
                  2000f690    0000000c                  : cc_pal.obj (.text:NwpUnMaskInterrupt)
                  2000f69c    0000000c     rtsv7M4_T_le_eabi.lib : copy_zero_init.obj (.text:decompress:ZI)
                  2000f6a8    0000000a     driverlib.a : interrupt.obj (.text:IntMasterEnable)
                  2000f6b2    00000006                 : utils.obj (.text:UtilsDelay)
                  2000f6b8    00000006     rtsv7M4_T_le_eabi.lib : copy_decompress_rle.obj (.text:decompress:rle24)
                  2000f6be    00000006                           : log.obj (.text)
                  2000f6c4    00000004                           : pre_init.obj (.text)

.const     0    2000f6c8    00000704     
                  2000f6c8    00000101     rtsv7M4_T_le_eabi.lib : ctype.obj (.const:.string:_ctypes_)
                  2000f7c9    00000003     --HOLE-- [fill = 0]
                  2000f7cc    00000100     driverlib.a : pin.obj (.const:g_ulPinToPadMap)
                  2000f8cc    000000d4                 : interrupt.obj (.const:g_pulRegs)
                  2000f9a0    000000a8                 : prcm.obj (.const:PRCM_PeriphRegsList)
                  2000fa48    00000080                 : interrupt.obj (.const)
                  2000fac8    00000048     rtsv7M4_T_le_eabi.lib : xexp.obj (.const)
                  2000fb10    00000043     main.obj (.const:.string)
                  2000fb53    00000001     --HOLE-- [fill = 0]
                  2000fb54    00000040     main.obj (.const)
                  2000fb94    0000003c     simplelink.a : driver.obj (.const:OpcodeTranslateTable)
                  2000fbd0    00000038                  : driver.obj (.const:_SlActionLookupTable)
                  2000fc08    00000038     rtsv7M4_T_le_eabi.lib : xlog.obj (.const:p)
                  2000fc40    00000030                           : xdint.obj (.const)
                  2000fc70    0000002c     main.obj (.const:$P$T1$2)
                  2000fc9c    00000024     driverlib.a : spi.obj (.const:g_ppulSPIIntMap)
                  2000fcc0    00000022     main.obj (.const:.string:$P$T0$1)
                  2000fce2    00000002     --HOLE-- [fill = 0]
                  2000fce4    00000020     simplelink.a : driver.obj (.const:RxMsgClassLUT)
                  2000fd04    00000018     driverlib.a : spi.obj (.const)
                  2000fd1c    00000014     simplelink.a : driver.obj (.const:$P$T0$1)
                  2000fd30    00000014                  : nonos.obj (.const:$P$T0$1)
                  2000fd44    00000010                  : socket.obj (.const:.string:_SlPayloadByProtocolLUT)
                  2000fd54    00000010     webclient.a : httpcli.obj (.const)
                  2000fd64    00000008                 : httpcli.obj (.const:.string)
                  2000fd6c    00000008     simplelink.a : device.obj (.const:StartResponseLUT)
                  2000fd74    00000008                  : driver.obj (.const:g_H2NCnysPattern)
                  2000fd7c    00000008                  : driver.obj (.const:g_H2NSyncPattern)
                  2000fd84    00000004                  : wlan.obj (.const:$P$T0$1)
                  2000fd88    00000004                  : socket.obj (.const:$P$T2$3)
                  2000fd8c    00000004                  : device.obj (.const:_SlDeviceGetCmdCtrl)
                  2000fd90    00000004                  : netapp.obj (.const:_SlGetHostByNameCtrl)
                  2000fd94    00000004                  : netapp.obj (.const:_SlNetAppSendTokenValueCmdCtrl)
                  2000fd98    00000004                  : netcfg.obj (.const:_SlNetCfgSetCmdCtrl)
                  2000fd9c    00000004                  : wlan.obj (.const:_SlPolicySetCmdCtrl)
                  2000fda0    00000004                  : wlan.obj (.const:_SlProfileDelCmdCtrl)
                  2000fda4    00000004                  : socket.obj (.const:_SlRecvCmdCtrl)
                  2000fda8    00000004                  : netapp.obj (.const:_SlRegisterServiceCtrl)
                  2000fdac    00000004                  : wlan.obj (.const:_SlRxFilterSetCmdCtrl)
                  2000fdb0    00000004                  : socket.obj (.const:_SlSendCmdCtrl)
                  2000fdb4    00000004                  : socket.obj (.const:_SlSetSockOptCmdCtrl)
                  2000fdb8    00000004                  : socket.obj (.const:_SlSockCloseCmdCtrl)
                  2000fdbc    00000004                  : socket.obj (.const:_SlSockSocketCmdCtrl)
                  2000fdc0    00000004                  : device.obj (.const:_SlStopCmdCtrl)
                  2000fdc4    00000004                  : wlan.obj (.const:_SlWlanCfgSetCmdCtrl)
                  2000fdc8    00000004                  : wlan.obj (.const:_SlWlanSetModeCmdCtrl)

.cinit     0    2000fdd0    000000a0     
                  2000fdd0    00000075     (.cinit..data.load) [load image, compression = rle]
                  2000fe45    00000003     --HOLE-- [fill = 0]
                  2000fe48    0000000c     (__TI_handler_table)
                  2000fe54    00000004     --HOLE-- [fill = 0]
                  2000fe58    00000008     (.cinit..bss.load) [load image, compression = zero_init]
                  2000fe60    00000010     (__TI_cinit_table)

.sysmem    0    20017000    00000800     UNINITIALIZED
                  20017000    00000008     rtsv7M4_T_le_eabi.lib : memory.obj (.sysmem)
                  20017008    000007f8     --HOLE--

.bss       0    20017800    000007a7     UNINITIALIZED
                  20017800    000005b8     main.obj (.bss:g_buff)
                  20017db8    00000168     simplelink.a : driver.obj (.bss:g_StatMem)
                  20017f20    00000050     (.common:g_ucDinDout)
                  20017f70    00000024     main.obj (.bss:g_ucConnectionSSID)
                  20017f94    00000008     (.common:g_ucConnectionBSSID)
                  20017f9c    00000004     (.common:__Errorlog)
                  20017fa0    00000004     (.common:g_ulDestinationIP)
                  20017fa4    00000001     (.common:RxIrqCnt)
                  20017fa5    00000001     (.common:g_bDeviceRestartIsRequired)
                  20017fa6    00000001     (.common:g_cDummy)

.TI.noinit 
*          0    20017800    00000000     UNINITIALIZED

.data      0    20017fa8    00000280     UNINITIALIZED
                  20017fa8    000000b0     rtsv7M4_T_le_eabi.lib : signal.obj (.data:sigtable)
                  20018058    00000080                           : xvalues.obj (.data)
                  200180d8    00000068                           : xfvalues.obj (.data)
                  20018140    00000048     webclient.a : httpcli.obj (.data:tlsParams)
                  20018188    0000003c     simplelink.a : nonos.obj (.data:g__SlNonOsCB)
                  200181c4    00000010     webclient.a : httpcli.obj (.data)
                  200181d4    0000000d     simplelink.a : driver.obj (.data)
                  200181e1    00000003     --HOLE--
                  200181e4    0000000c     main.obj (.data)
                  200181f0    0000000c     rtsv7M4_T_le_eabi.lib : memory.obj (.data)
                  200181fc    00000009     simplelink.a : cc_pal.obj (.data)
                  20018205    00000003     --HOLE--
                  20018208    00000008     rtsv7M4_T_le_eabi.lib : _lock.obj (.data)
                  20018210    00000008                           : exit.obj (.data)
                  20018218    00000008                           : feraiseexcept.obj (.data)
                  20018220    00000004                           : errno.obj (.data)
                  20018224    00000004                           : stkdepth_vars.obj (.data)

.TI.persistent 
*          0    20017fa8    00000000     UNINITIALIZED

.stack     0    2002f800    00000800     UNINITIALIZED
                  2002f800    00000800     --HOLE--


LINKER GENERATED COPY TABLES

__TI_cinit_table @ 2000fe60 records: 2, size/record: 8, table size: 16
	.data: load addr=2000fdd0, load size=00000075 bytes, run addr=20017fa8, run size=00000280 bytes, compression=rle
	.bss: load addr=2000fe58, load size=00000008 bytes, run addr=20017800, run size=000007a7 bytes, compression=zero_init


LINKER GENERATED HANDLER TABLE

__TI_handler_table @ 2000fe48 records: 3, size/record: 4, table size: 12
	index: 0, handler: __TI_decompress_rle24
	index: 1, handler: __TI_decompress_none
	index: 2, handler: __TI_zero_init


GLOBAL SYMBOLS: SORTED ALPHABETICALLY BY Name 

address   name                                  
-------   ----                                  
2000e991  C$$EXIT                               
2000f5a1  CPUcpsie                              
200097e5  ClearTerm                             
2000f0d1  DmaSpiSwIntHandler                    
200097ef  Error                                 
20009827  GetCmd                                
200070a3  HTTPCli_connect                       
200071c5  HTTPCli_construct                     
2000720d  HTTPCli_create                        
20007225  HTTPCli_delete                        
2000725b  HTTPCli_destruct                      
200072a3  HTTPCli_disconnect                    
200074d9  HTTPCli_getResponseField              
200074a3  HTTPCli_getResponseStatus             
20006f95  HTTPCli_initSockAddr                  
200076e9  HTTPCli_readRawResponseBody           
2000765d  HTTPCli_readResponseBody              
20007413  HTTPCli_sendField                     
20007345  HTTPCli_sendRequest                   
2000746b  HTTPCli_sendRequestBody               
20007729  HTTPCli_setProxy                      
200072d9  HTTPCli_setRequestFields              
200072ff  HTTPCli_setResponseFields             
20007325  HTTPCli_setSecureParams               
2000f605  I2CMasterControl                      
2000f64b  I2CMasterDataGet                      
2000f51d  I2CMasterDataPut                      
2000f533  I2CMasterEnable                       
2000eeb5  I2CMasterErr                          
2000d8fd  I2CMasterInitExpClk                   
2000f617  I2CMasterIntClearEx                   
2000f289  I2CMasterIntStatusEx                  
2000f161  I2CMasterSlaveAddrSet                 
2000f629  I2CMasterTimeoutSet                   
2000978d  I2C_IF_Close                          
20009745  I2C_IF_Open                           
2000963f  I2C_IF_Read                           
200096fb  I2C_IF_ReadFrom                       
20009589  I2C_IF_Write                          
200097a5  InitTerm                              
2000cb15  IntDisable                            
2000cbbd  IntEnable                             
2000f6a9  IntMasterEnable                       
2000e2fd  IntPendClear                          
2000e3ad  IntPrioritySet                        
2000f1e9  IntRegister                           
2000f0f5  IntUnregister                         
2000f5b5  IntVTableBaseSet                      
200097c3  Message                               
2000f685  NwpMaskInterrupt                      
2000ec81  NwpPowerOff                           
2000eee1  NwpPowerOn                            
2000f209  NwpPrePowerOffTimout0                 
2000ead9  NwpRegisterInterruptHandler           
2000f691  NwpUnMaskInterrupt                    
2000fb94  OpcodeTranslateTable                  
2000aeb5  PRCMCC3200MCUInit                     
2000f549  PRCMHIBRegRead                        
2000f55f  PRCMHIBRegWrite                       
2000efe5  PRCMPeripheralClkDisable              
2000eb55  PRCMPeripheralClkEnable               
2000d1e1  PRCMPeripheralClockGet                
2000e355  PRCMPeripheralReset                   
2000ed29  PRCMPeripheralStatusGet               
2000ef0d  PRCMSysResetCauseGet                  
20004d8f  ParseJSONData                         
2000d6e1  PinConfigSet                          
2000ea19  PinModeSet                            
2000ed91  PinMuxConfig                          
2000f301  PinTypeI2C                            
2000f3a9  PinTypeUART                           
20009965  Report                                
2000f675  ResetISR                              
20017fa4  RxIrqCnt                              
UNDEFED   SHT$$INIT_ARRAY$$Base                 
UNDEFED   SHT$$INIT_ARRAY$$Limit                
2000f445  SPICSDisable                          
2000f45d  SPICSEnable                           
2000cd09  SPIConfigSetExpClk                    
2000f475  SPIDisable                            
2000f3c3  SPIDmaDisable                         
2000f3dd  SPIDmaEnable                          
2000f48d  SPIEnable                             
2000f3f7  SPIFIFODisable                        
2000f411  SPIFIFOEnable                         
2000ed5d  SPIFIFOLevelSet                       
2000e761  SPIIntClear                           
2000e54d  SPIIntEnable                          
2000f42b  SPIIntUnregister                      
2000f183  SPIReset                              
2000f1a5  SPIWordCountSet                       
200045c9  SimpleLinkGeneralEventHandler         
200045a1  SimpleLinkHttpServerCallback          
20004509  SimpleLinkNetAppEventHandler          
200045df  SimpleLinkSockEventHandler            
20004401  SimpleLinkWlanEventHandler            
20008f5d  Ssock_construct                       
20008f9d  Ssock_create                          
20008fb7  Ssock_delete                          
20008fdf  Ssock_destruct                        
20009031  Ssock_getSocket                       
2000903f  Ssock_recv                            
20009099  Ssock_recvall                         
200090dd  Ssock_send                            
200091f7  Ssock_startSecure                     
200089df  TMP006DrvGetTemp                      
2000877d  TMP006DrvOpen                         
2000e8c5  TimerConfigure                        
2000f2a7  TimerEnable                           
2000f229  TimerGetCurrentTimestamp              
2000ef91  TimerLoadSet                          
2000efbb  TimerPrescaleSet                      
2000f31d  TimerValueGet                         
200098cd  TrimSpace                             
2000f339  UARTCharGetNonBlocking                
2000f2c5  UARTCharPut                           
2000f4a5  UARTCharsAvail                        
2000dc79  UARTConfigSetExpClk                   
2000edf9  UARTDisable                           
2000f119  UARTEnable                            
2000f6b3  UtilsDelay                            
20018058  _Denorm                               
2000c8e5  _Dint                                 
2000c9a5  _Dnorm                                
2000bb6d  _Dscale                               
2000df83  _Dunscale                             
20018068  _Eps                                  
20018220  _Errno                                
20009eed  _Exp                                  
200180d8  _FDenorm                              
200180e8  _FEps                                 
200180f8  _FInf                                 
20018108  _FNan                                 
20018128  _FRteps                               
20018118  _FSnan                                
20018138  _FXbig                                
2001813c  _FZero                                
20018218  _Fenv                                 
2000ee29  _Feraise                              
20018078  _Hugeval                              
20018088  _Inf                                  
20009231  _Log                                  
20018098  _Nan                                  
200180b8  _Rteps                                
2000fbd0  _SlActionLookupTable                  
2000cc65  _SlDriverHandleError                  
2000e7a9  _SlDrvBasicCmd                        
2000c825  _SlDrvCmdOp                           
2000ddd5  _SlDrvCmdSend                         
2000a2dd  _SlDrvDataReadOp                      
2000b19d  _SlDrvDataWriteOp                     
2000cee5  _SlDrvDeviceEventHandler              
2000f63b  _SlDrvDispatchHttpServerEvents        
2000b929  _SlDrvDriverCBDeinit                  
2000a849  _SlDrvDriverCBInit                    
2000f00d  _SlDrvGlobalObjUnLock                 
2000d53d  _SlDrvIsTimeoutExpired                
2000f575  _SlDrvMemZero                         
2000c321  _SlDrvMsgReadSpawnCtx                 
2000bc7d  _SlDrvNetAppEventHandler              
2000f085  _SlDrvObjLockWaitForever              
2000f249  _SlDrvObjUnLock                       
2000e5e5  _SlDrvProtectAsyncRespSetting         
2000ef65  _SlDrvProtectionObjLockWaitForever    
2000f035  _SlDrvProtectionObjUnLock             
2000a4c1  _SlDrvReleasePoolObj                  
2000f659  _SlDrvResetCmdExt                     
2000e401  _SlDrvRxIrqHandler                    
2000f355  _SlDrvStartMeasureTimeout             
2000f269  _SlDrvSyncObjSignal                   
2000f05d  _SlDrvSyncObjWaitForever              
2000e909  _SlDrvSyncObjWaitTimeout              
2000ab99  _SlDrvWaitForPoolObj                  
2000fd94  _SlNetAppSendTokenValueCmdCtrl        
2000dcf1  _SlNonOsMainLoopTask                  
2000ca65  _SlNonOsSemGet                        
2000f4bd  _SlNonOsSemSet                        
2000dfe9  _SlNonOsSpawn                         
200180a8  _Snan                                 
2001821c  _Tls_setup__Fenv                      
200180c8  _Xbig                                 
200180d0  _Zero                                 
20030000  __STACK_END                           
00000800  __STACK_SIZE                          
00000800  __SYSMEM_SIZE                         
2000fe60  __TI_CINIT_Base                       
2000fe70  __TI_CINIT_Limit                      
2000fe48  __TI_Handler_Table_Base               
2000fe54  __TI_Handler_Table_Limit              
2000dead  __TI_auto_init                        
20018210  __TI_cleanup_ptr                      
2000f667  __TI_decompress_none                  
2000f6b9  __TI_decompress_rle24                 
20018214  __TI_dtors_ptr                        
2000646f  __TI_printfi                          
2000fdd0  __TI_static_base__                    
2000f69d  __TI_zero_init                        
2000d7f1  __aeabi_cdcmpeq                       
2000d7f1  __aeabi_cdcmple                       
2000d877  __aeabi_cdrcmple                      
2000dd65  __aeabi_d2f                           
2000e7f1  __aeabi_d2iz                          
2000a69b  __aeabi_dadd                          
2000b6bd  __aeabi_ddiv                          
2000bd81  __aeabi_dmul                          
2000a691  __aeabi_dsub                          
2000ecb9  __aeabi_f2d                           
2000ee59  __aeabi_i2d                           
2000db85  __aeabi_memclr                        
2000db85  __aeabi_memclr4                       
2000db85  __aeabi_memclr8                       
2000ce49  __aeabi_memcpy                        
2000ce49  __aeabi_memcpy4                       
2000ce49  __aeabi_memcpy8                       
2000db87  __aeabi_memset                        
2000db87  __aeabi_memset4                       
2000db87  __aeabi_memset8                       
2000a0e9  __aeabi_uldivmod                      
ffffffff  __binit__                             
ffffffff  __c_args__                            
2002f800  __stack                               
2000f4ed  _args_main                            
2000eb91  _c_int00                              
2000f6c8  _ctypes_                              
20018208  _lock                                 
2000f5d7  _nop                                  
2000f5cf  _register_lock                        
2000f5c9  _register_unlock                      
2000e04d  _sl_HandleAsync_Accept                
2000da05  _sl_HandleAsync_Connect               
2000d275  _sl_HandleAsync_DnsGetHostByName      
2000c5c9  _sl_HandleAsync_DnsGetHostByService   
2000d5c9  _sl_HandleAsync_InitComplete          
2000d305  _sl_HandleAsync_PingResponse          
2000e455  _sl_HandleAsync_Select                
2000e4fd  _sl_HandleAsync_Stop                  
2000de41  _sl_NetAppSendTokenValue              
20017000  _sys_memory                           
2000f6c5  _system_pre_init                      
2001820c  _unlock                               
2000e995  abort                                 
2000e67d  atoi                                  
ffffffff  binit                                 
200067bf  bufferedRecv                          
200181ec  bytesReceived                         
20008f11  calloc                                
2000e6c9  copy_in                               
2000e99d  exit                                  
2000edc5  feraiseexcept                         
20008c5f  free                                  
2000f1c7  frexp                                 
200181d4  g_SlDeviceStatus                      
200181fc  g_SpiFd                               
20018188  g__SlNonOsCB                          
20017fa5  g_bDeviceRestartIsRequired            
20017800  g_buff                                
20017fa6  g_cDummy                              
200181d8  g_pCB                                 
20018200  g_pHostIntHdl                         
20004000  g_pfnVectors                          
20017f94  g_ucConnectionBSSID                   
20017f70  g_ucConnectionSSID                    
20018204  g_ucDMAEnabled                        
20017f20  g_ucDinDout                           
20017fa0  g_ulDestinationIP                     
200181e8  g_ulGatewayIP                         
200181e4  g_ulStatus                            
20007d0f  jsmn_init                             
200079fd  jsmn_parse                            
2000e839  ldexp                                 
2000f6bf  log                                   
2000e4a9  ltoa                                  
200054b1  main                                  
20018224  main_func_sp                          
20008bf7  malloc                                
20008e2d  memalign                              
2000f371  memccpy                               
2000ce49  memcpy                                
2000f13d  memmove                               
2000db8d  memset                                
20008b69  minit                                 
200181dc  pPingCallBackFunc                     
200082bd  pow                                   
2000ee87  raise                                 
20008d21  realloc                               
2000ea99  signal                                
2000ebcd  simplelink_timerA2_start              
2000e1dd  sl_Close                              
2000ad29  sl_Connect                            
2000c695  sl_DevGet                             
2000e9d5  sl_Htonl                              
2000ec09  sl_Htons                              
2000b579  sl_NetAppDnsGetHostByName             
2000c409  sl_NetAppMDNSRegisterUnregisterService
2000e0b1  sl_NetAppMDNSUnRegisterService        
2000cf81  sl_NetCfgSet                          
2000cda9  sl_Recv                               
2000b7f5  sl_Send                               
2000d019  sl_SetSockOpt                         
2000d655  sl_Socket                             
2000c14d  sl_Start                              
2000be7d  sl_Stop                               
20009a25  sl_WlanConnect                        
2000ecf1  sl_WlanDisconnect                     
2000d395  sl_WlanPolicySet                      
2000e23d  sl_WlanProfileDel                     
2000d981  sl_WlanRxFilterSet                    
2000d0b1  sl_WlanSet                            
2000e29d  sl_WlanSetMode                        
2000dc01  spi_Close                             
2000b2ed  spi_Open                              
2000bf6d  spi_Read                              
2000d149  spi_Write                             
2000f58b  strchr                                
2000f505  strcmp                                
2000f5dd  strcpy                                
2000f5f1  strlen                                
2000f0ab  strncmp                               
2000ba59  strtoul                               
2000e715  uDMAChannelAssign                     
2000e115  uDMAChannelAttributeDisable           
2000e179  uDMAChannelAttributeEnable            
2000ec45  uDMAChannelControlSet                 
2000f38d  uDMAChannelEnable                     
2000c05d  uDMAChannelTransferSet                
2000d769  vsnprintf                             


GLOBAL SYMBOLS: SORTED BY Symbol Address 

address   name                                  
-------   ----                                  
00000800  __STACK_SIZE                          
00000800  __SYSMEM_SIZE                         
20004000  g_pfnVectors                          
20004401  SimpleLinkWlanEventHandler            
20004509  SimpleLinkNetAppEventHandler          
200045a1  SimpleLinkHttpServerCallback          
200045c9  SimpleLinkGeneralEventHandler         
200045df  SimpleLinkSockEventHandler            
20004d8f  ParseJSONData                         
200054b1  main                                  
2000646f  __TI_printfi                          
200067bf  bufferedRecv                          
20006f95  HTTPCli_initSockAddr                  
200070a3  HTTPCli_connect                       
200071c5  HTTPCli_construct                     
2000720d  HTTPCli_create                        
20007225  HTTPCli_delete                        
2000725b  HTTPCli_destruct                      
200072a3  HTTPCli_disconnect                    
200072d9  HTTPCli_setRequestFields              
200072ff  HTTPCli_setResponseFields             
20007325  HTTPCli_setSecureParams               
20007345  HTTPCli_sendRequest                   
20007413  HTTPCli_sendField                     
2000746b  HTTPCli_sendRequestBody               
200074a3  HTTPCli_getResponseStatus             
200074d9  HTTPCli_getResponseField              
2000765d  HTTPCli_readResponseBody              
200076e9  HTTPCli_readRawResponseBody           
20007729  HTTPCli_setProxy                      
200079fd  jsmn_parse                            
20007d0f  jsmn_init                             
200082bd  pow                                   
2000877d  TMP006DrvOpen                         
200089df  TMP006DrvGetTemp                      
20008b69  minit                                 
20008bf7  malloc                                
20008c5f  free                                  
20008d21  realloc                               
20008e2d  memalign                              
20008f11  calloc                                
20008f5d  Ssock_construct                       
20008f9d  Ssock_create                          
20008fb7  Ssock_delete                          
20008fdf  Ssock_destruct                        
20009031  Ssock_getSocket                       
2000903f  Ssock_recv                            
20009099  Ssock_recvall                         
200090dd  Ssock_send                            
200091f7  Ssock_startSecure                     
20009231  _Log                                  
20009589  I2C_IF_Write                          
2000963f  I2C_IF_Read                           
200096fb  I2C_IF_ReadFrom                       
20009745  I2C_IF_Open                           
2000978d  I2C_IF_Close                          
200097a5  InitTerm                              
200097c3  Message                               
200097e5  ClearTerm                             
200097ef  Error                                 
20009827  GetCmd                                
200098cd  TrimSpace                             
20009965  Report                                
20009a25  sl_WlanConnect                        
20009eed  _Exp                                  
2000a0e9  __aeabi_uldivmod                      
2000a2dd  _SlDrvDataReadOp                      
2000a4c1  _SlDrvReleasePoolObj                  
2000a691  __aeabi_dsub                          
2000a69b  __aeabi_dadd                          
2000a849  _SlDrvDriverCBInit                    
2000ab99  _SlDrvWaitForPoolObj                  
2000ad29  sl_Connect                            
2000aeb5  PRCMCC3200MCUInit                     
2000b19d  _SlDrvDataWriteOp                     
2000b2ed  spi_Open                              
2000b579  sl_NetAppDnsGetHostByName             
2000b6bd  __aeabi_ddiv                          
2000b7f5  sl_Send                               
2000b929  _SlDrvDriverCBDeinit                  
2000ba59  strtoul                               
2000bb6d  _Dscale                               
2000bc7d  _SlDrvNetAppEventHandler              
2000bd81  __aeabi_dmul                          
2000be7d  sl_Stop                               
2000bf6d  spi_Read                              
2000c05d  uDMAChannelTransferSet                
2000c14d  sl_Start                              
2000c321  _SlDrvMsgReadSpawnCtx                 
2000c409  sl_NetAppMDNSRegisterUnregisterService
2000c5c9  _sl_HandleAsync_DnsGetHostByService   
2000c695  sl_DevGet                             
2000c825  _SlDrvCmdOp                           
2000c8e5  _Dint                                 
2000c9a5  _Dnorm                                
2000ca65  _SlNonOsSemGet                        
2000cb15  IntDisable                            
2000cbbd  IntEnable                             
2000cc65  _SlDriverHandleError                  
2000cd09  SPIConfigSetExpClk                    
2000cda9  sl_Recv                               
2000ce49  __aeabi_memcpy                        
2000ce49  __aeabi_memcpy4                       
2000ce49  __aeabi_memcpy8                       
2000ce49  memcpy                                
2000cee5  _SlDrvDeviceEventHandler              
2000cf81  sl_NetCfgSet                          
2000d019  sl_SetSockOpt                         
2000d0b1  sl_WlanSet                            
2000d149  spi_Write                             
2000d1e1  PRCMPeripheralClockGet                
2000d275  _sl_HandleAsync_DnsGetHostByName      
2000d305  _sl_HandleAsync_PingResponse          
2000d395  sl_WlanPolicySet                      
2000d53d  _SlDrvIsTimeoutExpired                
2000d5c9  _sl_HandleAsync_InitComplete          
2000d655  sl_Socket                             
2000d6e1  PinConfigSet                          
2000d769  vsnprintf                             
2000d7f1  __aeabi_cdcmpeq                       
2000d7f1  __aeabi_cdcmple                       
2000d877  __aeabi_cdrcmple                      
2000d8fd  I2CMasterInitExpClk                   
2000d981  sl_WlanRxFilterSet                    
2000da05  _sl_HandleAsync_Connect               
2000db85  __aeabi_memclr                        
2000db85  __aeabi_memclr4                       
2000db85  __aeabi_memclr8                       
2000db87  __aeabi_memset                        
2000db87  __aeabi_memset4                       
2000db87  __aeabi_memset8                       
2000db8d  memset                                
2000dc01  spi_Close                             
2000dc79  UARTConfigSetExpClk                   
2000dcf1  _SlNonOsMainLoopTask                  
2000dd65  __aeabi_d2f                           
2000ddd5  _SlDrvCmdSend                         
2000de41  _sl_NetAppSendTokenValue              
2000dead  __TI_auto_init                        
2000df83  _Dunscale                             
2000dfe9  _SlNonOsSpawn                         
2000e04d  _sl_HandleAsync_Accept                
2000e0b1  sl_NetAppMDNSUnRegisterService        
2000e115  uDMAChannelAttributeDisable           
2000e179  uDMAChannelAttributeEnable            
2000e1dd  sl_Close                              
2000e23d  sl_WlanProfileDel                     
2000e29d  sl_WlanSetMode                        
2000e2fd  IntPendClear                          
2000e355  PRCMPeripheralReset                   
2000e3ad  IntPrioritySet                        
2000e401  _SlDrvRxIrqHandler                    
2000e455  _sl_HandleAsync_Select                
2000e4a9  ltoa                                  
2000e4fd  _sl_HandleAsync_Stop                  
2000e54d  SPIIntEnable                          
2000e5e5  _SlDrvProtectAsyncRespSetting         
2000e67d  atoi                                  
2000e6c9  copy_in                               
2000e715  uDMAChannelAssign                     
2000e761  SPIIntClear                           
2000e7a9  _SlDrvBasicCmd                        
2000e7f1  __aeabi_d2iz                          
2000e839  ldexp                                 
2000e8c5  TimerConfigure                        
2000e909  _SlDrvSyncObjWaitTimeout              
2000e991  C$$EXIT                               
2000e995  abort                                 
2000e99d  exit                                  
2000e9d5  sl_Htonl                              
2000ea19  PinModeSet                            
2000ea99  signal                                
2000ead9  NwpRegisterInterruptHandler           
2000eb55  PRCMPeripheralClkEnable               
2000eb91  _c_int00                              
2000ebcd  simplelink_timerA2_start              
2000ec09  sl_Htons                              
2000ec45  uDMAChannelControlSet                 
2000ec81  NwpPowerOff                           
2000ecb9  __aeabi_f2d                           
2000ecf1  sl_WlanDisconnect                     
2000ed29  PRCMPeripheralStatusGet               
2000ed5d  SPIFIFOLevelSet                       
2000ed91  PinMuxConfig                          
2000edc5  feraiseexcept                         
2000edf9  UARTDisable                           
2000ee29  _Feraise                              
2000ee59  __aeabi_i2d                           
2000ee87  raise                                 
2000eeb5  I2CMasterErr                          
2000eee1  NwpPowerOn                            
2000ef0d  PRCMSysResetCauseGet                  
2000ef65  _SlDrvProtectionObjLockWaitForever    
2000ef91  TimerLoadSet                          
2000efbb  TimerPrescaleSet                      
2000efe5  PRCMPeripheralClkDisable              
2000f00d  _SlDrvGlobalObjUnLock                 
2000f035  _SlDrvProtectionObjUnLock             
2000f05d  _SlDrvSyncObjWaitForever              
2000f085  _SlDrvObjLockWaitForever              
2000f0ab  strncmp                               
2000f0d1  DmaSpiSwIntHandler                    
2000f0f5  IntUnregister                         
2000f119  UARTEnable                            
2000f13d  memmove                               
2000f161  I2CMasterSlaveAddrSet                 
2000f183  SPIReset                              
2000f1a5  SPIWordCountSet                       
2000f1c7  frexp                                 
2000f1e9  IntRegister                           
2000f209  NwpPrePowerOffTimout0                 
2000f229  TimerGetCurrentTimestamp              
2000f249  _SlDrvObjUnLock                       
2000f269  _SlDrvSyncObjSignal                   
2000f289  I2CMasterIntStatusEx                  
2000f2a7  TimerEnable                           
2000f2c5  UARTCharPut                           
2000f301  PinTypeI2C                            
2000f31d  TimerValueGet                         
2000f339  UARTCharGetNonBlocking                
2000f355  _SlDrvStartMeasureTimeout             
2000f371  memccpy                               
2000f38d  uDMAChannelEnable                     
2000f3a9  PinTypeUART                           
2000f3c3  SPIDmaDisable                         
2000f3dd  SPIDmaEnable                          
2000f3f7  SPIFIFODisable                        
2000f411  SPIFIFOEnable                         
2000f42b  SPIIntUnregister                      
2000f445  SPICSDisable                          
2000f45d  SPICSEnable                           
2000f475  SPIDisable                            
2000f48d  SPIEnable                             
2000f4a5  UARTCharsAvail                        
2000f4bd  _SlNonOsSemSet                        
2000f4ed  _args_main                            
2000f505  strcmp                                
2000f51d  I2CMasterDataPut                      
2000f533  I2CMasterEnable                       
2000f549  PRCMHIBRegRead                        
2000f55f  PRCMHIBRegWrite                       
2000f575  _SlDrvMemZero                         
2000f58b  strchr                                
2000f5a1  CPUcpsie                              
2000f5b5  IntVTableBaseSet                      
2000f5c9  _register_unlock                      
2000f5cf  _register_lock                        
2000f5d7  _nop                                  
2000f5dd  strcpy                                
2000f5f1  strlen                                
2000f605  I2CMasterControl                      
2000f617  I2CMasterIntClearEx                   
2000f629  I2CMasterTimeoutSet                   
2000f63b  _SlDrvDispatchHttpServerEvents        
2000f64b  I2CMasterDataGet                      
2000f659  _SlDrvResetCmdExt                     
2000f667  __TI_decompress_none                  
2000f675  ResetISR                              
2000f685  NwpMaskInterrupt                      
2000f691  NwpUnMaskInterrupt                    
2000f69d  __TI_zero_init                        
2000f6a9  IntMasterEnable                       
2000f6b3  UtilsDelay                            
2000f6b9  __TI_decompress_rle24                 
2000f6bf  log                                   
2000f6c5  _system_pre_init                      
2000f6c8  _ctypes_                              
2000fb94  OpcodeTranslateTable                  
2000fbd0  _SlActionLookupTable                  
2000fd94  _SlNetAppSendTokenValueCmdCtrl        
2000fdd0  __TI_static_base__                    
2000fe48  __TI_Handler_Table_Base               
2000fe54  __TI_Handler_Table_Limit              
2000fe60  __TI_CINIT_Base                       
2000fe70  __TI_CINIT_Limit                      
20017000  _sys_memory                           
20017800  g_buff                                
20017f20  g_ucDinDout                           
20017f70  g_ucConnectionSSID                    
20017f94  g_ucConnectionBSSID                   
20017fa0  g_ulDestinationIP                     
20017fa4  RxIrqCnt                              
20017fa5  g_bDeviceRestartIsRequired            
20017fa6  g_cDummy                              
20018058  _Denorm                               
20018068  _Eps                                  
20018078  _Hugeval                              
20018088  _Inf                                  
20018098  _Nan                                  
200180a8  _Snan                                 
200180b8  _Rteps                                
200180c8  _Xbig                                 
200180d0  _Zero                                 
200180d8  _FDenorm                              
200180e8  _FEps                                 
200180f8  _FInf                                 
20018108  _FNan                                 
20018118  _FSnan                                
20018128  _FRteps                               
20018138  _FXbig                                
2001813c  _FZero                                
20018188  g__SlNonOsCB                          
200181d4  g_SlDeviceStatus                      
200181d8  g_pCB                                 
200181dc  pPingCallBackFunc                     
200181e4  g_ulStatus                            
200181e8  g_ulGatewayIP                         
200181ec  bytesReceived                         
200181fc  g_SpiFd                               
20018200  g_pHostIntHdl                         
20018204  g_ucDMAEnabled                        
20018208  _lock                                 
2001820c  _unlock                               
20018210  __TI_cleanup_ptr                      
20018214  __TI_dtors_ptr                        
20018218  _Fenv                                 
2001821c  _Tls_setup__Fenv                      
20018220  _Errno                                
20018224  main_func_sp                          
2002f800  __stack                               
20030000  __STACK_END                           
ffffffff  __binit__                             
ffffffff  __c_args__                            
ffffffff  binit                                 
UNDEFED   SHT$$INIT_ARRAY$$Base                 
UNDEFED   SHT$$INIT_ARRAY$$Limit                

[326 symbols]
