******************************************************************************
                  TI ARM Linker PC v5.2.9                      
******************************************************************************
>> Linked Fri Nov 10 17:09:40 2017

OUTPUT FILE NAME:   <http_client_json_ip.out>
ENTRY POINT SYMBOL: "_c_int00"  address: 2000db11


MEMORY CONFIGURATION

         name            origin    length      used     unused   attr    fill
----------------------  --------  ---------  --------  --------  ----  --------
  SRAM_CODE             20004000   00013000  0000abfa  00008406  RW X
  SRAM_DATA             20017000   00019000  000019bf  00017641  RW X


SEGMENT ALLOCATION MAP

run origin  load origin   length   init length attrs members
----------  ----------- ---------- ----------- ----- -------
20004000    20004000    0000ac00   0000ac00    r-x
  20004000    20004000    00000400   00000400    r-- .intvecs
  20004400    20004400    0000a132   0000a132    r-x .text
  2000e534    2000e534    00000650   00000650    r-- .const
  2000eb88    2000eb88    00000078   00000078    r-- .cinit
20017000    20017000    000011c0   00000000    rw-
  20017000    20017000    00000800   00000000    rw- .sysmem
  20017800    20017800    000007a7   00000000    rw- .bss
  20017fa8    20017fa8    00000218   00000000    rw- .data
2002f800    2002f800    00000800   00000000    rw-
  2002f800    2002f800    00000800   00000000    rw- .stack


SECTION ALLOCATION MAP

 output                                  attributes/
section   page    origin      length       input sections
--------  ----  ----------  ----------   ----------------
.intvecs   0    20004000    00000400     
                  20004000    00000400     startup_ccs.obj (.intvecs)

.init_array 
*          0    20004000    00000000     UNINITIALIZED

.text      0    20004400    0000a132     
                  20004400    000013e8     main.obj (.text)
                  200057e8    000010e0     rtsv7M4_T_le_eabi.lib : _printfi.obj (.text)
                  200068c8    00000fc4     webclient.a : httpcli.obj (.text)
                  2000788c    000005f0     json.a : jsmn.obj (.text)
                  20007e7c    00000590     simplelink.a : driver.obj (.text:_SlDrvMsgRead)
                  2000840c    000003dc     rtsv7M4_T_le_eabi.lib : memory.obj (.text)
                  200087e8    000002ea     webclient.a : ssock.obj (.text)
                  20008ad2    00000002     driverlib.a : interrupt.obj (.text:IntDefaultHandler)
                  20008ad4    00000280     uart_if.obj (.text)
                  20008d54    0000027c     simplelink.a : wlan.obj (.text:sl_WlanConnect)
                  20008fd0    0000024c                  : driver.obj (.text:_SlDrvRxHdrRead)
                  2000921c    000001f4     rtsv7M4_T_le_eabi.lib : ull_div_t2.obj (.text)
                  20009410    000001e4     simplelink.a : driver.obj (.text:_SlDrvDataReadOp)
                  200095f4    000001d0                  : driver.obj (.text:_SlDrvReleasePoolObj)
                  200097c4    000001b6     rtsv7M4_T_le_eabi.lib : fd_add_t2.obj (.text)
                  2000997a    00000002     --HOLE-- [fill = 0]
                  2000997c    000001b4     simplelink.a : driver.obj (.text:_SlDrvDriverCBInit)
                  20009b30    0000019c                  : driver.obj (.text:_SlDrvMsgWrite)
                  20009ccc    00000190                  : driver.obj (.text:_SlDrvWaitForPoolObj)
                  20009e5c    0000018c                  : socket.obj (.text:sl_Connect)
                  20009fe8    00000178     driverlib.a : prcm.obj (.text:PRCMCC3200MCUInit)
                  2000a160    00000170     simplelink.a : driver.obj (.text:_SlFindAndSetActiveObj)
                  2000a2d0    00000150                  : driver.obj (.text:_SlDrvDataWriteOp)
                  2000a420    00000148                  : cc_pal.obj (.text:spi_Open)
                  2000a568    00000144                  : driver.obj (.text:_SlDrvMsgReadCmdCtx)
                  2000a6ac    00000144                  : netapp.obj (.text:sl_NetAppDnsGetHostByName)
                  2000a7f0    00000136     rtsv7M4_T_le_eabi.lib : fd_div_t2.obj (.text)
                  2000a926    00000002     --HOLE-- [fill = 0]
                  2000a928    00000134     simplelink.a : socket.obj (.text:sl_Send)
                  2000aa5c    00000130                  : driver.obj (.text:_SlDrvDriverCBDeinit)
                  2000ab8c    00000114     rtsv7M4_T_le_eabi.lib : strtoul.obj (.text)
                  2000aca0    00000110                           : xdscale.obj (.text)
                  2000adb0    00000104     simplelink.a : netapp.obj (.text:_SlDrvNetAppEventHandler)
                  2000aeb4    000000fc     rtsv7M4_T_le_eabi.lib : fd_mul_t2.obj (.text)
                  2000afb0    000000f0     simplelink.a : device.obj (.text:sl_Stop)
                  2000b0a0    000000f0                  : cc_pal.obj (.text:spi_Read)
                  2000b190    000000f0     driverlib.a : udma.obj (.text:uDMAChannelTransferSet)
                  2000b280    000000ec     simplelink.a : device.obj (.text:sl_Start)
                  2000b36c    000000e8                  : driver.obj (.text:_SlAsyncEventGenericHandler)
                  2000b454    000000e8                  : driver.obj (.text:_SlDrvMsgReadSpawnCtx)
                  2000b53c    000000e4                  : netapp.obj (.text:sl_NetAppMDNSRegisterUnregisterService)
                  2000b620    000000dc                  : driver.obj (.text:_SlDrvClassifyRxMsg)
                  2000b6fc    000000cc                  : netapp.obj (.text:_sl_HandleAsync_DnsGetHostByService)
                  2000b7c8    000000cc                  : device.obj (.text:sl_DevGet)
                  2000b894    000000c4                  : driver.obj (.text:_SlRemoveFromList)
                  2000b958    000000c0                  : driver.obj (.text:_SlDrvCmdOp)
                  2000ba18    000000be     rtsv7M4_T_le_eabi.lib : xdnorm.obj (.text)
                  2000bad6    00000002     --HOLE-- [fill = 0]
                  2000bad8    000000b0     simplelink.a : nonos.obj (.text:_SlNonOsSemGet)
                  2000bb88    000000a8     driverlib.a : interrupt.obj (.text:IntDisable)
                  2000bc30    000000a8                 : interrupt.obj (.text:IntEnable)
                  2000bcd8    000000a4     simplelink.a : driver.obj (.text:_SlDriverHandleError)
                  2000bd7c    000000a0     driverlib.a : spi.obj (.text:SPIConfigSetExpClk)
                  2000be1c    000000a0     simplelink.a : socket.obj (.text:sl_Recv)
                  2000bebc    0000009c     rtsv7M4_T_le_eabi.lib : memcpy_t2.obj (.text)
                  2000bf58    0000009a     simplelink.a : device.obj (.text:_SlDrvDeviceEventHandler)
                  2000bff2    00000002     --HOLE-- [fill = 0]
                  2000bff4    00000098                  : netcfg.obj (.text:sl_NetCfgSet)
                  2000c08c    00000098                  : socket.obj (.text:sl_SetSockOpt)
                  2000c124    00000098                  : wlan.obj (.text:sl_WlanSet)
                  2000c1bc    00000098                  : cc_pal.obj (.text:spi_Write)
                  2000c254    00000094     driverlib.a : prcm.obj (.text:PRCMPeripheralClockGet)
                  2000c2e8    00000090     simplelink.a : netapp.obj (.text:_sl_HandleAsync_DnsGetHostByName)
                  2000c378    00000090                  : netapp.obj (.text:_sl_HandleAsync_PingResponse)
                  2000c408    00000090                  : wlan.obj (.text:sl_WlanPolicySet)
                  2000c498    0000008c                  : cc_pal.obj (.text:SetupDMAReceive)
                  2000c524    0000008c                  : cc_pal.obj (.text:SetupDMASend)
                  2000c5b0    0000008c                  : driver.obj (.text:_SlDrvIsTimeoutExpired)
                  2000c63c    0000008c                  : device.obj (.text:_sl_HandleAsync_InitComplete)
                  2000c6c8    0000008c                  : socket.obj (.text:sl_Socket)
                  2000c754    00000088     driverlib.a : pin.obj (.text:PinConfigSet)
                  2000c7dc    00000088     rtsv7M4_T_le_eabi.lib : vsnprintf.obj (.text)
                  2000c864    00000086                           : fd_cmp_t2.obj (.text:__aeabi_cdcmple)
                  2000c8ea    00000086                           : fd_cmp_t2.obj (.text:__aeabi_cdrcmple)
                  2000c970    00000084     simplelink.a : wlan.obj (.text:sl_WlanRxFilterSet)
                  2000c9f4    00000080                  : socket.obj (.text:_sl_HandleAsync_Connect)
                  2000ca74    00000080                  : cc_pal.obj (.text:spi_Read_CPU)
                  2000caf4    00000080                  : cc_pal.obj (.text:spi_Write_CPU)
                  2000cb74    0000007a     rtsv7M4_T_le_eabi.lib : memset_t2.obj (.text)
                  2000cbee    00000002     --HOLE-- [fill = 0]
                  2000cbf0    00000078     simplelink.a : cc_pal.obj (.text:spi_Close)
                  2000cc68    00000076     driverlib.a : uart.obj (.text:UARTConfigSetExpClk)
                  2000ccde    00000002     --HOLE-- [fill = 0]
                  2000cce0    00000074     simplelink.a : nonos.obj (.text:_SlNonOsMainLoopTask)
                  2000cd54    0000006c                  : driver.obj (.text:_SlDrvCmdSend)
                  2000cdc0    0000006c                  : netapp.obj (.text:_sl_NetAppSendTokenValue)
                  2000ce2c    0000006c     rtsv7M4_T_le_eabi.lib : autoinit.obj (.text)
                  2000ce98    0000006a                           : copy_decompress_rle.obj (.text)
                  2000cf02    00000066                           : xdunscal.obj (.text)
                  2000cf68    00000064     simplelink.a : nonos.obj (.text:_SlNonOsSpawn)
                  2000cfcc    00000064                  : socket.obj (.text:_sl_HandleAsync_Accept)
                  2000d030    00000064                  : netapp.obj (.text:sl_NetAppMDNSUnRegisterService)
                  2000d094    00000064     driverlib.a : udma.obj (.text:uDMAChannelAttributeDisable)
                  2000d0f8    00000064                 : udma.obj (.text:uDMAChannelAttributeEnable)
                  2000d15c    00000060     simplelink.a : socket.obj (.text:sl_Close)
                  2000d1bc    00000060                  : wlan.obj (.text:sl_WlanProfileDel)
                  2000d21c    00000060                  : wlan.obj (.text:sl_WlanSetMode)
                  2000d27c    00000058     driverlib.a : interrupt.obj (.text:IntPendClear)
                  2000d2d4    00000058                 : prcm.obj (.text:PRCMPeripheralReset)
                  2000d32c    00000054                 : interrupt.obj (.text:IntPrioritySet)
                  2000d380    00000054     simplelink.a : driver.obj (.text:_SlDrvRxIrqHandler)
                  2000d3d4    00000054                  : socket.obj (.text:_sl_HandleAsync_Select)
                  2000d428    00000054     rtsv7M4_T_le_eabi.lib : ltoa.obj (.text)
                  2000d47c    00000050     simplelink.a : device.obj (.text:_sl_HandleAsync_Stop)
                  2000d4cc    0000004c     driverlib.a : spi.obj (.text:SPIIntEnable)
                  2000d518    0000004c                 : spi.obj (.text:SPIIntNumberGet)
                  2000d564    0000004c     simplelink.a : driver.obj (.text:_SlDrvProtectAsyncRespSetting)
                  2000d5b0    0000004c                  : socket.obj (.text:_sl_BuildAddress)
                  2000d5fc    0000004c     rtsv7M4_T_le_eabi.lib : atoi.obj (.text)
                  2000d648    0000004c                           : cpy_tbl.obj (.text)
                  2000d694    0000004c     driverlib.a : udma.obj (.text:uDMAChannelAssign)
                  2000d6e0    00000048                 : spi.obj (.text:SPIIntClear)
                  2000d728    00000048     simplelink.a : driver.obj (.text:_SlDrvBasicCmd)
                  2000d770    00000048     rtsv7M4_T_le_eabi.lib : fd_toi_t2.obj (.text)
                  2000d7b8    00000046                           : ldexp.obj (.text)
                  2000d7fe    00000002     --HOLE-- [fill = 0]
                  2000d800    00000044     driverlib.a : spi.obj (.text:SPIDmaMaskGet)
                  2000d844    00000044                 : timer.obj (.text:TimerConfigure)
                  2000d888    00000044     simplelink.a : driver.obj (.text:_SlDrvSyncObjWaitTimeout)
                  2000d8cc    00000044                  : cc_pal.obj (.text:cc_SetupTransfer)
                  2000d910    00000044     rtsv7M4_T_le_eabi.lib : exit.obj (.text)
                  2000d954    00000042     simplelink.a : socket.obj (.text:sl_Htonl)
                  2000d996    00000002     --HOLE-- [fill = 0]
                  2000d998    00000040     driverlib.a : pin.obj (.text:PinModeSet)
                  2000d9d8    00000040     simplelink.a : socket.obj (.text:_sl_TruncatePayloadByProtocol)
                  2000da18    00000040     rtsv7M4_T_le_eabi.lib : signal.obj (.text)
                  2000da58    0000003e     simplelink.a : cc_pal.obj (.text:NwpRegisterInterruptHandler)
                  2000da96    0000003c                  : netapp.obj (.text:CopyPingResultsToReport)
                  2000dad2    00000002     --HOLE-- [fill = 0]
                  2000dad4    0000003c     driverlib.a : prcm.obj (.text:PRCMPeripheralClkEnable)
                  2000db10    0000003c     rtsv7M4_T_le_eabi.lib : boot.obj (.text)
                  2000db4c    0000003c     simplelink.a : cc_pal.obj (.text:simplelink_timerA2_start)
                  2000db88    0000003c                  : socket.obj (.text:sl_Htons)
                  2000dbc4    0000003c     driverlib.a : udma.obj (.text:uDMAChannelControlSet)
                  2000dc00    00000038     simplelink.a : cc_pal.obj (.text:NwpPowerOff)
                  2000dc38    00000038                  : wlan.obj (.text:sl_WlanDisconnect)
                  2000dc70    00000034     driverlib.a : prcm.obj (.text:PRCMPeripheralStatusGet)
                  2000dca4    00000034                 : spi.obj (.text:SPIFIFOLevelSet)
                  2000dcd8    00000034     pinmux.obj (.text)
                  2000dd0c    00000034     rtsv7M4_T_le_eabi.lib : feraiseexcept.obj (.text)
                  2000dd40    00000030     driverlib.a : uart.obj (.text:UARTDisable)
                  2000dd70    00000030     rtsv7M4_T_le_eabi.lib : xferaise.obj (.text)
                  2000dda0    0000002e                           : i_tofd_t2.obj (.text)
                  2000ddce    0000002e                           : raise.obj (.text)
                  2000ddfc    0000002c     simplelink.a : cc_pal.obj (.text:NwpPowerOn)
                  2000de28    0000002c     driverlib.a : prcm.obj (.text:PRCMSysResetCauseGet)
                  2000de54    0000002c     simplelink.a : driver.obj (.text:_SlDrvObjGlobalLockWaitForever)
                  2000de80    0000002c                  : driver.obj (.text:_SlDrvProtectionObjLockWaitForever)
                  2000deac    0000002a     driverlib.a : timer.obj (.text:TimerLoadSet)
                  2000ded6    0000002a                 : timer.obj (.text:TimerPrescaleSet)
                  2000df00    00000028                 : prcm.obj (.text:PRCMPeripheralClkDisable)
                  2000df28    00000028     simplelink.a : driver.obj (.text:_SlDrvGlobalObjUnLock)
                  2000df50    00000028                  : driver.obj (.text:_SlDrvProtectionObjUnLock)
                  2000df78    00000028                  : driver.obj (.text:_SlDrvSyncObjWaitForever)
                  2000dfa0    00000026                  : driver.obj (.text:_SlDrvObjLockWaitForever)
                  2000dfc6    00000026     rtsv7M4_T_le_eabi.lib : strncmp.obj (.text)
                  2000dfec    00000024     simplelink.a : cc_pal.obj (.text:DmaSpiSwIntHandler)
                  2000e010    00000024     driverlib.a : interrupt.obj (.text:IntUnregister)
                  2000e034    00000024                 : uart.obj (.text:UARTEnable)
                  2000e058    00000024     rtsv7M4_T_le_eabi.lib : memmov.obj (.text)
                  2000e07c    00000022     driverlib.a : spi.obj (.text:SPIReset)
                  2000e09e    00000022                 : spi.obj (.text:SPIWordCountSet)
                  2000e0c0    00000022     rtsv7M4_T_le_eabi.lib : frexp.obj (.text)
                  2000e0e2    00000002     --HOLE-- [fill = 0]
                  2000e0e4    00000020     driverlib.a : interrupt.obj (.text:IntRegister)
                  2000e104    00000020     simplelink.a : cc_pal.obj (.text:NwpPrePowerOffTimout0)
                  2000e124    00000020                  : cc_pal.obj (.text:TimerGetCurrentTimestamp)
                  2000e144    00000020                  : driver.obj (.text:_SlDrvObjUnLock)
                  2000e164    00000020                  : driver.obj (.text:_SlDrvSyncObjSignal)
                  2000e184    0000001e     driverlib.a : timer.obj (.text:TimerEnable)
                  2000e1a2    0000001e                 : uart.obj (.text:UARTCharPut)
                  2000e1c0    0000001e     simplelink.a : cc_pal.obj (.text:cc_UDMAChannelSelect)
                  2000e1de    0000001c     driverlib.a : pin.obj (.text:PinTypeI2C)
                  2000e1fa    0000001c                 : timer.obj (.text:TimerValueGet)
                  2000e216    0000001c                 : uart.obj (.text:UARTCharGetNonBlocking)
                  2000e232    0000001c     simplelink.a : driver.obj (.text:_SlDrvStartMeasureTimeout)
                  2000e24e    0000001c     rtsv7M4_T_le_eabi.lib : memccpy.obj (.text)
                  2000e26a    00000002     --HOLE-- [fill = 0]
                  2000e26c    0000001c     driverlib.a : udma.obj (.text:uDMAChannelEnable)
                  2000e288    0000001a                 : pin.obj (.text:PinTypeUART)
                  2000e2a2    0000001a                 : spi.obj (.text:SPIDmaDisable)
                  2000e2bc    0000001a                 : spi.obj (.text:SPIDmaEnable)
                  2000e2d6    0000001a                 : spi.obj (.text:SPIFIFODisable)
                  2000e2f0    0000001a                 : spi.obj (.text:SPIFIFOEnable)
                  2000e30a    0000001a                 : spi.obj (.text:SPIIntUnregister)
                  2000e324    00000018                 : spi.obj (.text:SPICSDisable)
                  2000e33c    00000018                 : spi.obj (.text:SPICSEnable)
                  2000e354    00000018                 : spi.obj (.text:SPIDisable)
                  2000e36c    00000018                 : spi.obj (.text:SPIEnable)
                  2000e384    00000018                 : uart.obj (.text:UARTCharsAvail)
                  2000e39c    00000018     simplelink.a : nonos.obj (.text:_SlNonOsSemSet)
                  2000e3b4    00000018                  : device.obj (.text:_sl_GetStartResponseConvert)
                  2000e3cc    00000018     rtsv7M4_T_le_eabi.lib : args_main.obj (.text)
                  2000e3e4    00000018                           : strcmp.obj (.text)
                  2000e3fc    00000016     driverlib.a : prcm.obj (.text:PRCMHIBRegRead)
                  2000e412    00000016                 : prcm.obj (.text:PRCMHIBRegWrite)
                  2000e428    00000016     simplelink.a : driver.obj (.text:_SlDrvMemZero)
                  2000e43e    00000016     rtsv7M4_T_le_eabi.lib : strchr.obj (.text)
                  2000e454    00000014     driverlib.a : cpu.obj (.text:CPUcpsie)
                  2000e468    00000014                 : interrupt.obj (.text:IntVTableBaseSet)
                  2000e47c    00000014     rtsv7M4_T_le_eabi.lib : _lock.obj (.text)
                  2000e490    00000014                           : strcpy.obj (.text)
                  2000e4a4    00000014                           : strlen.obj (.text)
                  2000e4b8    00000010     simplelink.a : driver.obj (.text:_SlDrvDispatchHttpServerEvents)
                  2000e4c8    0000000e                  : driver.obj (.text:_SlDrvResetCmdExt)
                  2000e4d6    0000000e     rtsv7M4_T_le_eabi.lib : copy_decompress_none.obj (.text:decompress:none)
                  2000e4e4    0000000e     startup_ccs.obj (.text)
                  2000e4f2    00000002     --HOLE-- [fill = 0]
                  2000e4f4    0000000c     simplelink.a : cc_pal.obj (.text:NwpMaskInterrupt)
                  2000e500    0000000c                  : cc_pal.obj (.text:NwpUnMaskInterrupt)
                  2000e50c    0000000c     rtsv7M4_T_le_eabi.lib : copy_zero_init.obj (.text:decompress:ZI)
                  2000e518    0000000a     driverlib.a : interrupt.obj (.text:IntMasterEnable)
                  2000e522    00000006                 : utils.obj (.text:UtilsDelay)
                  2000e528    00000006     rtsv7M4_T_le_eabi.lib : copy_decompress_rle.obj (.text:decompress:rle24)
                  2000e52e    00000004                           : pre_init.obj (.text)

.const     0    2000e534    00000650     
                  2000e534    00000101     rtsv7M4_T_le_eabi.lib : ctype.obj (.const:.string:_ctypes_)
                  2000e635    00000003     --HOLE-- [fill = 0]
                  2000e638    00000100     driverlib.a : pin.obj (.const:g_ulPinToPadMap)
                  2000e738    000000d4                 : interrupt.obj (.const:g_pulRegs)
                  2000e80c    000000a8                 : prcm.obj (.const:PRCM_PeriphRegsList)
                  2000e8b4    00000080                 : interrupt.obj (.const)
                  2000e934    00000040     main.obj (.const)
                  2000e974    0000003e     main.obj (.const:.string)
                  2000e9b2    0000003c     simplelink.a : driver.obj (.const:OpcodeTranslateTable)
                  2000e9ee    00000002     --HOLE-- [fill = 0]
                  2000e9f0    00000038                  : driver.obj (.const:_SlActionLookupTable)
                  2000ea28    0000002c     main.obj (.const:$P$T1$2)
                  2000ea54    00000024     driverlib.a : spi.obj (.const:g_ppulSPIIntMap)
                  2000ea78    00000022     main.obj (.const:.string:$P$T0$1)
                  2000ea9a    00000002     --HOLE-- [fill = 0]
                  2000ea9c    00000020     simplelink.a : driver.obj (.const:RxMsgClassLUT)
                  2000eabc    00000018     driverlib.a : spi.obj (.const)
                  2000ead4    00000014     simplelink.a : driver.obj (.const:$P$T0$1)
                  2000eae8    00000014                  : nonos.obj (.const:$P$T0$1)
                  2000eafc    00000010                  : socket.obj (.const:.string:_SlPayloadByProtocolLUT)
                  2000eb0c    00000010     webclient.a : httpcli.obj (.const)
                  2000eb1c    00000008                 : httpcli.obj (.const:.string)
                  2000eb24    00000008     simplelink.a : device.obj (.const:StartResponseLUT)
                  2000eb2c    00000008                  : driver.obj (.const:g_H2NCnysPattern)
                  2000eb34    00000008                  : driver.obj (.const:g_H2NSyncPattern)
                  2000eb3c    00000004                  : wlan.obj (.const:$P$T0$1)
                  2000eb40    00000004                  : socket.obj (.const:$P$T2$3)
                  2000eb44    00000004                  : device.obj (.const:_SlDeviceGetCmdCtrl)
                  2000eb48    00000004                  : netapp.obj (.const:_SlGetHostByNameCtrl)
                  2000eb4c    00000004                  : netapp.obj (.const:_SlNetAppSendTokenValueCmdCtrl)
                  2000eb50    00000004                  : netcfg.obj (.const:_SlNetCfgSetCmdCtrl)
                  2000eb54    00000004                  : wlan.obj (.const:_SlPolicySetCmdCtrl)
                  2000eb58    00000004                  : wlan.obj (.const:_SlProfileDelCmdCtrl)
                  2000eb5c    00000004                  : socket.obj (.const:_SlRecvCmdCtrl)
                  2000eb60    00000004                  : netapp.obj (.const:_SlRegisterServiceCtrl)
                  2000eb64    00000004                  : wlan.obj (.const:_SlRxFilterSetCmdCtrl)
                  2000eb68    00000004                  : socket.obj (.const:_SlSendCmdCtrl)
                  2000eb6c    00000004                  : socket.obj (.const:_SlSetSockOptCmdCtrl)
                  2000eb70    00000004                  : socket.obj (.const:_SlSockCloseCmdCtrl)
                  2000eb74    00000004                  : socket.obj (.const:_SlSockSocketCmdCtrl)
                  2000eb78    00000004                  : device.obj (.const:_SlStopCmdCtrl)
                  2000eb7c    00000004                  : wlan.obj (.const:_SlWlanCfgSetCmdCtrl)
                  2000eb80    00000004                  : wlan.obj (.const:_SlWlanSetModeCmdCtrl)

.cinit     0    2000eb88    00000078     
                  2000eb88    00000053     (.cinit..data.load) [load image, compression = rle]
                  2000ebdb    00000001     --HOLE-- [fill = 0]
                  2000ebdc    0000000c     (__TI_handler_table)
                  2000ebe8    00000008     (.cinit..bss.load) [load image, compression = zero_init]
                  2000ebf0    00000010     (__TI_cinit_table)

.sysmem    0    20017000    00000800     UNINITIALIZED
                  20017000    00000008     rtsv7M4_T_le_eabi.lib : memory.obj (.sysmem)
                  20017008    000007f8     --HOLE--

.bss       0    20017800    000007a7     UNINITIALIZED
                  20017800    000005b8     main.obj (.bss:g_buff)
                  20017db8    00000168     simplelink.a : driver.obj (.bss:g_StatMem)
                  20017f20    00000050     (.common:g_ucDinDout)
                  20017f70    00000024     main.obj (.bss:g_ucConnectionSSID)
                  20017f94    00000008     (.common:g_ucConnectionBSSID)
                  20017f9c    00000004     (.common:__Errorlog)
                  20017fa0    00000004     (.common:g_ulDestinationIP)
                  20017fa4    00000001     (.common:RxIrqCnt)
                  20017fa5    00000001     (.common:g_bDeviceRestartIsRequired)
                  20017fa6    00000001     (.common:g_cDummy)

.TI.noinit 
*          0    20017800    00000000     UNINITIALIZED

.data      0    20017fa8    00000218     UNINITIALIZED
                  20017fa8    000000b0     rtsv7M4_T_le_eabi.lib : signal.obj (.data:sigtable)
                  20018058    00000080                           : xvalues.obj (.data)
                  200180d8    00000048     webclient.a : httpcli.obj (.data:tlsParams)
                  20018120    0000003c     simplelink.a : nonos.obj (.data:g__SlNonOsCB)
                  2001815c    00000010     webclient.a : httpcli.obj (.data)
                  2001816c    0000000d     simplelink.a : driver.obj (.data)
                  20018179    00000003     --HOLE--
                  2001817c    0000000c     main.obj (.data)
                  20018188    0000000c     rtsv7M4_T_le_eabi.lib : memory.obj (.data)
                  20018194    00000009     simplelink.a : cc_pal.obj (.data)
                  2001819d    00000003     --HOLE--
                  200181a0    00000008     rtsv7M4_T_le_eabi.lib : _lock.obj (.data)
                  200181a8    00000008                           : exit.obj (.data)
                  200181b0    00000008                           : feraiseexcept.obj (.data)
                  200181b8    00000004                           : errno.obj (.data)
                  200181bc    00000004                           : stkdepth_vars.obj (.data)

.TI.persistent 
*          0    20017fa8    00000000     UNINITIALIZED

.stack     0    2002f800    00000800     UNINITIALIZED
                  2002f800    00000800     --HOLE--


LINKER GENERATED COPY TABLES

__TI_cinit_table @ 2000ebf0 records: 2, size/record: 8, table size: 16
	.data: load addr=2000eb88, load size=00000053 bytes, run addr=20017fa8, run size=00000218 bytes, compression=rle
	.bss: load addr=2000ebe8, load size=00000008 bytes, run addr=20017800, run size=000007a7 bytes, compression=zero_init


LINKER GENERATED HANDLER TABLE

__TI_handler_table @ 2000ebdc records: 3, size/record: 4, table size: 12
	index: 0, handler: __TI_decompress_rle24
	index: 1, handler: __TI_decompress_none
	index: 2, handler: __TI_zero_init


GLOBAL SYMBOLS: SORTED ALPHABETICALLY BY Name 

address   name                                  
-------   ----                                  
2000d911  C$$EXIT                               
2000e455  CPUcpsie                              
20008b15  ClearTerm                             
2000dfed  DmaSpiSwIntHandler                    
20008b1f  Error                                 
20008b57  GetCmd                                
200071f3  HTTPCli_connect                       
20007315  HTTPCli_construct                     
2000735d  HTTPCli_create                        
20007375  HTTPCli_delete                        
200073ab  HTTPCli_destruct                      
200073f3  HTTPCli_disconnect                    
20007629  HTTPCli_getResponseField              
200075f3  HTTPCli_getResponseStatus             
200070e5  HTTPCli_initSockAddr                  
20007839  HTTPCli_readRawResponseBody           
200077ad  HTTPCli_readResponseBody              
20007563  HTTPCli_sendField                     
20007495  HTTPCli_sendRequest                   
200075bb  HTTPCli_sendRequestBody               
20007879  HTTPCli_setProxy                      
20007429  HTTPCli_setRequestFields              
2000744f  HTTPCli_setResponseFields             
20007475  HTTPCli_setSecureParams               
20008ad5  InitTerm                              
2000bb89  IntDisable                            
2000bc31  IntEnable                             
2000e519  IntMasterEnable                       
2000d27d  IntPendClear                          
2000d32d  IntPrioritySet                        
2000e0e5  IntRegister                           
2000e011  IntUnregister                         
2000e469  IntVTableBaseSet                      
20008af3  Message                               
2000e4f5  NwpMaskInterrupt                      
2000dc01  NwpPowerOff                           
2000ddfd  NwpPowerOn                            
2000e105  NwpPrePowerOffTimout0                 
2000da59  NwpRegisterInterruptHandler           
2000e501  NwpUnMaskInterrupt                    
2000e9b2  OpcodeTranslateTable                  
20009fe9  PRCMCC3200MCUInit                     
2000e3fd  PRCMHIBRegRead                        
2000e413  PRCMHIBRegWrite                       
2000df01  PRCMPeripheralClkDisable              
2000dad5  PRCMPeripheralClkEnable               
2000c255  PRCMPeripheralClockGet                
2000d2d5  PRCMPeripheralReset                   
2000dc71  PRCMPeripheralStatusGet               
2000de29  PRCMSysResetCauseGet                  
20004d9d  ParseJSONData                         
2000c755  PinConfigSet                          
2000d999  PinModeSet                            
2000dcd9  PinMuxConfig                          
2000e1df  PinTypeI2C                            
2000e289  PinTypeUART                           
20008c95  Report                                
2000e4e5  ResetISR                              
20017fa4  RxIrqCnt                              
UNDEFED   SHT$$INIT_ARRAY$$Base                 
UNDEFED   SHT$$INIT_ARRAY$$Limit                
2000e325  SPICSDisable                          
2000e33d  SPICSEnable                           
2000bd7d  SPIConfigSetExpClk                    
2000e355  SPIDisable                            
2000e2a3  SPIDmaDisable                         
2000e2bd  SPIDmaEnable                          
2000e36d  SPIEnable                             
2000e2d7  SPIFIFODisable                        
2000e2f1  SPIFIFOEnable                         
2000dca5  SPIFIFOLevelSet                       
2000d6e1  SPIIntClear                           
2000d4cd  SPIIntEnable                          
2000e30b  SPIIntUnregister                      
2000e07d  SPIReset                              
2000e09f  SPIWordCountSet                       
200045c9  SimpleLinkGeneralEventHandler         
200045a1  SimpleLinkHttpServerCallback          
20004509  SimpleLinkNetAppEventHandler          
200045df  SimpleLinkSockEventHandler            
20004401  SimpleLinkWlanEventHandler            
20008801  Ssock_construct                       
20008841  Ssock_create                          
2000885b  Ssock_delete                          
20008883  Ssock_destruct                        
200088d5  Ssock_getSocket                       
200088e3  Ssock_recv                            
2000893d  Ssock_recvall                         
20008981  Ssock_send                            
20008a9b  Ssock_startSecure                     
2000d845  TimerConfigure                        
2000e185  TimerEnable                           
2000e125  TimerGetCurrentTimestamp              
2000dead  TimerLoadSet                          
2000ded7  TimerPrescaleSet                      
2000e1fb  TimerValueGet                         
20008bfd  TrimSpace                             
2000e217  UARTCharGetNonBlocking                
2000e1a3  UARTCharPut                           
2000e385  UARTCharsAvail                        
2000cc69  UARTConfigSetExpClk                   
2000dd41  UARTDisable                           
2000e035  UARTEnable                            
2000e523  UtilsDelay                            
20018058  _Denorm                               
2000ba19  _Dnorm                                
2000aca1  _Dscale                               
2000cf03  _Dunscale                             
20018068  _Eps                                  
200181b8  _Errno                                
200181b0  _Fenv                                 
2000dd71  _Feraise                              
20018078  _Hugeval                              
20018088  _Inf                                  
20018098  _Nan                                  
200180b8  _Rteps                                
2000e9f0  _SlActionLookupTable                  
2000bcd9  _SlDriverHandleError                  
2000d729  _SlDrvBasicCmd                        
2000b959  _SlDrvCmdOp                           
2000cd55  _SlDrvCmdSend                         
20009411  _SlDrvDataReadOp                      
2000a2d1  _SlDrvDataWriteOp                     
2000bf59  _SlDrvDeviceEventHandler              
2000e4b9  _SlDrvDispatchHttpServerEvents        
2000aa5d  _SlDrvDriverCBDeinit                  
2000997d  _SlDrvDriverCBInit                    
2000df29  _SlDrvGlobalObjUnLock                 
2000c5b1  _SlDrvIsTimeoutExpired                
2000e429  _SlDrvMemZero                         
2000b455  _SlDrvMsgReadSpawnCtx                 
2000adb1  _SlDrvNetAppEventHandler              
2000dfa1  _SlDrvObjLockWaitForever              
2000e145  _SlDrvObjUnLock                       
2000d565  _SlDrvProtectAsyncRespSetting         
2000de81  _SlDrvProtectionObjLockWaitForever    
2000df51  _SlDrvProtectionObjUnLock             
200095f5  _SlDrvReleasePoolObj                  
2000e4c9  _SlDrvResetCmdExt                     
2000d381  _SlDrvRxIrqHandler                    
2000e233  _SlDrvStartMeasureTimeout             
2000e165  _SlDrvSyncObjSignal                   
2000df79  _SlDrvSyncObjWaitForever              
2000d889  _SlDrvSyncObjWaitTimeout              
20009ccd  _SlDrvWaitForPoolObj                  
2000eb4c  _SlNetAppSendTokenValueCmdCtrl        
2000cce1  _SlNonOsMainLoopTask                  
2000bad9  _SlNonOsSemGet                        
2000e39d  _SlNonOsSemSet                        
2000cf69  _SlNonOsSpawn                         
200180a8  _Snan                                 
200181b4  _Tls_setup__Fenv                      
200180c8  _Xbig                                 
200180d0  _Zero                                 
20030000  __STACK_END                           
00000800  __STACK_SIZE                          
00000800  __SYSMEM_SIZE                         
2000ebf0  __TI_CINIT_Base                       
2000ec00  __TI_CINIT_Limit                      
2000ebdc  __TI_Handler_Table_Base               
2000ebe8  __TI_Handler_Table_Limit              
2000ce2d  __TI_auto_init                        
200181a8  __TI_cleanup_ptr                      
2000e4d7  __TI_decompress_none                  
2000e529  __TI_decompress_rle24                 
200181ac  __TI_dtors_ptr                        
200065bf  __TI_printfi                          
2000eb88  __TI_static_base__                    
2000e50d  __TI_zero_init                        
2000c865  __aeabi_cdcmpeq                       
2000c865  __aeabi_cdcmple                       
2000c8eb  __aeabi_cdrcmple                      
2000d771  __aeabi_d2iz                          
200097cf  __aeabi_dadd                          
2000a7f1  __aeabi_ddiv                          
2000aeb5  __aeabi_dmul                          
200097c5  __aeabi_dsub                          
2000dda1  __aeabi_i2d                           
2000cb75  __aeabi_memclr                        
2000cb75  __aeabi_memclr4                       
2000cb75  __aeabi_memclr8                       
2000bebd  __aeabi_memcpy                        
2000bebd  __aeabi_memcpy4                       
2000bebd  __aeabi_memcpy8                       
2000cb77  __aeabi_memset                        
2000cb77  __aeabi_memset4                       
2000cb77  __aeabi_memset8                       
2000921d  __aeabi_uldivmod                      
ffffffff  __binit__                             
ffffffff  __c_args__                            
2002f800  __stack                               
2000e3cd  _args_main                            
2000db11  _c_int00                              
2000e534  _ctypes_                              
200181a0  _lock                                 
2000e48b  _nop                                  
2000e483  _register_lock                        
2000e47d  _register_unlock                      
2000cfcd  _sl_HandleAsync_Accept                
2000c9f5  _sl_HandleAsync_Connect               
2000c2e9  _sl_HandleAsync_DnsGetHostByName      
2000b6fd  _sl_HandleAsync_DnsGetHostByService   
2000c63d  _sl_HandleAsync_InitComplete          
2000c379  _sl_HandleAsync_PingResponse          
2000d3d5  _sl_HandleAsync_Select                
2000d47d  _sl_HandleAsync_Stop                  
2000cdc1  _sl_NetAppSendTokenValue              
20017000  _sys_memory                           
2000e52f  _system_pre_init                      
200181a4  _unlock                               
2000d915  abort                                 
2000d5fd  atoi                                  
ffffffff  binit                                 
2000690f  bufferedRecv                          
20018184  bytesReceived                         
200087b5  calloc                                
2000d649  copy_in                               
2000d91d  exit                                  
2000dd0d  feraiseexcept                         
20008503  free                                  
2000e0c1  frexp                                 
2001816c  g_SlDeviceStatus                      
20018194  g_SpiFd                               
20018120  g__SlNonOsCB                          
20017fa5  g_bDeviceRestartIsRequired            
20017800  g_buff                                
20017fa6  g_cDummy                              
20018170  g_pCB                                 
20018198  g_pHostIntHdl                         
20004000  g_pfnVectors                          
20017f94  g_ucConnectionBSSID                   
20017f70  g_ucConnectionSSID                    
2001819c  g_ucDMAEnabled                        
20017f20  g_ucDinDout                           
20017fa0  g_ulDestinationIP                     
20018180  g_ulGatewayIP                         
2001817c  g_ulStatus                            
20007e5f  jsmn_init                             
20007b4d  jsmn_parse                            
2000d7b9  ldexp                                 
2000d429  ltoa                                  
20005561  main                                  
200181bc  main_func_sp                          
2000849b  malloc                                
200086d1  memalign                              
2000e24f  memccpy                               
2000bebd  memcpy                                
2000e059  memmove                               
2000cb7d  memset                                
2000840d  minit                                 
20018174  pPingCallBackFunc                     
2000ddcf  raise                                 
200085c5  realloc                               
2000da19  signal                                
2000db4d  simplelink_timerA2_start              
2000d15d  sl_Close                              
20009e5d  sl_Connect                            
2000b7c9  sl_DevGet                             
2000d955  sl_Htonl                              
2000db89  sl_Htons                              
2000a6ad  sl_NetAppDnsGetHostByName             
2000b53d  sl_NetAppMDNSRegisterUnregisterService
2000d031  sl_NetAppMDNSUnRegisterService        
2000bff5  sl_NetCfgSet                          
2000be1d  sl_Recv                               
2000a929  sl_Send                               
2000c08d  sl_SetSockOpt                         
2000c6c9  sl_Socket                             
2000b281  sl_Start                              
2000afb1  sl_Stop                               
20008d55  sl_WlanConnect                        
2000dc39  sl_WlanDisconnect                     
2000c409  sl_WlanPolicySet                      
2000d1bd  sl_WlanProfileDel                     
2000c971  sl_WlanRxFilterSet                    
2000c125  sl_WlanSet                            
2000d21d  sl_WlanSetMode                        
2000cbf1  spi_Close                             
2000a421  spi_Open                              
2000b0a1  spi_Read                              
2000c1bd  spi_Write                             
2000e43f  strchr                                
2000e3e5  strcmp                                
2000e491  strcpy                                
2000e4a5  strlen                                
2000dfc7  strncmp                               
2000ab8d  strtoul                               
2000d695  uDMAChannelAssign                     
2000d095  uDMAChannelAttributeDisable           
2000d0f9  uDMAChannelAttributeEnable            
2000dbc5  uDMAChannelControlSet                 
2000e26d  uDMAChannelEnable                     
2000b191  uDMAChannelTransferSet                
2000c7dd  vsnprintf                             


GLOBAL SYMBOLS: SORTED BY Symbol Address 

address   name                                  
-------   ----                                  
00000800  __STACK_SIZE                          
00000800  __SYSMEM_SIZE                         
20004000  g_pfnVectors                          
20004401  SimpleLinkWlanEventHandler            
20004509  SimpleLinkNetAppEventHandler          
200045a1  SimpleLinkHttpServerCallback          
200045c9  SimpleLinkGeneralEventHandler         
200045df  SimpleLinkSockEventHandler            
20004d9d  ParseJSONData                         
20005561  main                                  
200065bf  __TI_printfi                          
2000690f  bufferedRecv                          
200070e5  HTTPCli_initSockAddr                  
200071f3  HTTPCli_connect                       
20007315  HTTPCli_construct                     
2000735d  HTTPCli_create                        
20007375  HTTPCli_delete                        
200073ab  HTTPCli_destruct                      
200073f3  HTTPCli_disconnect                    
20007429  HTTPCli_setRequestFields              
2000744f  HTTPCli_setResponseFields             
20007475  HTTPCli_setSecureParams               
20007495  HTTPCli_sendRequest                   
20007563  HTTPCli_sendField                     
200075bb  HTTPCli_sendRequestBody               
200075f3  HTTPCli_getResponseStatus             
20007629  HTTPCli_getResponseField              
200077ad  HTTPCli_readResponseBody              
20007839  HTTPCli_readRawResponseBody           
20007879  HTTPCli_setProxy                      
20007b4d  jsmn_parse                            
20007e5f  jsmn_init                             
2000840d  minit                                 
2000849b  malloc                                
20008503  free                                  
200085c5  realloc                               
200086d1  memalign                              
200087b5  calloc                                
20008801  Ssock_construct                       
20008841  Ssock_create                          
2000885b  Ssock_delete                          
20008883  Ssock_destruct                        
200088d5  Ssock_getSocket                       
200088e3  Ssock_recv                            
2000893d  Ssock_recvall                         
20008981  Ssock_send                            
20008a9b  Ssock_startSecure                     
20008ad5  InitTerm                              
20008af3  Message                               
20008b15  ClearTerm                             
20008b1f  Error                                 
20008b57  GetCmd                                
20008bfd  TrimSpace                             
20008c95  Report                                
20008d55  sl_WlanConnect                        
2000921d  __aeabi_uldivmod                      
20009411  _SlDrvDataReadOp                      
200095f5  _SlDrvReleasePoolObj                  
200097c5  __aeabi_dsub                          
200097cf  __aeabi_dadd                          
2000997d  _SlDrvDriverCBInit                    
20009ccd  _SlDrvWaitForPoolObj                  
20009e5d  sl_Connect                            
20009fe9  PRCMCC3200MCUInit                     
2000a2d1  _SlDrvDataWriteOp                     
2000a421  spi_Open                              
2000a6ad  sl_NetAppDnsGetHostByName             
2000a7f1  __aeabi_ddiv                          
2000a929  sl_Send                               
2000aa5d  _SlDrvDriverCBDeinit                  
2000ab8d  strtoul                               
2000aca1  _Dscale                               
2000adb1  _SlDrvNetAppEventHandler              
2000aeb5  __aeabi_dmul                          
2000afb1  sl_Stop                               
2000b0a1  spi_Read                              
2000b191  uDMAChannelTransferSet                
2000b281  sl_Start                              
2000b455  _SlDrvMsgReadSpawnCtx                 
2000b53d  sl_NetAppMDNSRegisterUnregisterService
2000b6fd  _sl_HandleAsync_DnsGetHostByService   
2000b7c9  sl_DevGet                             
2000b959  _SlDrvCmdOp                           
2000ba19  _Dnorm                                
2000bad9  _SlNonOsSemGet                        
2000bb89  IntDisable                            
2000bc31  IntEnable                             
2000bcd9  _SlDriverHandleError                  
2000bd7d  SPIConfigSetExpClk                    
2000be1d  sl_Recv                               
2000bebd  __aeabi_memcpy                        
2000bebd  __aeabi_memcpy4                       
2000bebd  __aeabi_memcpy8                       
2000bebd  memcpy                                
2000bf59  _SlDrvDeviceEventHandler              
2000bff5  sl_NetCfgSet                          
2000c08d  sl_SetSockOpt                         
2000c125  sl_WlanSet                            
2000c1bd  spi_Write                             
2000c255  PRCMPeripheralClockGet                
2000c2e9  _sl_HandleAsync_DnsGetHostByName      
2000c379  _sl_HandleAsync_PingResponse          
2000c409  sl_WlanPolicySet                      
2000c5b1  _SlDrvIsTimeoutExpired                
2000c63d  _sl_HandleAsync_InitComplete          
2000c6c9  sl_Socket                             
2000c755  PinConfigSet                          
2000c7dd  vsnprintf                             
2000c865  __aeabi_cdcmpeq                       
2000c865  __aeabi_cdcmple                       
2000c8eb  __aeabi_cdrcmple                      
2000c971  sl_WlanRxFilterSet                    
2000c9f5  _sl_HandleAsync_Connect               
2000cb75  __aeabi_memclr                        
2000cb75  __aeabi_memclr4                       
2000cb75  __aeabi_memclr8                       
2000cb77  __aeabi_memset                        
2000cb77  __aeabi_memset4                       
2000cb77  __aeabi_memset8                       
2000cb7d  memset                                
2000cbf1  spi_Close                             
2000cc69  UARTConfigSetExpClk                   
2000cce1  _SlNonOsMainLoopTask                  
2000cd55  _SlDrvCmdSend                         
2000cdc1  _sl_NetAppSendTokenValue              
2000ce2d  __TI_auto_init                        
2000cf03  _Dunscale                             
2000cf69  _SlNonOsSpawn                         
2000cfcd  _sl_HandleAsync_Accept                
2000d031  sl_NetAppMDNSUnRegisterService        
2000d095  uDMAChannelAttributeDisable           
2000d0f9  uDMAChannelAttributeEnable            
2000d15d  sl_Close                              
2000d1bd  sl_WlanProfileDel                     
2000d21d  sl_WlanSetMode                        
2000d27d  IntPendClear                          
2000d2d5  PRCMPeripheralReset                   
2000d32d  IntPrioritySet                        
2000d381  _SlDrvRxIrqHandler                    
2000d3d5  _sl_HandleAsync_Select                
2000d429  ltoa                                  
2000d47d  _sl_HandleAsync_Stop                  
2000d4cd  SPIIntEnable                          
2000d565  _SlDrvProtectAsyncRespSetting         
2000d5fd  atoi                                  
2000d649  copy_in                               
2000d695  uDMAChannelAssign                     
2000d6e1  SPIIntClear                           
2000d729  _SlDrvBasicCmd                        
2000d771  __aeabi_d2iz                          
2000d7b9  ldexp                                 
2000d845  TimerConfigure                        
2000d889  _SlDrvSyncObjWaitTimeout              
2000d911  C$$EXIT                               
2000d915  abort                                 
2000d91d  exit                                  
2000d955  sl_Htonl                              
2000d999  PinModeSet                            
2000da19  signal                                
2000da59  NwpRegisterInterruptHandler           
2000dad5  PRCMPeripheralClkEnable               
2000db11  _c_int00                              
2000db4d  simplelink_timerA2_start              
2000db89  sl_Htons                              
2000dbc5  uDMAChannelControlSet                 
2000dc01  NwpPowerOff                           
2000dc39  sl_WlanDisconnect                     
2000dc71  PRCMPeripheralStatusGet               
2000dca5  SPIFIFOLevelSet                       
2000dcd9  PinMuxConfig                          
2000dd0d  feraiseexcept                         
2000dd41  UARTDisable                           
2000dd71  _Feraise                              
2000dda1  __aeabi_i2d                           
2000ddcf  raise                                 
2000ddfd  NwpPowerOn                            
2000de29  PRCMSysResetCauseGet                  
2000de81  _SlDrvProtectionObjLockWaitForever    
2000dead  TimerLoadSet                          
2000ded7  TimerPrescaleSet                      
2000df01  PRCMPeripheralClkDisable              
2000df29  _SlDrvGlobalObjUnLock                 
2000df51  _SlDrvProtectionObjUnLock             
2000df79  _SlDrvSyncObjWaitForever              
2000dfa1  _SlDrvObjLockWaitForever              
2000dfc7  strncmp                               
2000dfed  DmaSpiSwIntHandler                    
2000e011  IntUnregister                         
2000e035  UARTEnable                            
2000e059  memmove                               
2000e07d  SPIReset                              
2000e09f  SPIWordCountSet                       
2000e0c1  frexp                                 
2000e0e5  IntRegister                           
2000e105  NwpPrePowerOffTimout0                 
2000e125  TimerGetCurrentTimestamp              
2000e145  _SlDrvObjUnLock                       
2000e165  _SlDrvSyncObjSignal                   
2000e185  TimerEnable                           
2000e1a3  UARTCharPut                           
2000e1df  PinTypeI2C                            
2000e1fb  TimerValueGet                         
2000e217  UARTCharGetNonBlocking                
2000e233  _SlDrvStartMeasureTimeout             
2000e24f  memccpy                               
2000e26d  uDMAChannelEnable                     
2000e289  PinTypeUART                           
2000e2a3  SPIDmaDisable                         
2000e2bd  SPIDmaEnable                          
2000e2d7  SPIFIFODisable                        
2000e2f1  SPIFIFOEnable                         
2000e30b  SPIIntUnregister                      
2000e325  SPICSDisable                          
2000e33d  SPICSEnable                           
2000e355  SPIDisable                            
2000e36d  SPIEnable                             
2000e385  UARTCharsAvail                        
2000e39d  _SlNonOsSemSet                        
2000e3cd  _args_main                            
2000e3e5  strcmp                                
2000e3fd  PRCMHIBRegRead                        
2000e413  PRCMHIBRegWrite                       
2000e429  _SlDrvMemZero                         
2000e43f  strchr                                
2000e455  CPUcpsie                              
2000e469  IntVTableBaseSet                      
2000e47d  _register_unlock                      
2000e483  _register_lock                        
2000e48b  _nop                                  
2000e491  strcpy                                
2000e4a5  strlen                                
2000e4b9  _SlDrvDispatchHttpServerEvents        
2000e4c9  _SlDrvResetCmdExt                     
2000e4d7  __TI_decompress_none                  
2000e4e5  ResetISR                              
2000e4f5  NwpMaskInterrupt                      
2000e501  NwpUnMaskInterrupt                    
2000e50d  __TI_zero_init                        
2000e519  IntMasterEnable                       
2000e523  UtilsDelay                            
2000e529  __TI_decompress_rle24                 
2000e52f  _system_pre_init                      
2000e534  _ctypes_                              
2000e9b2  OpcodeTranslateTable                  
2000e9f0  _SlActionLookupTable                  
2000eb4c  _SlNetAppSendTokenValueCmdCtrl        
2000eb88  __TI_static_base__                    
2000ebdc  __TI_Handler_Table_Base               
2000ebe8  __TI_Handler_Table_Limit              
2000ebf0  __TI_CINIT_Base                       
2000ec00  __TI_CINIT_Limit                      
20017000  _sys_memory                           
20017800  g_buff                                
20017f20  g_ucDinDout                           
20017f70  g_ucConnectionSSID                    
20017f94  g_ucConnectionBSSID                   
20017fa0  g_ulDestinationIP                     
20017fa4  RxIrqCnt                              
20017fa5  g_bDeviceRestartIsRequired            
20017fa6  g_cDummy                              
20018058  _Denorm                               
20018068  _Eps                                  
20018078  _Hugeval                              
20018088  _Inf                                  
20018098  _Nan                                  
200180a8  _Snan                                 
200180b8  _Rteps                                
200180c8  _Xbig                                 
200180d0  _Zero                                 
20018120  g__SlNonOsCB                          
2001816c  g_SlDeviceStatus                      
20018170  g_pCB                                 
20018174  pPingCallBackFunc                     
2001817c  g_ulStatus                            
20018180  g_ulGatewayIP                         
20018184  bytesReceived                         
20018194  g_SpiFd                               
20018198  g_pHostIntHdl                         
2001819c  g_ucDMAEnabled                        
200181a0  _lock                                 
200181a4  _unlock                               
200181a8  __TI_cleanup_ptr                      
200181ac  __TI_dtors_ptr                        
200181b0  _Fenv                                 
200181b4  _Tls_setup__Fenv                      
200181b8  _Errno                                
200181bc  main_func_sp                          
2002f800  __stack                               
20030000  __STACK_END                           
ffffffff  __binit__                             
ffffffff  __c_args__                            
ffffffff  binit                                 
UNDEFED   SHT$$INIT_ARRAY$$Base                 
UNDEFED   SHT$$INIT_ARRAY$$Limit                

[294 symbols]
